=== SptSet Space Group #7 ===
Host: n17.local
Date: Sun Mar  1 01:02:48 HKT 2026
Fresh start.
#I  polymake command not found. Please set POLYMAKE_COMMAND by hand
#I  HAP warning: Set DISPLAY_PATH manually if needed.
#I  HAP warning: Set BROWSER_PATH manually if needed.
#I  HAP warning: Set ASY_PATH manually if needed.
#E  component `License' must be bound to a nonempty string containing an SPDX \
ID
#E  component `ArchiveURL' must be bound to a string started with http://, htt\
ps:// or ftp://
#E  component `ArchiveFormats' must be bound to a string
#E  component `README_URL' must be bound to a string started with http://, htt\
ps:// or ftp://
#E  component `PackageInfoURL' must be bound to a string started with http://,\
 https:// or ftp://
#E  component `AbstractHTML' must be bound to a string
#E  component `PackageWWWHome' must be bound to a string started with http://,\
 https:// or ftp://
#E  component `ArchiveURLSubset' must be bound to a list of strings denoting r\
elative paths to readable files or directories
#E  component `HTMLStart' must be bound to a string denoting a relative path t\
o a readable file
#E  component `PDFFile' must be bound to a string denoting a relative path to \
a readable file
#E  component `LongTitle' must be bound to a string
#E Validation of package sptset from /home/user/xyren/software/gap-4.13.1/pkg/\
SptSet/ failed
============================================================
SptSet Checkpoint Driver
  Space group: #7
  Mode: ez
  Checkpoint file: /home/user/xyren/checkpoints/sg7.ws
  Parallel: JOBS=24 THRESHOLD=10 PHASE2=true
  Group structure: true
============================================================
Building resolution for SG #7...
  Resolution built in 1645 ms
  Dimensions: 1 4 7 8 8 8 8 
Spectral sequence created.

FRESH START — beginning computation.

Phase A: Classification (14 pages)
------------------------------------------------------------
Syntax warning: Unbound global variable in /home/user/xyren/software/gap-4.13.\
1/pkg/SptSet/jobs/checkpoint_driver.g:137
                  j_ -> Erpq_!.relations[j_][j_]), "\n");;
                        ^^^^^
[1/14] Computing E^{1,3}_2 (p+ip:)...
  E^{1,3}_2 = <ZL-Module with torsions [ 2, 0 ]>
  Generators: 2, torsion: [ 2, 0 ]
  Time: 11 ms  (elapsed: 1s)
  Checkpoint saved (step 1/14).

[2/14] Computing E^{1,3}_3 (p+ip:)...
    d2^{1,3}_2: 2 gens (target_dim=8) done [parallel, 24 workers, 174 ms]
    [checkpoint #1]
  E^{1,3}_3 = <ZL-Module with torsions [ 2, 0 ]>
  Generators: 2, torsion: [ 2, 0 ]
  Time: 2822 ms  (elapsed: 6s)
  Checkpoint saved (step 2/14).

[3/14] Computing E^{1,3}_4 (p+ip:)...
    d2^{2,2}_2: 7 gens (target_dim=8) done [parallel, 24 workers, 939 ms]
    [checkpoint #2]
    d2^{1,3}_3: 2 gens (target_dim=8) done [parallel, 24 workers, 2087 ms]
    [checkpoint #3]
  E^{1,3}_4 = <ZL-Module with torsions [ 0 ]>
  Generators: 1, torsion: [ 0 ]
  Time: 8380 ms  (elapsed: 17s)
  Checkpoint saved (step 3/14).

[4/14] Computing E^{1,3}_5 (p+ip:)...
    d2^{3,1}_2: 8 gens (target_dim=8) done [parallel, 24 workers, 16998 ms]
    [checkpoint #4]
    d2^{2,2}_3: 7 gens (target_dim=8) done [parallel, 24 workers, 108379 ms]
    [checkpoint #5]
    d2^{1,3}_4 gen 1/1 (target_dim=8)...
      gen 1 done [686766 ms]
    [checkpoint #6]
  E^{1,3}_5 = <ZL-Module with torsions [ 0 ]>
  Generators: 1, torsion: [ 0 ]
  Time: 820140 ms  (elapsed: 840s)
  Checkpoint saved (step 4/14).

[5/14] Computing E^{2,2}_2 (Majorana:)...
  E^{2,2}_2 = <ZL-Module with torsions [ 2, 2, 2 ]>
  Generators: 3, torsion: [ 2, 2, 2 ]
  Time: 5 ms  (elapsed: 843s)
  Checkpoint saved (step 5/14).

[6/14] Computing E^{2,2}_3 (Majorana:)...
  E^{2,2}_3 = <ZL-Module with torsions [ 2, 2, 2 ]>
  Generators: 3, torsion: [ 2, 2, 2 ]
  Time: 5 ms  (elapsed: 846s)
  Checkpoint saved (step 6/14).

[7/14] Computing E^{2,2}_4 (Majorana:)...
  E^{2,2}_4 = <ZL-Module with torsions [ 2, 2, 2 ]>
  Generators: 3, torsion: [ 2, 2, 2 ]
  Time: 10 ms  (elapsed: 848s)
  Checkpoint saved (step 7/14).

[8/14] Computing E^{3,1}_2 (Complex fermion:)...
  E^{3,1}_2 = <ZL-Module with torsions [ 2 ]>
  Generators: 1, torsion: [ 2 ]
  Time: 7 ms  (elapsed: 851s)
  Checkpoint saved (step 8/14).

[9/14] Computing E^{3,1}_3 (Complex fermion:)...
    d^{1,2}_2: 4 gens (target_dim=1) done [parallel, 24 workers, 49 ms]
    [checkpoint #7]
  E^{3,1}_3 = <ZL-Module with torsions [ 2 ]>
  Generators: 1, torsion: [ 2 ]
  Time: 2722 ms  (elapsed: 856s)
  Checkpoint saved (step 9/14).

[10/14] Computing E^{3,1}_4 (Complex fermion:)...
  E^{3,1}_4 = <ZL-Module with torsions [ 2 ]>
  Generators: 1, torsion: [ 2 ]
  Time: 1 ms  (elapsed: 859s)
  Checkpoint saved (step 10/14).

[11/14] Computing E^{4,0}_2 (Bosonic:)...
  E^{4,0}_2 = <ZL-Module []>
  Time: 19 ms  (elapsed: 861s)
  Checkpoint saved (step 11/14).

[12/14] Computing E^{4,0}_3 (Bosonic:)...
  E^{4,0}_3 = <ZL-Module []>
  Time: 23 ms  (elapsed: 864s)
  Checkpoint saved (step 12/14).

[13/14] Computing E^{4,0}_4 (Bosonic:)...
    d2^{1,2}_2: 4 gens (target_dim=8) done [parallel, 24 workers, 49 ms]
    [checkpoint #8]
  E^{4,0}_4 = <ZL-Module []>
  Time: 2704 ms  (elapsed: 870s)
  Checkpoint saved (step 13/14).

[14/14] Computing E^{4,0}_5 (Bosonic:)...
  E^{4,0}_5 = <ZL-Module []>
  Time: 1 ms  (elapsed: 872s)
  Checkpoint saved (step 14/14).

============================================================
Phase A COMPLETE: Classification done.
============================================================

Phase B: Computing group structure...
------------------------------------------------------------
  Parallel config: JOBS=24 THRESHOLD=10 PHASE2=true
  Result(deg=4): 4 layers, pRange=[ 1, 2, 3, 4 ]
  Step1: layer 1/4 (p=1, q=3)...
    ComponentEx(1,3): 1 generators
    ComponentEx(1,3) class 1/1...
      class 1 done [1351504 ms]
    [checkpoint #9]
  Step1: layer 1 done: 1 generators, torsion=[ 0 ] [1356444 ms]
    [checkpoint #10]
  Step1: layer 2/4 (p=2, q=2)...
    ComponentEx(2,2): 3 generators
    ComponentEx(2,2) class 1/3...
      class 1 done [193339 ms]
    [checkpoint #11]
    ComponentEx(2,2) class 2/3...
      class 2 done [193286 ms]
    [checkpoint #12]
    ComponentEx(2,2) class 3/3...
      class 3 done [193255 ms]
    [checkpoint #13]
  Step1: layer 2 done: 3 generators, torsion=[ 2, 2, 2 ] [588992 ms]
    [checkpoint #14]
  Step1: layer 3/4 (p=3, q=1)...
    ComponentEx(3,1): 1 generators
    ComponentEx(3,1) class 1/1...
      class 1 done [11017 ms]
    [checkpoint #15]
  Step1: layer 3 done: 1 generators, torsion=[ 2 ] [13671 ms]
    [checkpoint #16]
  Step1: layer 4/4 (p=4, q=0)...
    ComponentEx(4,0): 0 generators
  Step1: layer 4 done: 0 generators, trivial [0 ms]
    [checkpoint #17]
  Step1 done: totalGens=5, nGens=[ 1, 3, 1, 0 ]
  Step3: extension computation, 5 tasks across 3 layers [parallel, 24 workers]
    [checkpoint #18]
    d2^{2,1}_2: 7 gens (target_dim=4) done [parallel, 8 workers, 1031 ms]
    d2^{2,1}_2: 7 gens (target_dim=4) done [parallel, 8 workers, 1024 ms]
    d2^{2,1}_2: 7 gens (target_dim=4) done [parallel, 8 workers, 1053 ms]
    [checkpoint #19]
mv: cannot stat `/home/user/xyren/checkpoints/sg7.ws.tmp': No such file or directory
    [checkpoint #19]
mv: cannot stat `/home/user/xyren/checkpoints/sg7.ws.tmp': No such file or directory
    [checkpoint #19]
    d2^{1,2}_3: 4 gens (target_dim=4) done [parallel, 8 workers, 19644 ms]
    [checkpoint #20]
    d2^{1,2}_3: 4 gens (target_dim=4) done [parallel, 8 workers, 19216 ms]
    d2^{1,2}_3: 4 gens (target_dim=4) done [parallel, 8 workers, 19126 ms]
    [checkpoint #20]
mv: cannot stat `/home/user/xyren/checkpoints/sg7.ws.tmp': No such file or directory
    [checkpoint #20]
    ext layer 2 (p=2): 3 gens done [parallel, 24 workers, 773976 ms]
    [checkpoint #19]
    ext layer 3 (p=3) gen 1/1 (torsion=2)...
      gen 1 done [0 ms]
    [checkpoint #20]

============================================================
Group structure: <ZL-Module with torsions [ 2, 2, 2, 2, 0 ]>
  Phase B time: 2753588 ms  (total elapsed: 3628s)
  Checkpoint saved (group structure done).

============================================================
Phase B COMPLETE: Group structure done.
============================================================

============================================================
ALL DONE: SG #7 (ez)
============================================================
Total elapsed: 3631 s

Classification layers:
  p+ip: E^{1,3}_inf = <ZL-Module with torsions [ 0 ]>
  Majorana: E^{2,2}_inf = <ZL-Module with torsions [ 2, 2, 2 ]>
  Complex fermion: E^{3,1}_inf = <ZL-Module with torsions [ 2 ]>
  Bosonic: E^{4,0}_inf = <ZL-Module []>
Group structure: <ZL-Module with torsions [ 2, 2, 2, 2, 0 ]>
=== SptSet Parallel Stats ===
Config: JOBS=24 THRESHOLD=10 PHASE2=true
P1 (MapFromBarCocycle): 0 parallel calls (0ms), 18 sequential calls (
2628888ms)
P2 (BuildDerivative): 7 calls (128675ms), max_m=8
P2b (SpecSeqResult ext): 1 calls (773976ms), max_ngens=3

Checkpoint file: /home/user/xyren/checkpoints/sg7.ws
=== Exit: 0 ===
=== End: Sun Mar  1 02:03:40 HKT 2026 ===
