Warning: no access to tty (Bad file descriptor).
Thus no job control in this shell.
=== SptSet Space Group #3 ===
Host: n15.local
Date: Sat Feb 28 18:53:29 HKT 2026
Fresh start.
#I  polymake command not found. Please set POLYMAKE_COMMAND by hand
#I  HAP warning: Set DISPLAY_PATH manually if needed.
#I  HAP warning: Set BROWSER_PATH manually if needed.
#I  HAP warning: Set ASY_PATH manually if needed.
#E  component `License' must be bound to a nonempty string containing an SPDX \
ID
#E  component `ArchiveURL' must be bound to a string started with http://, htt\
ps:// or ftp://
#E  component `ArchiveFormats' must be bound to a string
#E  component `README_URL' must be bound to a string started with http://, htt\
ps:// or ftp://
#E  component `PackageInfoURL' must be bound to a string started with http://,\
 https:// or ftp://
#E  component `AbstractHTML' must be bound to a string
#E  component `PackageWWWHome' must be bound to a string started with http://,\
 https:// or ftp://
#E  component `ArchiveURLSubset' must be bound to a list of strings denoting r\
elative paths to readable files or directories
#E  component `HTMLStart' must be bound to a string denoting a relative path t\
o a readable file
#E  component `PDFFile' must be bound to a string denoting a relative path to \
a readable file
#E  component `LongTitle' must be bound to a string
#E Validation of package sptset from /home/user/xyren/software/gap-4.13.1/pkg/\
SptSet/ failed
============================================================
SptSet Checkpoint Driver
  Space group: #3
  Mode: ez
  Checkpoint file: /home/user/xyren/checkpoints/sg3.ws
  Parallel: JOBS=24 THRESHOLD=10 PHASE2=true
  Group structure: true
============================================================
Building resolution for SG #3...
  Resolution built in 1529 ms
  Dimensions: 1 4 7 8 8 8 8 
Spectral sequence created.

FRESH START — beginning computation.

Phase A: Classification (14 pages)
------------------------------------------------------------
[1/14] Computing E^{1,3}_2 (p+ip:)...
  E^{1,3}_2 = <ZL-Module with torsions [ 0 ]>
  Generators: 1, torsion: [ 0 ]
  Time: 10 ms  (elapsed: 1s)
  Checkpoint saved (step 1/14).

[2/14] Computing E^{1,3}_3 (p+ip:)...
    d2^{1,3}_2 gen 1/1 (target_dim=8)...
      gen 1 done [151 ms]
    [checkpoint #1]
  E^{1,3}_3 = <ZL-Module with torsions [ 0 ]>
  Generators: 1, torsion: [ 0 ]
  Time: 2985 ms  (elapsed: 6s)
  Checkpoint saved (step 2/14).

[3/14] Computing E^{1,3}_4 (p+ip:)...
    d2^{2,2}_2: 7 gens (target_dim=8) done [parallel, 24 workers, 678 ms]
    [checkpoint #2]
    d2^{1,3}_3 gen 1/1 (target_dim=8)...
      gen 1 done [1391 ms]
    [checkpoint #3]
  E^{1,3}_4 = <ZL-Module with torsions [ 0 ]>
  Generators: 1, torsion: [ 0 ]
  Time: 7356 ms  (elapsed: 16s)
  Checkpoint saved (step 3/14).

[4/14] Computing E^{1,3}_5 (p+ip:)...
    d^{0,3}_2 gen 1/1 (target_dim=7)...
      gen 1 done [2 ms]
    [checkpoint #4]
    d2^{3,1}_2: 8 gens (target_dim=8) done [parallel, 24 workers, 6228 ms]
    [checkpoint #5]
    d2^{2,2}_3: 7 gens (target_dim=8) done [parallel, 24 workers, 43881 ms]
    [checkpoint #6]
    d2^{1,3}_4 gen 1/1 (target_dim=8)...
      gen 1 done [301015 ms]
    [checkpoint #7]
  E^{1,3}_5 = <ZL-Module with torsions [ 0 ]>
  Generators: 1, torsion: [ 0 ]
  Time: 361710 ms  (elapsed: 381s)
  Checkpoint saved (step 4/14).

[5/14] Computing E^{2,2}_2 (Majorana:)...
  E^{2,2}_2 = <ZL-Module with torsions [ 2, 2, 2, 2, 2, 2, 2 ]>
  Generators: 7, torsion: [ 2, 2, 2, 2, 2, 2, 2 ]
  Time: 5 ms  (elapsed: 383s)
  Checkpoint saved (step 5/14).

[6/14] Computing E^{2,2}_3 (Majorana:)...
  E^{2,2}_3 = <ZL-Module with torsions [ 2, 2, 2 ]>
  Generators: 3, torsion: [ 2, 2, 2 ]
  Time: 5 ms  (elapsed: 386s)
  Checkpoint saved (step 6/14).

[7/14] Computing E^{2,2}_4 (Majorana:)...
  E^{2,2}_4 = <ZL-Module with torsions [ 2, 2, 2 ]>
  Generators: 3, torsion: [ 2, 2, 2 ]
  Time: 10 ms  (elapsed: 389s)
  Checkpoint saved (step 7/14).

[8/14] Computing E^{3,1}_2 (Complex fermion:)...
  E^{3,1}_2 = <ZL-Module with torsions [ 2, 2, 2, 2, 2, 2, 2, 2 ]>
  Generators: 8, torsion: [ 2, 2, 2, 2, 2, 2, 2, 2 ]
  Time: 7 ms  (elapsed: 391s)
  Checkpoint saved (step 8/14).

[9/14] Computing E^{3,1}_3 (Complex fermion:)...
    d^{1,2}_2: 4 gens (target_dim=8) done [parallel, 24 workers, 42 ms]
    [checkpoint #8]
  E^{3,1}_3 = <ZL-Module with torsions [ 2, 2, 2, 2 ]>
  Generators: 4, torsion: [ 2, 2, 2, 2 ]
  Time: 2711 ms  (elapsed: 397s)
  Checkpoint saved (step 9/14).

[10/14] Computing E^{3,1}_4 (Complex fermion:)...
    d2^{0,3}_2 gen 1/1 (target_dim=7)...
      gen 1 done [2 ms]
    [checkpoint #9]
    d^{0,3}_3 gen 1/1 (target_dim=4)...
      gen 1 done [234 ms]
    [checkpoint #10]
  E^{3,1}_4 = <ZL-Module with torsions [ 2, 2, 2, 2 ]>
  Generators: 4, torsion: [ 2, 2, 2, 2 ]
  Time: 5512 ms  (elapsed: 405s)
  Checkpoint saved (step 10/14).

[11/14] Computing E^{4,0}_2 (Bosonic:)...
  E^{4,0}_2 = <ZL-Module with torsions [ 2, 2, 2, 2 ]>
  Generators: 4, torsion: [ 2, 2, 2, 2 ]
  Time: 18 ms  (elapsed: 407s)
  Checkpoint saved (step 11/14).

[12/14] Computing E^{4,0}_3 (Bosonic:)...
    d^{2,1}_2: 7 gens (target_dim=4) done [parallel, 24 workers, 609 ms]
    [checkpoint #11]
  E^{4,0}_3 = <ZL-Module with torsions [ 2, 2, 2, 2 ]>
  Generators: 4, torsion: [ 2, 2, 2, 2 ]
  Time: 3319 ms  (elapsed: 413s)
  Checkpoint saved (step 12/14).

[13/14] Computing E^{4,0}_4 (Bosonic:)...
    d2^{1,2}_2: 4 gens (target_dim=8) done [parallel, 24 workers, 42 ms]
    [checkpoint #12]
    d^{1,2}_3: 4 gens (target_dim=4) done [parallel, 24 workers, 11161 ms]
    [checkpoint #13]
  E^{4,0}_4 = <ZL-Module with torsions [ 2, 2, 2, 2 ]>
  Generators: 4, torsion: [ 2, 2, 2, 2 ]
  Time: 16507 ms  (elapsed: 432s)
  Checkpoint saved (step 13/14).

[14/14] Computing E^{4,0}_5 (Bosonic:)...
    d2^{0,3}_3 gen 1/1 (target_dim=8)...
      gen 1 done [225 ms]
    [checkpoint #14]
    d^{0,3}_4 gen 1/1 (target_dim=4)...
      gen 1 done [69244 ms]
    [checkpoint #15]
  E^{4,0}_5 = <ZL-Module with torsions [ 2, 2, 2, 2 ]>
  Generators: 4, torsion: [ 2, 2, 2, 2 ]
  Time: 74752 ms  (elapsed: 510s)
  Checkpoint saved (step 14/14).

============================================================
Phase A COMPLETE: Classification done.
============================================================

Phase B: Computing group structure...
------------------------------------------------------------
  Parallel config: JOBS=24 THRESHOLD=10 PHASE2=true
  Result(deg=4): 4 layers, pRange=[ 1, 2, 3, 4 ]
  Step1: layer 1/4 (p=1, q=3)...
    ComponentEx(1,3): 1 generators
    ComponentEx(1,3) class 1/1...
      class 1 done [594722 ms]
    [checkpoint #16]
  Step1: layer 1 done: 1 generators, torsion=[ 0 ] [597444 ms]
    [checkpoint #17]
  Step1: layer 2/4 (p=2, q=2)...
    ComponentEx(2,2): 3 generators
    ComponentEx(2,2) class 1/3...
      class 1 done [79606 ms]
    [checkpoint #18]
    ComponentEx(2,2) class 2/3...
      class 2 done [79554 ms]
    [checkpoint #19]
    ComponentEx(2,2) class 3/3...
      class 3 done [79475 ms]
    [checkpoint #20]
  Step1: layer 2 done: 3 generators, torsion=[ 2, 2, 2 ] [246586 ms]
    [checkpoint #21]
  Step1: layer 3/4 (p=3, q=1)...
    ComponentEx(3,1): 4 generators
    ComponentEx(3,1) class 1/4...
      class 1 done [4619 ms]
    [checkpoint #22]
    ComponentEx(3,1) class 2/4...
      class 2 done [4618 ms]
    [checkpoint #23]
    ComponentEx(3,1) class 3/4...
      class 3 done [4619 ms]
    [checkpoint #24]
    ComponentEx(3,1) class 4/4...
      class 4 done [4620 ms]
    [checkpoint #25]
  Step1: layer 3 done: 4 generators, torsion=[ 2, 2, 2, 2 ] [28964 ms]
    [checkpoint #26]
  Step1: layer 4/4 (p=4, q=0)...
    ComponentEx(4,0): 4 generators
    ComponentEx(4,0) class 1/4...
      class 1 done [16 ms]
    [checkpoint #27]
    ComponentEx(4,0) class 2/4...
      class 2 done [16 ms]
    [checkpoint #28]
    ComponentEx(4,0) class 3/4...
      class 3 done [16 ms]
    [checkpoint #29]
    ComponentEx(4,0) class 4/4...
      class 4 done [16 ms]
    [checkpoint #30]
  Step1: layer 4 done: 4 generators, torsion=[ 2, 2, 2, 2 ] [10513 ms]
    [checkpoint #31]
  Step1 done: totalGens=12, nGens=[ 1, 3, 4, 4 ]
  Step3: extension computation, 8 tasks across 3 layers [parallel, 24 workers]
    [checkpoint #32]
    ext layer 2 (p=2): 3 gens done [parallel, 24 workers, 1209 ms]
    [checkpoint #33]
    ext layer 3 (p=3): 4 gens done [parallel, 24 workers, 86519 ms]
    [checkpoint #34]

============================================================
Group structure: <ZL-Module with torsions [ 4, 8, 8, 8, 0 ]>
  Phase B time: 991846 ms  (total elapsed: 1504s)
  Checkpoint saved (group structure done).

============================================================
Phase B COMPLETE: Group structure done.
============================================================

============================================================
ALL DONE: SG #3 (ez)
============================================================
Total elapsed: 1507 s

Classification layers:
  p+ip: E^{1,3}_inf = <ZL-Module with torsions [ 0 ]>
  Majorana: E^{2,2}_inf = <ZL-Module with torsions [ 2, 2, 2 ]>
  Complex fermion: E^{3,1}_inf = <ZL-Module with torsions [ 2, 2, 2, 2 ]>
  Bosonic: E^{4,0}_inf = <ZL-Module with torsions [ 2, 2, 2, 2 ]>
Group structure: <ZL-Module with torsions [ 4, 8, 8, 8, 0 ]>
=== SptSet Parallel Stats ===
Config: JOBS=24 THRESHOLD=10 PHASE2=true
P1 (MapFromBarCocycle): 0 parallel calls (0ms), 36 sequential calls (
1223658ms)
P2 (BuildDerivative): 7 calls (62641ms), max_m=8
P2b (SpecSeqResult ext): 2 calls (87728ms), max_ngens=4

Checkpoint file: /home/user/xyren/checkpoints/sg3.ws
=== Exit: 0 ===
=== End: Sat Feb 28 19:18:58 HKT 2026 ===
