=== SptSet Space Group #4 ===
Host: n17.local
Date: Sat Feb 28 22:58:11 HKT 2026
Fresh start.
#I  polymake command not found. Please set POLYMAKE_COMMAND by hand
#I  HAP warning: Set DISPLAY_PATH manually if needed.
#I  HAP warning: Set BROWSER_PATH manually if needed.
#I  HAP warning: Set ASY_PATH manually if needed.
#E  component `License' must be bound to a nonempty string containing an SPDX \
ID
#E  component `ArchiveURL' must be bound to a string started with http://, htt\
ps:// or ftp://
#E  component `ArchiveFormats' must be bound to a string
#E  component `README_URL' must be bound to a string started with http://, htt\
ps:// or ftp://
#E  component `PackageInfoURL' must be bound to a string started with http://,\
 https:// or ftp://
#E  component `AbstractHTML' must be bound to a string
#E  component `PackageWWWHome' must be bound to a string started with http://,\
 https:// or ftp://
#E  component `ArchiveURLSubset' must be bound to a list of strings denoting r\
elative paths to readable files or directories
#E  component `HTMLStart' must be bound to a string denoting a relative path t\
o a readable file
#E  component `PDFFile' must be bound to a string denoting a relative path to \
a readable file
#E  component `LongTitle' must be bound to a string
#E Validation of package sptset from /home/user/xyren/software/gap-4.13.1/pkg/\
SptSet/ failed
============================================================
SptSet Checkpoint Driver
  Space group: #4
  Mode: ez
  Checkpoint file: /home/user/xyren/checkpoints/sg4.ws
  Parallel: JOBS=24 THRESHOLD=10 PHASE2=true
  Group structure: true
============================================================
Building resolution for SG #4...
  Resolution built in 1686 ms
  Dimensions: 1 4 7 8 8 8 8 
Spectral sequence created.

FRESH START — beginning computation.

Phase A: Classification (14 pages)
------------------------------------------------------------
Syntax warning: Unbound global variable in /home/user/xyren/software/gap-4.13.\
1/pkg/SptSet/jobs/checkpoint_driver.g:137
                  j_ -> Erpq_!.relations[j_][j_]), "\n");;
                        ^^^^^
[1/14] Computing E^{1,3}_2 (p+ip:)...
  E^{1,3}_2 = <ZL-Module with torsions [ 0 ]>
  Generators: 1, torsion: [ 0 ]
  Time: 11 ms  (elapsed: 1s)
  Checkpoint saved (step 1/14).

[2/14] Computing E^{1,3}_3 (p+ip:)...
    d2^{1,3}_2 gen 1/1 (target_dim=8)...
      gen 1 done [175 ms]
    [checkpoint #1]
  E^{1,3}_3 = <ZL-Module with torsions [ 0 ]>
  Generators: 1, torsion: [ 0 ]
  Time: 5933 ms  (elapsed: 10s)
  Checkpoint saved (step 2/14).

[3/14] Computing E^{1,3}_4 (p+ip:)...
    d2^{2,2}_2: 7 gens (target_dim=8) done [parallel, 24 workers, 1021 ms]
    [checkpoint #2]
    d2^{1,3}_3 gen 1/1 (target_dim=8)...
      gen 1 done [2296 ms]
    [checkpoint #3]
  E^{1,3}_4 = <ZL-Module with torsions [ 0 ]>
  Generators: 1, torsion: [ 0 ]
  Time: 8719 ms  (elapsed: 21s)
  Checkpoint saved (step 3/14).

[4/14] Computing E^{1,3}_5 (p+ip:)...
    d^{0,3}_2 gen 1/1 (target_dim=7)...
      gen 1 done [2 ms]
    [checkpoint #4]
    d2^{3,1}_2: 8 gens (target_dim=8) done [parallel, 24 workers, 16935 ms]
    [checkpoint #5]
    d2^{2,2}_3: 7 gens (target_dim=8) done [parallel, 24 workers, 121296 ms]
    [checkpoint #6]
    d2^{1,3}_4 gen 1/1 (target_dim=8)...
      gen 1 done [864013 ms]
    [checkpoint #7]
  E^{1,3}_5 = <ZL-Module with torsions [ 0 ]>
  Generators: 1, torsion: [ 0 ]
  Time: 1012873 ms  (elapsed: 1036s)
  Checkpoint saved (step 4/14).

[5/14] Computing E^{2,2}_2 (Majorana:)...
  E^{2,2}_2 = <ZL-Module with torsions [ 2, 2, 2 ]>
  Generators: 3, torsion: [ 2, 2, 2 ]
  Time: 5 ms  (elapsed: 1039s)
  Checkpoint saved (step 5/14).

[6/14] Computing E^{2,2}_3 (Majorana:)...
  E^{2,2}_3 = <ZL-Module with torsions [ 2, 2, 2 ]>
  Generators: 3, torsion: [ 2, 2, 2 ]
  Time: 5 ms  (elapsed: 1042s)
  Checkpoint saved (step 6/14).

[7/14] Computing E^{2,2}_4 (Majorana:)...
  E^{2,2}_4 = <ZL-Module with torsions [ 2, 2, 2 ]>
  Generators: 3, torsion: [ 2, 2, 2 ]
  Time: 10 ms  (elapsed: 1044s)
  Checkpoint saved (step 7/14).

[8/14] Computing E^{3,1}_2 (Complex fermion:)...
  E^{3,1}_2 = <ZL-Module with torsions [ 2 ]>
  Generators: 1, torsion: [ 2 ]
  Time: 7 ms  (elapsed: 1047s)
  Checkpoint saved (step 8/14).

[9/14] Computing E^{3,1}_3 (Complex fermion:)...
    d^{1,2}_2: 4 gens (target_dim=1) done [parallel, 24 workers, 51 ms]
    [checkpoint #8]
  E^{3,1}_3 = <ZL-Module with torsions [ 2 ]>
  Generators: 1, torsion: [ 2 ]
  Time: 2789 ms  (elapsed: 1052s)
  Checkpoint saved (step 9/14).

[10/14] Computing E^{3,1}_4 (Complex fermion:)...
    d2^{0,3}_2 gen 1/1 (target_dim=7)...
      gen 1 done [2 ms]
    [checkpoint #9]
    d^{0,3}_3 gen 1/1 (target_dim=1)...
      gen 1 done [304 ms]
    [checkpoint #10]
  E^{3,1}_4 = <ZL-Module with torsions [ 2 ]>
  Generators: 1, torsion: [ 2 ]
  Time: 5653 ms  (elapsed: 1061s)
  Checkpoint saved (step 10/14).

[11/14] Computing E^{4,0}_2 (Bosonic:)...
  E^{4,0}_2 = <ZL-Module []>
  Time: 19 ms  (elapsed: 1063s)
  Checkpoint saved (step 11/14).

[12/14] Computing E^{4,0}_3 (Bosonic:)...
  E^{4,0}_3 = <ZL-Module []>
  Time: 24 ms  (elapsed: 1066s)
  Checkpoint saved (step 12/14).

[13/14] Computing E^{4,0}_4 (Bosonic:)...
    d2^{1,2}_2: 4 gens (target_dim=8) done [parallel, 24 workers, 51 ms]
    [checkpoint #11]
  E^{4,0}_4 = <ZL-Module []>
  Time: 2693 ms  (elapsed: 1072s)
  Checkpoint saved (step 13/14).

[14/14] Computing E^{4,0}_5 (Bosonic:)...
    d2^{0,3}_3 gen 1/1 (target_dim=5)...
      gen 1 done [296 ms]
    [checkpoint #12]
  E^{4,0}_5 = <ZL-Module []>
  Time: 2925 ms  (elapsed: 1077s)
  Checkpoint saved (step 14/14).

============================================================
Phase A COMPLETE: Classification done.
============================================================

Phase B: Computing group structure...
------------------------------------------------------------
  Parallel config: JOBS=24 THRESHOLD=10 PHASE2=true
  Result(deg=4): 4 layers, pRange=[ 1, 2, 3, 4 ]
  Step1: layer 1/4 (p=1, q=3)...
    ComponentEx(1,3): 1 generators
    ComponentEx(1,3) class 1/1...
      class 1 done [1706259 ms]
    [checkpoint #13]
  Step1: layer 1 done: 1 generators, torsion=[ 0 ] [1708946 ms]
    [checkpoint #14]
  Step1: layer 2/4 (p=2, q=2)...
    ComponentEx(2,2): 3 generators
    ComponentEx(2,2) class 1/3...
      class 1 done [218936 ms]
    [checkpoint #15]
    ComponentEx(2,2) class 2/3...
      class 2 done [218697 ms]
    [checkpoint #16]
    ComponentEx(2,2) class 3/3...
      class 3 done [218961 ms]
    [checkpoint #17]
  Step1: layer 2 done: 3 generators, torsion=[ 2, 2, 2 ] [664481 ms]
    [checkpoint #18]
  Step1: layer 3/4 (p=3, q=1)...
    ComponentEx(3,1): 1 generators
    ComponentEx(3,1) class 1/1...
      class 1 done [11430 ms]
    [checkpoint #19]
  Step1: layer 3 done: 1 generators, torsion=[ 2 ] [14034 ms]
    [checkpoint #20]
  Step1: layer 4/4 (p=4, q=0)...
    ComponentEx(4,0): 0 generators
  Step1: layer 4 done: 0 generators, trivial [0 ms]
    [checkpoint #21]
  Step1 done: totalGens=5, nGens=[ 1, 3, 1, 0 ]
  Step3: extension computation, 5 tasks across 3 layers [parallel, 24 workers]
    [checkpoint #22]
    d2^{2,1}_2: 7 gens (target_dim=4) done [parallel, 8 workers, 1039 ms]
    d2^{2,1}_2: 7 gens (target_dim=4) done [parallel, 8 workers, 1040 ms]
    d2^{2,1}_2: 7 gens (target_dim=4) done [parallel, 8 workers, 1073 ms]
    [checkpoint #23]
mv: cannot stat `/home/user/xyren/checkpoints/sg4.ws.tmp': No such file or directory
    [checkpoint #23]
mv: cannot stat `/home/user/xyren/checkpoints/sg4.ws.tmp': No such file or directory
    [checkpoint #23]
    d2^{1,2}_3: 4 gens (target_dim=4) done [parallel, 8 workers, 20310 ms]
    [checkpoint #24]
    d2^{1,2}_3: 4 gens (target_dim=4) done [parallel, 8 workers, 19654 ms]
    d2^{1,2}_3: 4 gens (target_dim=4) done [parallel, 8 workers, 19653 ms]
    [checkpoint #24]
mv: cannot stat `/home/user/xyren/checkpoints/sg4.ws.tmp': No such file or directory
    [checkpoint #24]
    ext layer 2 (p=2): 3 gens done [parallel, 24 workers, 800333 ms]
    [checkpoint #23]
    ext layer 3 (p=3) gen 1/1 (torsion=2)...
      gen 1 done [0 ms]
    [checkpoint #24]

============================================================
Group structure: <ZL-Module with torsions [ 2, 2, 2, 2, 0 ]>
  Phase B time: 3206321 ms  (total elapsed: 4286s)
  Checkpoint saved (group structure done).

============================================================
Phase B COMPLETE: Group structure done.
============================================================

============================================================
ALL DONE: SG #4 (ez)
============================================================
Total elapsed: 4289 s

Classification layers:
  p+ip: E^{1,3}_inf = <ZL-Module with torsions [ 0 ]>
  Majorana: E^{2,2}_inf = <ZL-Module with torsions [ 2, 2, 2 ]>
  Complex fermion: E^{3,1}_inf = <ZL-Module with torsions [ 2 ]>
  Bosonic: E^{4,0}_inf = <ZL-Module []>
Group structure: <ZL-Module with torsions [ 2, 2, 2, 2, 0 ]>
=== SptSet Parallel Stats ===
Config: JOBS=24 THRESHOLD=10 PHASE2=true
P1 (MapFromBarCocycle): 0 parallel calls (0ms), 27 sequential calls (
3241084ms)
P2 (BuildDerivative): 5 calls (139354ms), max_m=8
P2b (SpecSeqResult ext): 1 calls (800333ms), max_ngens=3

Checkpoint file: /home/user/xyren/checkpoints/sg4.ws
=== Exit: 0 ===
=== End: Sun Mar  1 00:10:00 HKT 2026 ===
