Warning: no access to tty (Bad file descriptor).
Thus no job control in this shell.
=== SptSet Space Group #2 ===
Host: n17.local
Date: Sat Feb 28 18:53:05 HKT 2026
Fresh start.
#I  polymake command not found. Please set POLYMAKE_COMMAND by hand
#I  HAP warning: Set DISPLAY_PATH manually if needed.
#I  HAP warning: Set BROWSER_PATH manually if needed.
#I  HAP warning: Set ASY_PATH manually if needed.
#E  component `License' must be bound to a nonempty string containing an SPDX \
ID
#E  component `ArchiveURL' must be bound to a string started with http://, htt\
ps:// or ftp://
#E  component `ArchiveFormats' must be bound to a string
#E  component `README_URL' must be bound to a string started with http://, htt\
ps:// or ftp://
#E  component `PackageInfoURL' must be bound to a string started with http://,\
 https:// or ftp://
#E  component `AbstractHTML' must be bound to a string
#E  component `PackageWWWHome' must be bound to a string started with http://,\
 https:// or ftp://
#E  component `ArchiveURLSubset' must be bound to a list of strings denoting r\
elative paths to readable files or directories
#E  component `HTMLStart' must be bound to a string denoting a relative path t\
o a readable file
#E  component `PDFFile' must be bound to a string denoting a relative path to \
a readable file
#E  component `LongTitle' must be bound to a string
#E Validation of package sptset from /home/user/xyren/software/gap-4.13.1/pkg/\
SptSet/ failed
============================================================
SptSet Checkpoint Driver
  Space group: #2
  Mode: ez
  Checkpoint file: /home/user/xyren/checkpoints/sg2.ws
  Parallel: JOBS=24 THRESHOLD=10 PHASE2=true
  Group structure: true
============================================================
Building resolution for SG #2...
  Resolution built in 1183 ms
  Dimensions: 1 4 7 8 8 8 8 
Spectral sequence created.

FRESH START — beginning computation.

Phase A: Classification (14 pages)
------------------------------------------------------------
[1/14] Computing E^{1,3}_2 (p+ip:)...
  E^{1,3}_2 = <ZL-Module with torsions [ 2, 0, 0, 0 ]>
  Generators: 4, torsion: [ 2, 0, 0, 0 ]
  Time: 10 ms  (elapsed: 1s)
  Checkpoint saved (step 1/14).

[2/14] Computing E^{1,3}_3 (p+ip:)...
    d2^{1,3}_2: 4 gens (target_dim=8) done [parallel, 24 workers, 209 ms]
    [checkpoint #1]
  E^{1,3}_3 = <ZL-Module with torsions [ 0, 0, 0 ]>
  Generators: 3, torsion: [ 0, 0, 0 ]
  Time: 2869 ms  (elapsed: 6s)
  Checkpoint saved (step 2/14).

[3/14] Computing E^{1,3}_4 (p+ip:)...
    d2^{2,2}_2: 7 gens (target_dim=8) done [parallel, 24 workers, 894 ms]
    [checkpoint #2]
    d2^{1,3}_3: 3 gens (target_dim=8) done [parallel, 24 workers, 1794 ms]
    [checkpoint #3]
  E^{1,3}_4 = <ZL-Module with torsions [ 0, 0, 0 ]>
  Generators: 3, torsion: [ 0, 0, 0 ]
  Time: 8824 ms  (elapsed: 17s)
  Checkpoint saved (step 3/14).

[4/14] Computing E^{1,3}_5 (p+ip:)...
    d2^{3,1}_2: 8 gens (target_dim=8) done [parallel, 24 workers, 7687 ms]
    [checkpoint #4]
    d2^{2,2}_3: 7 gens (target_dim=8) done [parallel, 24 workers, 58346 ms]
    [checkpoint #5]
    d2^{1,3}_4: 3 gens (target_dim=8) done [parallel, 24 workers, 480623 ms]
    [checkpoint #6]
  E^{1,3}_5 = <ZL-Module with torsions [ 0, 0, 0 ]>
  Generators: 3, torsion: [ 0, 0, 0 ]
  Time: 554661 ms  (elapsed: 575s)
  Checkpoint saved (step 4/14).

[5/14] Computing E^{2,2}_2 (Majorana:)...
  E^{2,2}_2 = <ZL-Module with torsions [ 2, 2, 2, 2, 2, 2, 2 ]>
  Generators: 7, torsion: [ 2, 2, 2, 2, 2, 2, 2 ]
  Time: 5 ms  (elapsed: 577s)
  Checkpoint saved (step 5/14).

[6/14] Computing E^{2,2}_3 (Majorana:)...
  E^{2,2}_3 = <ZL-Module []>
  Time: 4 ms  (elapsed: 580s)
  Checkpoint saved (step 6/14).

[7/14] Computing E^{2,2}_4 (Majorana:)...
  E^{2,2}_4 = <ZL-Module []>
  Time: 0 ms  (elapsed: 582s)
  Checkpoint saved (step 7/14).

[8/14] Computing E^{3,1}_2 (Complex fermion:)...
  E^{3,1}_2 = <ZL-Module with torsions [ 2, 2, 2, 2, 2, 2, 2, 2 ]>
  Generators: 8, torsion: [ 2, 2, 2, 2, 2, 2, 2, 2 ]
  Time: 7 ms  (elapsed: 585s)
  Checkpoint saved (step 8/14).

[9/14] Computing E^{3,1}_3 (Complex fermion:)...
    d^{1,2}_2: 4 gens (target_dim=8) done [parallel, 24 workers, 68 ms]
    [checkpoint #7]
  E^{3,1}_3 = <ZL-Module with torsions [ 2, 2, 2, 2 ]>
  Generators: 4, torsion: [ 2, 2, 2, 2 ]
  Time: 2729 ms  (elapsed: 590s)
  Checkpoint saved (step 9/14).

[10/14] Computing E^{3,1}_4 (Complex fermion:)...
  E^{3,1}_4 = <ZL-Module with torsions [ 2, 2, 2, 2 ]>
  Generators: 4, torsion: [ 2, 2, 2, 2 ]
  Time: 2 ms  (elapsed: 593s)
  Checkpoint saved (step 10/14).

[11/14] Computing E^{4,0}_2 (Bosonic:)...
  E^{4,0}_2 = <ZL-Module with torsions [ 2, 2, 2, 2, 2, 2, 2, 2 ]>
  Generators: 8, torsion: [ 2, 2, 2, 2, 2, 2, 2, 2 ]
  Time: 20 ms  (elapsed: 596s)
  Checkpoint saved (step 11/14).

[12/14] Computing E^{4,0}_3 (Bosonic:)...
    d^{2,1}_2: 7 gens (target_dim=8) done [parallel, 24 workers, 1708 ms]
    [checkpoint #8]
  E^{4,0}_3 = <ZL-Module with torsions [ 2 ]>
  Generators: 1, torsion: [ 2 ]
  Time: 4444 ms  (elapsed: 603s)
  Checkpoint saved (step 12/14).

[13/14] Computing E^{4,0}_4 (Bosonic:)...
    d2^{1,2}_2: 4 gens (target_dim=8) done [parallel, 24 workers, 68 ms]
    [checkpoint #9]
    d^{1,2}_3: 4 gens (target_dim=1) done [parallel, 24 workers, 12872 ms]
    [checkpoint #10]
  E^{4,0}_4 = <ZL-Module with torsions [ 2 ]>
  Generators: 1, torsion: [ 2 ]
  Time: 18212 ms  (elapsed: 624s)
  Checkpoint saved (step 13/14).

[14/14] Computing E^{4,0}_5 (Bosonic:)...
  E^{4,0}_5 = <ZL-Module with torsions [ 2 ]>
  Generators: 1, torsion: [ 2 ]
  Time: 1 ms  (elapsed: 626s)
  Checkpoint saved (step 14/14).

============================================================
Phase A COMPLETE: Classification done.
============================================================

Phase B: Computing group structure...
------------------------------------------------------------
  Parallel config: JOBS=24 THRESHOLD=10 PHASE2=true
  Result(deg=4): 4 layers, pRange=[ 1, 2, 3, 4 ]
  Step1: layer 1/4 (p=1, q=3)...
    ComponentEx(1,3): 3 generators
    ComponentEx(1,3) class 1/3...
      class 1 done [955154 ms]
    [checkpoint #11]
    ComponentEx(1,3) class 2/3...
      class 2 done [949349 ms]
    [checkpoint #12]
    ComponentEx(1,3) class 3/3...
      class 3 done [949676 ms]
    [checkpoint #13]
  Step1: layer 1 done: 3 generators, torsion=[ 0, 0, 0 ] [2862222 ms]
    [checkpoint #14]
  Step1: layer 2/4 (p=2, q=2)...
    ComponentEx(2,2): 0 generators
  Step1: layer 2 done: 0 generators, trivial [0 ms]
    [checkpoint #15]
  Step1: layer 3/4 (p=3, q=1)...
    ComponentEx(3,1): 4 generators
    ComponentEx(3,1) class 1/4...
      class 1 done [4949 ms]
    [checkpoint #16]
    ComponentEx(3,1) class 2/4...
      class 2 done [4953 ms]
    [checkpoint #17]
    ComponentEx(3,1) class 3/4...
      class 3 done [4956 ms]
    [checkpoint #18]
    ComponentEx(3,1) class 4/4...
      class 4 done [4952 ms]
    [checkpoint #19]
  Step1: layer 3 done: 4 generators, torsion=[ 2, 2, 2, 2 ] [30423 ms]
    [checkpoint #20]
  Step1: layer 4/4 (p=4, q=0)...
    ComponentEx(4,0): 1 generators
    ComponentEx(4,0) class 1/1...
      class 1 done [17 ms]
    [checkpoint #21]
  Step1: layer 4 done: 1 generators, torsion=[ 2 ] [2701 ms]
    [checkpoint #22]
  Step1 done: totalGens=8, nGens=[ 3, 0, 4, 1 ]
  Step3: extension computation, 7 tasks across 3 layers [parallel, 24 workers]
    ext layer 1 (p=1): 3 gens done [parallel, 24 workers, 10 ms]
    [checkpoint #23]
    ext layer 3 (p=3): 4 gens done [parallel, 24 workers, 90441 ms]
    [checkpoint #24]

============================================================
Group structure: <ZL-Module with torsions [ 2, 2, 2, 2, 2, 0, 0, 0 ]>
  Phase B time: 3002628 ms  (total elapsed: 3631s)
  Checkpoint saved (group structure done).

============================================================
Phase B COMPLETE: Group structure done.
============================================================

============================================================
ALL DONE: SG #2 (ez)
============================================================
Total elapsed: 3634 s

Classification layers:
  p+ip: E^{1,3}_inf = <ZL-Module with torsions [ 0, 0, 0 ]>
  Majorana: E^{2,2}_inf = <ZL-Module []>
  Complex fermion: E^{3,1}_inf = <ZL-Module with torsions [ 2, 2, 2, 2 ]>
  Bosonic: E^{4,0}_inf = <ZL-Module with torsions [ 2 ]>
Group structure: <ZL-Module with torsions [ 2, 2, 2, 2, 2, 0, 0, 0 ]>
=== SptSet Parallel Stats ===
Config: JOBS=24 THRESHOLD=10 PHASE2=true
P1 (MapFromBarCocycle): 0 parallel calls (0ms), 20 sequential calls (
2873656ms)
P2 (BuildDerivative): 10 calls (564269ms), max_m=8
P2b (SpecSeqResult ext): 2 calls (90451ms), max_ngens=4

Checkpoint file: /home/user/xyren/checkpoints/sg2.ws
=== Exit: 0 ===
=== End: Sat Feb 28 19:54:02 HKT 2026 ===
