=== SptSet Space Group #16 ===
Host: n17.local
Date: Sun Mar  1 11:44:05 HKT 2026
Fresh start.
#I  polymake command not found. Please set POLYMAKE_COMMAND by hand
#I  HAP warning: Set DISPLAY_PATH manually if needed.
#I  HAP warning: Set BROWSER_PATH manually if needed.
#I  HAP warning: Set ASY_PATH manually if needed.
#E  component `License' must be bound to a nonempty string containing an SPDX \
ID
#E  component `ArchiveURL' must be bound to a string started with http://, htt\
ps:// or ftp://
#E  component `ArchiveFormats' must be bound to a string
#E  component `README_URL' must be bound to a string started with http://, htt\
ps:// or ftp://
#E  component `PackageInfoURL' must be bound to a string started with http://,\
 https:// or ftp://
#E  component `AbstractHTML' must be bound to a string
#E  component `PackageWWWHome' must be bound to a string started with http://,\
 https:// or ftp://
#E  component `ArchiveURLSubset' must be bound to a list of strings denoting r\
elative paths to readable files or directories
#E  component `HTMLStart' must be bound to a string denoting a relative path t\
o a readable file
#E  component `PDFFile' must be bound to a string denoting a relative path to \
a readable file
#E  component `LongTitle' must be bound to a string
#E Validation of package sptset from /home/user/xyren/software/gap-4.13.1/pkg/\
SptSet/ failed
============================================================
SptSet Checkpoint Driver
  Space group: #16
  Mode: ez
  Checkpoint file: /home/user/xyren/checkpoints/sg16.ws
  Parallel: JOBS=24 THRESHOLD=10 PHASE2=true
  Group structure: true
============================================================
Building resolution for SG #16...
  Resolution built in 3667 ms
  Dimensions: 1 5 12 20 28 36 44 
Spectral sequence created.

FRESH START — beginning computation.

Phase A: Classification (14 pages)
------------------------------------------------------------
Syntax warning: Unbound global variable in /home/user/xyren/software/gap-4.13.\
1/pkg/SptSet/jobs/checkpoint_driver.g:137
                  j_ -> Erpq_!.relations[j_][j_]), "\n");;
                        ^^^^^
[1/14] Computing E^{1,3}_2 (p+ip:)...
  E^{1,3}_2 = <ZL-Module []>
  Time: 18 ms  (elapsed: 3s)
  Checkpoint saved (step 1/14).

[2/14] Computing E^{1,3}_3 (p+ip:)...
  E^{1,3}_3 = <ZL-Module []>
  Time: 23 ms  (elapsed: 6s)
  Checkpoint saved (step 2/14).

[3/14] Computing E^{1,3}_4 (p+ip:)...
    d2^{2,2}_2: 12 gens (target_dim=28) done [parallel, 24 workers, 2105 ms]
    [checkpoint #1]
  E^{1,3}_4 = <ZL-Module []>
  Time: 4873 ms  (elapsed: 13s)
  Checkpoint saved (step 3/14).

[4/14] Computing E^{1,3}_5 (p+ip:)...
    d^{0,3}_2 gen 1/1 (target_dim=12)...
      gen 1 done [44 ms]
    [checkpoint #2]
    d2^{3,1}_2: 20 gens (target_dim=44) done [parallel, 24 workers, 51477 ms]
    [checkpoint #3]
    d2^{2,2}_3: 12 gens (target_dim=44) done [parallel, 24 workers, 371484 ms]
    [checkpoint #4]
  E^{1,3}_5 = <ZL-Module []>
  Time: 431339 ms  (elapsed: 447s)
  Checkpoint saved (step 4/14).

[5/14] Computing E^{2,2}_2 (Majorana:)...
  E^{2,2}_2 = <ZL-Module with torsions [ 2, 2, 2, 2, 2, 2, 2, 2, 2, 2, 2, 2 ]>
  Generators: 12, torsion: [ 2, 2, 2, 2, 2, 2, 2, 2, 2, 2, 2, 2 ]
  Time: 13 ms  (elapsed: 450s)
  Checkpoint saved (step 5/14).

[6/14] Computing E^{2,2}_3 (Majorana:)...
  E^{2,2}_3 = <ZL-Module []>
  Time: 13 ms  (elapsed: 452s)
  Checkpoint saved (step 6/14).

[7/14] Computing E^{2,2}_4 (Majorana:)...
  E^{2,2}_4 = <ZL-Module []>
  Time: 0 ms  (elapsed: 455s)
  Checkpoint saved (step 7/14).

[8/14] Computing E^{3,1}_2 (Complex fermion:)...
  E^{3,1}_
2
  = <ZL-Module with torsions [ 2, 2, 2, 2, 2, 2, 2, 2, 2, 2, 2, 2, 2, 2, 2, 2, \
2, 2, 2, 2 ]>
  Generators: 20, torsion: [ 2, 2, 2, 2, 2, 2, 2, 2, 2, 2, 2, 2, 2, 2, 2, 2, 
  2, 2, 2, 2 ]
  Time: 47 ms  (elapsed: 458s)
  Checkpoint saved (step 8/14).

[9/14] Computing E^{3,1}_3 (Complex fermion:)...
    d^{1,2}_2: 5 gens (target_dim=20) done [parallel, 24 workers, 119 ms]
    [checkpoint #5]
  E^{3,1}_3 = <ZL-Module []>
  Time: 3440 ms  (elapsed: 464s)
  Checkpoint saved (step 9/14).

[10/14] Computing E^{3,1}_4 (Complex fermion:)...
    d2^{0,3}_2 gen 1/1 (target_dim=12)...
      gen 1 done [42 ms]
    [checkpoint #6]
  E^{3,1}_4 = <ZL-Module []>
  Time: 3093 ms  (elapsed: 470s)
  Checkpoint saved (step 10/14).

[11/14] Computing E^{4,0}_2 (Bosonic:)...
  E^{4,0}_
2
  = <ZL-Module with torsions [ 2, 2, 2, 2, 2, 2, 2, 2, 2, 2, 2, 2, 2, 2, 2, 2 ]\
>
  Generators: 16, torsion: [ 2, 2, 2, 2, 2, 2, 2, 2, 2, 2, 2, 2, 2, 2, 2, 2 ]
  Time: 266 ms  (elapsed: 472s)
  Checkpoint saved (step 11/14).

[12/14] Computing E^{4,0}_3 (Bosonic:)...
    d^{2,1}_2: 12 gens (target_dim=16) done [parallel, 24 workers, 5826 ms]
    [checkpoint #7]
  E^{4,0}_
3
  = <ZL-Module with torsions [ 2, 2, 2, 2, 2, 2, 2, 2, 2, 2, 2, 2, 2, 2, 2, 2 ]\
>
  Generators: 16, torsion: [ 2, 2, 2, 2, 2, 2, 2, 2, 2, 2, 2, 2, 2, 2, 2, 2 ]
  Time: 8612 ms  (elapsed: 484s)
  Checkpoint saved (step 12/14).

[13/14] Computing E^{4,0}_4 (Bosonic:)...
    d2^{1,2}_2: 5 gens (target_dim=20) done [parallel, 24 workers, 115 ms]
    [checkpoint #8]
    d^{1,2}_3: 5 gens (target_dim=16) done [parallel, 24 workers, 31623 ms]
    [checkpoint #9]
  E^{4,0}_
4
  = <ZL-Module with torsions [ 2, 2, 2, 2, 2, 2, 2, 2, 2, 2, 2, 2, 2, 2, 2, 2 ]\
>
  Generators: 16, torsion: [ 2, 2, 2, 2, 2, 2, 2, 2, 2, 2, 2, 2, 2, 2, 2, 2 ]
  Time: 37364 ms  (elapsed: 524s)
  Checkpoint saved (step 13/14).

[14/14] Computing E^{4,0}_5 (Bosonic:)...
    d2^{0,3}_3 gen 1/1 (target_dim=20)...
      gen 1 done [254 ms]
    [checkpoint #10]
    d^{0,3}_4 gen 1/1 (target_dim=16)...
      gen 1 done [168504 ms]
    [checkpoint #11]
  E^{4,0}_
5
  = <ZL-Module with torsions [ 2, 2, 2, 2, 2, 2, 2, 2, 2, 2, 2, 2, 2, 2, 2, 2 ]\
>
  Generators: 16, torsion: [ 2, 2, 2, 2, 2, 2, 2, 2, 2, 2, 2, 2, 2, 2, 2, 2 ]
  Time: 174146 ms  (elapsed: 701s)
  Checkpoint saved (step 14/14).

============================================================
Phase A COMPLETE: Classification done.
============================================================

Phase B: Computing group structure...
------------------------------------------------------------
  Parallel config: JOBS=24 THRESHOLD=10 PHASE2=true
  Result(deg=4): 4 layers, pRange=[ 1, 2, 3, 4 ]
  Step1: layer 1/4 (p=1, q=3)...
    ComponentEx(1,3): 0 generators
  Step1: layer 1 done: 0 generators, trivial [0 ms]
    [checkpoint #12]
  Step1: layer 2/4 (p=2, q=2)...
    ComponentEx(2,2): 0 generators
  Step1: layer 2 done: 0 generators, trivial [0 ms]
    [checkpoint #13]
  Step1: layer 3/4 (p=3, q=1)...
    ComponentEx(3,1): 0 generators
  Step1: layer 3 done: 0 generators, trivial [0 ms]
    [checkpoint #14]
  Step1: layer 4/4 (p=4, q=0)...
    ComponentEx(4,0): 16 generators
    ComponentEx(4,0) class 1/16...
      class 1 done [130 ms]
    [checkpoint #15]
    ComponentEx(4,0) class 2/16...
      class 2 done [130 ms]
    [checkpoint #16]
    ComponentEx(4,0) class 3/16...
      class 3 done [130 ms]
    [checkpoint #17]
    ComponentEx(4,0) class 4/16...
      class 4 done [129 ms]
    [checkpoint #18]
    ComponentEx(4,0) class 5/16...
      class 5 done [129 ms]
    [checkpoint #19]
    ComponentEx(4,0) class 6/16...
      class 6 done [129 ms]
    [checkpoint #20]
    ComponentEx(4,0) class 7/16...
      class 7 done [129 ms]
    [checkpoint #21]
    ComponentEx(4,0) class 8/16...
      class 8 done [129 ms]
    [checkpoint #22]
    ComponentEx(4,0) class 9/16...
      class 9 done [129 ms]
    [checkpoint #23]
    ComponentEx(4,0) class 10/16...
      class 10 done [130 ms]
    [checkpoint #24]
    ComponentEx(4,0) class 11/16...
      class 11 done [129 ms]
    [checkpoint #25]
    ComponentEx(4,0) class 12/16...
      class 12 done [129 ms]
    [checkpoint #26]
    ComponentEx(4,0) class 13/16...
      class 13 done [129 ms]
    [checkpoint #27]
    ComponentEx(4,0) class 14/16...
      class 14 done [129 ms]
    [checkpoint #28]
    ComponentEx(4,0) class 15/16...
      class 15 done [129 ms]
    [checkpoint #29]
    ComponentEx(4,0) class 16/16...
      class 16 done [129 ms]
    [checkpoint #30]
  Step1: layer 4 done: 16 generators, torsion=[ 2, 2, 2, 2, 2, 2, 2, 2, 2, 2, 
  2, 2, 2, 2, 2, 2 ] [45374 ms]
    [checkpoint #31]
  Step1 done: totalGens=16, nGens=[ 0, 0, 0, 16 ]
  Step3: extension computation, 0 tasks across 3 layers [parallel, 24 workers]

============================================================
Group structure: <ZL-Module with torsions [ 2, 2, 2, 2, 2, 2, 2, 2, 2, 2, 2, 2\
, 2, 2, 2, 2 ]>
  Phase B time: 55961 ms  (total elapsed: 759s)
  Checkpoint saved (group structure done).

============================================================
Phase B COMPLETE: Group structure done.
============================================================

============================================================
ALL DONE: SG #16 (ez)
============================================================
Total elapsed: 762 s

Classification layers:
  p+ip: E^{1,3}_inf = <ZL-Module []>
  Majorana: E^{2,2}_inf = <ZL-Module []>
  Complex fermion: E^{3,1}_inf = <ZL-Module []>
  Bosonic: E^{4,
0
 }_inf = <ZL-Module with torsions [ 2, 2, 2, 2, 2, 2, 2, 2, 2, 2, 2, 2, 2, 2, 2\
, 2 ]>
Group structure: <ZL-Module with torsions [ 2, 2, 2, 2, 2, 2, 2, 2, 2, 2, 2, 2\
, 2, 2, 2, 2 ]>
=== SptSet Parallel Stats ===
Config: JOBS=24 THRESHOLD=10 PHASE2=true
P1 (MapFromBarCocycle): 7 parallel calls (168680ms), 0 sequential calls (0ms)
P2 (BuildDerivative): 7 calls (462749ms), max_m=20
P2b (SpecSeqResult ext): 0 calls (0ms), max_ngens=0

Checkpoint file: /home/user/xyren/checkpoints/sg16.ws
=== Exit: 0 ===
=== End: Sun Mar  1 11:57:07 HKT 2026 ===
