=== SptSet Space Group #17 ===
Host: n09.local
Date: Wed Mar  4 00:25:14 HKT 2026
Fresh start.
#I  polymake command not found. Please set POLYMAKE_COMMAND by hand
#I  HAP warning: Set DISPLAY_PATH manually if needed.
#I  HAP warning: Set BROWSER_PATH manually if needed.
#I  HAP warning: Set ASY_PATH manually if needed.
#E  component `License' must be bound to a nonempty string containing an SPDX \
ID
#E  component `ArchiveURL' must be bound to a string started with http://, htt\
ps:// or ftp://
#E  component `ArchiveFormats' must be bound to a string
#E  component `README_URL' must be bound to a string started with http://, htt\
ps:// or ftp://
#E  component `PackageInfoURL' must be bound to a string started with http://,\
 https:// or ftp://
#E  component `AbstractHTML' must be bound to a string
#E  component `PackageWWWHome' must be bound to a string started with http://,\
 https:// or ftp://
#E  component `ArchiveURLSubset' must be bound to a list of strings denoting r\
elative paths to readable files or directories
#E  component `HTMLStart' must be bound to a string denoting a relative path t\
o a readable file
#E  component `PDFFile' must be bound to a string denoting a relative path to \
a readable file
#E  component `LongTitle' must be bound to a string
#E Validation of package sptset from /home/user/xyren/software/gap-4.13.1/pkg/\
SptSet/ failed
============================================================
SptSet Checkpoint Driver
  Space group: #17
  Mode: ez
  Checkpoint file: /home/user/xyren/checkpoints/sg17.ws
  Parallel: JOBS=24 THRESHOLD=10 PHASE2=true
  Group structure: true
============================================================
Building resolution for SG #17...
  Resolution built in 4268 ms
  Dimensions: 1 5 12 20 28 36 44 
Spectral sequence created.

FRESH START — beginning computation.

Phase A: Classification (14 pages)
------------------------------------------------------------
Syntax warning: Unbound global variable in /home/user/xyren/software/gap-4.13.\
1/pkg/SptSet/jobs/checkpoint_driver.g:137
                  j_ -> Erpq_!.relations[j_][j_]), "\n");;
                        ^^^^^
[1/14] Computing E^{1,3}_2 (p+ip:)...
  E^{1,3}_2 = <ZL-Module []>
  Time: 18 ms  (elapsed: 4s)
  Checkpoint saved (step 1/14).

[2/14] Computing E^{1,3}_3 (p+ip:)...
  E^{1,3}_3 = <ZL-Module []>
  Time: 24 ms  (elapsed: 6s)
  Checkpoint saved (step 2/14).

[3/14] Computing E^{1,3}_4 (p+ip:)...
    d2^{2,2}_2: 12 gens (target_dim=28) done [parallel, 24 workers, 2768 ms]
    [checkpoint #1]
  E^{1,3}_4 = <ZL-Module []>
  Time: 5578 ms  (elapsed: 17s)
  Checkpoint saved (step 3/14).

[4/14] Computing E^{1,3}_5 (p+ip:)...
    d^{0,3}_2 gen 1/1 (target_dim=12)...
      gen 1 done [93 ms]
    [checkpoint #2]
    d2^{3,1}_2: 20 gens (target_dim=44) done [parallel, 24 workers, 95515 ms]
    [checkpoint #3]
    d2^{2,2}_3: 12 gens (target_dim=44) done [parallel, 24 workers, 658854 ms]
    [checkpoint #4]
  E^{1,3}_5 = <ZL-Module []>
  Time: 762960 ms  (elapsed: 782s)
  Checkpoint saved (step 4/14).

[5/14] Computing E^{2,2}_2 (Majorana:)...
  E^{2,2}_2 = <ZL-Module with torsions [ 2, 2, 2, 2, 2, 2, 2 ]>
  Generators: 7, torsion: [ 2, 2, 2, 2, 2, 2, 2 ]
  Time: 14 ms  (elapsed: 785s)
  Checkpoint saved (step 5/14).

[6/14] Computing E^{2,2}_3 (Majorana:)...
  E^{2,2}_3 = <ZL-Module with torsions [ 2, 2, 2 ]>
  Generators: 3, torsion: [ 2, 2, 2 ]
  Time: 19 ms  (elapsed: 788s)
  Checkpoint saved (step 6/14).

[7/14] Computing E^{2,2}_4 (Majorana:)...
  E^{2,2}_4 = <ZL-Module with torsions [ 2, 2, 2 ]>
  Generators: 3, torsion: [ 2, 2, 2 ]
  Time: 395 ms  (elapsed: 791s)
  Checkpoint saved (step 7/14).

[8/14] Computing E^{3,1}_2 (Complex fermion:)...
  E^{3,1}_2 = <ZL-Module with torsions [ 2, 2, 2, 2, 2, 2, 2, 2 ]>
  Generators: 8, torsion: [ 2, 2, 2, 2, 2, 2, 2, 2 ]
  Time: 52 ms  (elapsed: 794s)
  Checkpoint saved (step 8/14).

[9/14] Computing E^{3,1}_3 (Complex fermion:)...
    d^{1,2}_2: 5 gens (target_dim=8) done [parallel, 24 workers, 128 ms]
    [checkpoint #5]
  E^{3,1}_3 = <ZL-Module with torsions [ 2, 2, 2, 2 ]>
  Generators: 4, torsion: [ 2, 2, 2, 2 ]
  Time: 3139 ms  (elapsed: 799s)
  Checkpoint saved (step 9/14).

[10/14] Computing E^{3,1}_4 (Complex fermion:)...
    d2^{0,3}_2 gen 1/1 (target_dim=12)...
      gen 1 done [38 ms]
    [checkpoint #6]
    d^{0,3}_3 gen 1/1 (target_dim=4)...
      gen 1 done [270 ms]
    [checkpoint #7]
  E^{3,1}_4 = <ZL-Module with torsions [ 2, 2, 2, 2 ]>
  Generators: 4, torsion: [ 2, 2, 2, 2 ]
  Time: 5835 ms  (elapsed: 808s)
  Checkpoint saved (step 10/14).

[11/14] Computing E^{4,0}_2 (Bosonic:)...
  E^{4,0}_2 = <ZL-Module with torsions [ 2, 2, 2, 2 ]>
  Generators: 4, torsion: [ 2, 2, 2, 2 ]
  Time: 293 ms  (elapsed: 811s)
  Checkpoint saved (step 11/14).

[12/14] Computing E^{4,0}_3 (Bosonic:)...
    d^{2,1}_2: 12 gens (target_dim=4) done [parallel, 24 workers, 7762 ms]
    [checkpoint #8]
  E^{4,0}_3 = <ZL-Module with torsions [ 2, 2, 2, 2 ]>
  Generators: 4, torsion: [ 2, 2, 2, 2 ]
  Time: 10499 ms  (elapsed: 825s)
  Checkpoint saved (step 12/14).

[13/14] Computing E^{4,0}_4 (Bosonic:)...
    d2^{1,2}_2: 5 gens (target_dim=20) done [parallel, 24 workers, 120 ms]
    [checkpoint #9]
    d^{1,2}_3: 5 gens (target_dim=4) done [parallel, 24 workers, 38320 ms]
    [checkpoint #10]
  E^{4,0}_4 = <ZL-Module with torsions [ 2, 2, 2, 2 ]>
  Generators: 4, torsion: [ 2, 2, 2, 2 ]
  Time: 43776 ms  (elapsed: 871s)
  Checkpoint saved (step 13/14).

[14/14] Computing E^{4,0}_5 (Bosonic:)...
    d2^{0,3}_3 gen 1/1 (target_dim=16)...
      gen 1 done [239 ms]
    [checkpoint #11]
    d^{0,3}_4 gen 1/1 (target_dim=4)...
      gen 1 done [218050 ms]
    [checkpoint #12]
  E^{4,0}_5 = <ZL-Module with torsions [ 2, 2, 2, 2 ]>
  Generators: 4, torsion: [ 2, 2, 2, 2 ]
  Time: 223739 ms  (elapsed: 1098s)
  Checkpoint saved (step 14/14).

============================================================
Phase A COMPLETE: Classification done.
============================================================

Phase B: Computing group structure...
------------------------------------------------------------
  Parallel config: JOBS=24 THRESHOLD=10 PHASE2=true
  Result(deg=4): 4 layers, pRange=[ 1, 2, 3, 4 ]
  Step1: layer 1/4 (p=1, q=3)...
    ComponentEx(1,3): 0 generators
  Step1: layer 1 done: 0 generators, trivial [0 ms]
    [checkpoint #13]
  Step1: layer 2/4 (p=2, q=2)...
    ComponentEx(2,2): 3 generators
    ComponentEx(2,2) class 1/3...
      class 1 done [1135396 ms]
    [checkpoint #14]
    ComponentEx(2,2) class 2/3...
      class 2 done [1131588 ms]
    [checkpoint #15]
    ComponentEx(2,2) class 3/3...
      class 3 done [1133944 ms]
    [checkpoint #16]
  Step1: layer 2 done: 3 generators, torsion=[ 2, 2, 2 ] [3408936 ms]
    [checkpoint #17]
  Step1: layer 3/4 (p=3, q=1)...
    ComponentEx(3,1): 4 generators
    ComponentEx(3,1) class 1/4...
      class 1 done [131313 ms]
    [checkpoint #18]
    ComponentEx(3,1) class 2/4...
      class 2 done [131322 ms]
    [checkpoint #19]
    ComponentEx(3,1) class 3/4...
      class 3 done [131314 ms]
    [checkpoint #20]
    ComponentEx(3,1) class 4/4...
      class 4 done [131296 ms]
    [checkpoint #21]
  Step1: layer 3 done: 4 generators, torsion=[ 2, 2, 2, 2 ] [535987 ms]
    [checkpoint #22]
  Step1: layer 4/4 (p=4, q=0)...
    ComponentEx(4,0): 4 generators
    ComponentEx(4,0) class 1/4...
      class 1 done [134 ms]
    [checkpoint #23]
    ComponentEx(4,0) class 2/4...
      class 2 done [134 ms]
    [checkpoint #24]
    ComponentEx(4,0) class 3/4...
      class 3 done [134 ms]
    [checkpoint #25]
    ComponentEx(4,0) class 4/4...
      class 4 done [134 ms]
    [checkpoint #26]
  Step1: layer 4 done: 4 generators, torsion=[ 2, 2, 2, 2 ] [11310 ms]
    [checkpoint #27]
  Step1 done: totalGens=11, nGens=[ 0, 3, 4, 4 ]
  Step3: extension computation, 7 tasks across 3 layers [parallel, 24 workers]
    ext layer 2 (p=2): 3 gens done [parallel, 24 workers, 3794 ms]
    [checkpoint #28]
    ext layer 3 (p=3): 4 gens done [parallel, 24 workers, 289128 ms]
    [checkpoint #29]

============================================================
Group structure: <ZL-Module with torsions [ 4, 8, 8, 8 ]>
  Phase B time: 4265295 ms  (total elapsed: 5366s)
  Checkpoint saved (group structure done).

============================================================
Phase B COMPLETE: Group structure done.
============================================================

============================================================
ALL DONE: SG #17 (ez)
============================================================
Total elapsed: 5368 s

Classification layers:
  p+ip: E^{1,3}_inf = <ZL-Module []>
  Majorana: E^{2,2}_inf = <ZL-Module with torsions [ 2, 2, 2 ]>
  Complex fermion: E^{3,1}_inf = <ZL-Module with torsions [ 2, 2, 2, 2 ]>
  Bosonic: E^{4,0}_inf = <ZL-Module with torsions [ 2, 2, 2, 2 ]>
Group structure: <ZL-Module with torsions [ 4, 8, 8, 8 ]>
=== SptSet Parallel Stats ===
Config: JOBS=24 THRESHOLD=10 PHASE2=true
P1 (MapFromBarCocycle): 26 parallel calls (4141809ms), 0 sequential calls (
0ms)
P2 (BuildDerivative): 7 calls (803467ms), max_m=20
P2b (SpecSeqResult ext): 2 calls (292922ms), max_ngens=4

Checkpoint file: /home/user/xyren/checkpoints/sg17.ws
=== Exit: 0 ===
=== End: Wed Mar  4 01:55:06 HKT 2026 ===
