=== SptSet Space Group #15 ===
Host: n17.local
Date: Sun Mar  1 06:09:00 HKT 2026
Fresh start.
#I  polymake command not found. Please set POLYMAKE_COMMAND by hand
#I  HAP warning: Set DISPLAY_PATH manually if needed.
#I  HAP warning: Set BROWSER_PATH manually if needed.
#I  HAP warning: Set ASY_PATH manually if needed.
#E  component `License' must be bound to a nonempty string containing an SPDX \
ID
#E  component `ArchiveURL' must be bound to a string started with http://, htt\
ps:// or ftp://
#E  component `ArchiveFormats' must be bound to a string
#E  component `README_URL' must be bound to a string started with http://, htt\
ps:// or ftp://
#E  component `PackageInfoURL' must be bound to a string started with http://,\
 https:// or ftp://
#E  component `AbstractHTML' must be bound to a string
#E  component `PackageWWWHome' must be bound to a string started with http://,\
 https:// or ftp://
#E  component `ArchiveURLSubset' must be bound to a list of strings denoting r\
elative paths to readable files or directories
#E  component `HTMLStart' must be bound to a string denoting a relative path t\
o a readable file
#E  component `PDFFile' must be bound to a string denoting a relative path to \
a readable file
#E  component `LongTitle' must be bound to a string
#E Validation of package sptset from /home/user/xyren/software/gap-4.13.1/pkg/\
SptSet/ failed
============================================================
SptSet Checkpoint Driver
  Space group: #15
  Mode: ez
  Checkpoint file: /home/user/xyren/checkpoints/sg15.ws
  Parallel: JOBS=24 THRESHOLD=10 PHASE2=true
  Group structure: true
============================================================
Building resolution for SG #15...
  Resolution built in 3968 ms
  Dimensions: 1 5 12 20 28 36 44 
Spectral sequence created.

FRESH START — beginning computation.

Phase A: Classification (14 pages)
------------------------------------------------------------
Syntax warning: Unbound global variable in /home/user/xyren/software/gap-4.13.\
1/pkg/SptSet/jobs/checkpoint_driver.g:137
                  j_ -> Erpq_!.relations[j_][j_]), "\n");;
                        ^^^^^
[1/14] Computing E^{1,3}_2 (p+ip:)...
  E^{1,3}_2 = <ZL-Module with torsions [ 2, 0 ]>
  Generators: 2, torsion: [ 2, 0 ]
  Time: 18 ms  (elapsed: 4s)
  Checkpoint saved (step 1/14).

[2/14] Computing E^{1,3}_3 (p+ip:)...
    d2^{1,3}_2: 2 gens (target_dim=20) done [parallel, 24 workers, 394 ms]
    [checkpoint #1]
  E^{1,3}_3 = <ZL-Module with torsions [ 0 ]>
  Generators: 1, torsion: [ 0 ]
  Time: 3138 ms  (elapsed: 9s)
  Checkpoint saved (step 2/14).

[3/14] Computing E^{1,3}_4 (p+ip:)...
    d2^{2,2}_2: 12 gens (target_dim=28) done [parallel, 24 workers, 2874 ms]
    [checkpoint #2]
    d2^{1,3}_3 gen 1/1 (target_dim=28)...
      gen 1 done [4655 ms]
    [checkpoint #3]
  E^{1,3}_4 = <ZL-Module with torsions [ 0 ]>
  Generators: 1, torsion: [ 0 ]
  Time: 13135 ms  (elapsed: 25s)
  Checkpoint saved (step 3/14).

[4/14] Computing E^{1,3}_5 (p+ip:)...
    d2^{3,1}_2: 20 gens (target_dim=44) done [parallel, 24 workers, 105748 ms]
    [checkpoint #4]
    d2^{2,2}_3: 12 gens (target_dim=44) done [parallel, 24 workers, 823539 ms]
    [checkpoint #5]
    d2^{1,3}_4 gen 1/1 (target_dim=44)...
      gen 1 done [6092436 ms]
    [checkpoint #6]
  E^{1,3}_5 = <ZL-Module with torsions [ 0 ]>
  Generators: 1, torsion: [ 0 ]
  Time: 7030560 ms  (elapsed: 7058s)
  Checkpoint saved (step 4/14).

[5/14] Computing E^{2,2}_2 (Majorana:)...
  E^{2,2}_2 = <ZL-Module with torsions [ 2, 2, 2, 2, 2 ]>
  Generators: 5, torsion: [ 2, 2, 2, 2, 2 ]
  Time: 14 ms  (elapsed: 7061s)
  Checkpoint saved (step 5/14).

[6/14] Computing E^{2,2}_3 (Majorana:)...
  E^{2,2}_3 = <ZL-Module []>
  Time: 15 ms  (elapsed: 7063s)
  Checkpoint saved (step 6/14).

[7/14] Computing E^{2,2}_4 (Majorana:)...
  E^{2,2}_4 = <ZL-Module []>
  Time: 0 ms  (elapsed: 7066s)
  Checkpoint saved (step 7/14).

[8/14] Computing E^{3,1}_2 (Complex fermion:)...
  E^{3,1}_2 = <ZL-Module with torsions [ 2, 2, 2, 2, 2, 2 ]>
  Generators: 6, torsion: [ 2, 2, 2, 2, 2, 2 ]
  Time: 52 ms  (elapsed: 7069s)
  Checkpoint saved (step 8/14).

[9/14] Computing E^{3,1}_3 (Complex fermion:)...
    d^{1,2}_2: 5 gens (target_dim=6) done [parallel, 24 workers, 137 ms]
    [checkpoint #7]
  E^{3,1}_3 = <ZL-Module with torsions [ 2, 2, 2 ]>
  Generators: 3, torsion: [ 2, 2, 2 ]
  Time: 3074 ms  (elapsed: 7074s)
  Checkpoint saved (step 9/14).

[10/14] Computing E^{3,1}_4 (Complex fermion:)...
  E^{3,1}_4 = <ZL-Module with torsions [ 2, 2, 2 ]>
  Generators: 3, torsion: [ 2, 2, 2 ]
  Time: 2 ms  (elapsed: 7077s)
  Checkpoint saved (step 10/14).

[11/14] Computing E^{4,0}_2 (Bosonic:)...
  E^{4,0}_2 = <ZL-Module with torsions [ 2, 2, 2, 2, 2 ]>
  Generators: 5, torsion: [ 2, 2, 2, 2, 2 ]
  Time: 297 ms  (elapsed: 7080s)
  Checkpoint saved (step 11/14).

[12/14] Computing E^{4,0}_3 (Bosonic:)...
    d^{2,1}_2: 12 gens (target_dim=5) done [parallel, 24 workers, 7981 ms]
    [checkpoint #8]
  E^{4,0}_3 = <ZL-Module with torsions [ 2 ]>
  Generators: 1, torsion: [ 2 ]
  Time: 10700 ms  (elapsed: 7095s)
  Checkpoint saved (step 12/14).

[13/14] Computing E^{4,0}_4 (Bosonic:)...
    d2^{1,2}_2: 5 gens (target_dim=20) done [parallel, 24 workers, 140 ms]
    [checkpoint #9]
    d^{1,2}_3: 5 gens (target_dim=1) done [parallel, 24 workers, 40471 ms]
    [checkpoint #10]
  E^{4,0}_4 = <ZL-Module with torsions [ 2 ]>
  Generators: 1, torsion: [ 2 ]
  Time: 46038 ms  (elapsed: 7143s)
  Checkpoint saved (step 13/14).

[14/14] Computing E^{4,0}_5 (Bosonic:)...
  E^{4,0}_5 = <ZL-Module with torsions [ 2 ]>
  Generators: 1, torsion: [ 2 ]
  Time: 2 ms  (elapsed: 7146s)
  Checkpoint saved (step 14/14).

============================================================
Phase A COMPLETE: Classification done.
============================================================

Phase B: Computing group structure...
------------------------------------------------------------
  Parallel config: JOBS=24 THRESHOLD=10 PHASE2=true
  Result(deg=4): 4 layers, pRange=[ 1, 2, 3, 4 ]
  Step1: layer 1/4 (p=1, q=3)...
    ComponentEx(1,3): 1 generators
    ComponentEx(1,3) class 1/1...
      class 1 done [12166921 ms]
    [checkpoint #11]
  Step1: layer 1 done: 1 generators, torsion=[ 0 ] [12171606 ms]
    [checkpoint #12]
  Step1: layer 2/4 (p=2, q=2)...
    ComponentEx(2,2): 0 generators
  Step1: layer 2 done: 0 generators, trivial [0 ms]
    [checkpoint #13]
  Step1: layer 3/4 (p=3, q=1)...
    ComponentEx(3,1): 3 generators
    ComponentEx(3,1) class 1/3...
      class 1 done [148649 ms]
    [checkpoint #14]
    ComponentEx(3,1) class 2/3...
      class 2 done [148612 ms]
    [checkpoint #15]
    ComponentEx(3,1) class 3/3...
      class 3 done [148661 ms]
    [checkpoint #16]
  Step1: layer 3 done: 3 generators, torsion=[ 2, 2, 2 ] [453844 ms]
    [checkpoint #17]
  Step1: layer 4/4 (p=4, q=0)...
    ComponentEx(4,0): 1 generators
    ComponentEx(4,0) class 1/1...
      class 1 done [141 ms]
    [checkpoint #18]
  Step1: layer 4 done: 1 generators, torsion=[ 2 ] [3688 ms]
    [checkpoint #19]
  Step1 done: totalGens=5, nGens=[ 1, 0, 3, 1 ]
  Step3: extension computation, 4 tasks across 3 layers [parallel, 24 workers]
    [checkpoint #20]
    ext layer 3 (p=3): 3 gens done [parallel, 24 workers, 287072 ms]
    [checkpoint #21]

============================================================
Group structure: <ZL-Module with torsions [ 2, 2, 4, 0 ]>
  Phase B time: 12932227 ms  (total elapsed: 20081s)
  Checkpoint saved (group structure done).

============================================================
Phase B COMPLETE: Group structure done.
============================================================

============================================================
ALL DONE: SG #15 (ez)
============================================================
Total elapsed: 20084 s

Classification layers:
  p+ip: E^{1,3}_inf = <ZL-Module with torsions [ 0 ]>
  Majorana: E^{2,2}_inf = <ZL-Module []>
  Complex fermion: E^{3,1}_inf = <ZL-Module with torsions [ 2, 2, 2 ]>
  Bosonic: E^{4,0}_inf = <ZL-Module with torsions [ 2 ]>
Group structure: <ZL-Module with torsions [ 2, 2, 4, 0 ]>
=== SptSet Parallel Stats ===
Config: JOBS=24 THRESHOLD=10 PHASE2=true
P1 (MapFromBarCocycle): 15 parallel calls (18708221ms), 0 sequential calls (
0ms)
P2 (BuildDerivative): 8 calls (981284ms), max_m=20
P2b (SpecSeqResult ext): 1 calls (287072ms), max_ngens=3

Checkpoint file: /home/user/xyren/checkpoints/sg15.ws
=== Exit: 0 ===
=== End: Sun Mar  1 11:44:04 HKT 2026 ===
