Warning: no access to tty (Bad file descriptor).
Thus no job control in this shell.
=== SptSet Space Group #11 ===
Host: n01.local
Date: Sat Feb 28 19:07:32 HKT 2026
Fresh start.
#I  polymake command not found. Please set POLYMAKE_COMMAND by hand
#I  HAP warning: Set DISPLAY_PATH manually if needed.
#I  HAP warning: Set BROWSER_PATH manually if needed.
#I  HAP warning: Set ASY_PATH manually if needed.
#E  component `License' must be bound to a nonempty string containing an SPDX \
ID
#E  component `ArchiveURL' must be bound to a string started with http://, htt\
ps:// or ftp://
#E  component `ArchiveFormats' must be bound to a string
#E  component `README_URL' must be bound to a string started with http://, htt\
ps:// or ftp://
#E  component `PackageInfoURL' must be bound to a string started with http://,\
 https:// or ftp://
#E  component `AbstractHTML' must be bound to a string
#E  component `PackageWWWHome' must be bound to a string started with http://,\
 https:// or ftp://
#E  component `ArchiveURLSubset' must be bound to a list of strings denoting r\
elative paths to readable files or directories
#E  component `HTMLStart' must be bound to a string denoting a relative path t\
o a readable file
#E  component `PDFFile' must be bound to a string denoting a relative path to \
a readable file
#E  component `LongTitle' must be bound to a string
#E Validation of package sptset from /home/user/xyren/software/gap-4.13.1/pkg/\
SptSet/ failed
============================================================
SptSet Checkpoint Driver
  Space group: #11
  Mode: ez
  Checkpoint file: /home/user/xyren/checkpoints/sg11.ws
  Parallel: JOBS=24 THRESHOLD=10 PHASE2=true
  Group structure: true
============================================================
Building resolution for SG #11...
  Resolution built in 4518 ms
  Dimensions: 1 5 12 20 28 36 44 
Spectral sequence created.

FRESH START — beginning computation.

Phase A: Classification (14 pages)
------------------------------------------------------------
[1/14] Computing E^{1,3}_2 (p+ip:)...
  E^{1,3}_2 = <ZL-Module with torsions [ 2, 0 ]>
  Generators: 2, torsion: [ 2, 0 ]
  Time: 18 ms  (elapsed: 4s)
  Checkpoint saved (step 1/14).

[2/14] Computing E^{1,3}_3 (p+ip:)...
    d2^{1,3}_2: 2 gens (target_dim=20) done [parallel, 24 workers, 379 ms]
    [checkpoint #1]
  E^{1,3}_3 = <ZL-Module with torsions [ 0 ]>
  Generators: 1, torsion: [ 0 ]
  Time: 5365 ms  (elapsed: 13s)
  Checkpoint saved (step 2/14).

[3/14] Computing E^{1,3}_4 (p+ip:)...
    d2^{2,2}_2: 12 gens (target_dim=28) done [parallel, 24 workers, 2912 ms]
    [checkpoint #2]
    d2^{1,3}_3 gen 1/1 (target_dim=28)...
      gen 1 done [4515 ms]
    [checkpoint #3]
  E^{1,3}_4 = <ZL-Module with torsions [ 0 ]>
  Generators: 1, torsion: [ 0 ]
  Time: 16581 ms  (elapsed: 35s)
  Checkpoint saved (step 3/14).

[4/14] Computing E^{1,3}_5 (p+ip:)...
    d2^{3,1}_2: 20 gens (target_dim=44) done [parallel, 24 workers, 138549 ms]
    [checkpoint #4]
    d2^{2,2}_3: 12 gens (target_dim=44) done [parallel, 24 workers, 909410 ms]
    [checkpoint #5]
    d2^{1,3}_4 gen 1/1 (target_dim=44)...
      gen 1 done [6583708 ms]
    [checkpoint #6]
  E^{1,3}_5 = <ZL-Module with torsions [ 0 ]>
  Generators: 1, torsion: [ 0 ]
  Time: 7640644 ms  (elapsed: 7689s)
  Checkpoint saved (step 4/14).

[5/14] Computing E^{2,2}_2 (Majorana:)...
  E^{2,2}_2 = <ZL-Module with torsions [ 2, 2, 2, 2, 2, 2, 2 ]>
  Generators: 7, torsion: [ 2, 2, 2, 2, 2, 2, 2 ]
  Time: 13 ms  (elapsed: 7692s)
  Checkpoint saved (step 5/14).

[6/14] Computing E^{2,2}_3 (Majorana:)...
  E^{2,2}_3 = <ZL-Module []>
  Time: 15 ms  (elapsed: 7695s)
  Checkpoint saved (step 6/14).

[7/14] Computing E^{2,2}_4 (Majorana:)...
  E^{2,2}_4 = <ZL-Module []>
  Time: 0 ms  (elapsed: 7697s)
  Checkpoint saved (step 7/14).

[8/14] Computing E^{3,1}_2 (Complex fermion:)...
  E^{3,1}_2 = <ZL-Module with torsions [ 2, 2, 2, 2, 2, 2, 2, 2 ]>
  Generators: 8, torsion: [ 2, 2, 2, 2, 2, 2, 2, 2 ]
  Time: 54 ms  (elapsed: 7700s)
  Checkpoint saved (step 8/14).

[9/14] Computing E^{3,1}_3 (Complex fermion:)...
    d^{1,2}_2: 5 gens (target_dim=8) done [parallel, 24 workers, 119 ms]
    [checkpoint #7]
  E^{3,1}_3 = <ZL-Module with torsions [ 2, 2 ]>
  Generators: 2, torsion: [ 2, 2 ]
  Time: 3116 ms  (elapsed: 7706s)
  Checkpoint saved (step 9/14).

[10/14] Computing E^{3,1}_4 (Complex fermion:)...
  E^{3,1}_4 = <ZL-Module with torsions [ 2, 2 ]>
  Generators: 2, torsion: [ 2, 2 ]
  Time: 2 ms  (elapsed: 7708s)
  Checkpoint saved (step 10/14).

[11/14] Computing E^{4,0}_2 (Bosonic:)...
  E^{4,0}_2 = <ZL-Module with torsions [ 2, 2, 2, 2, 2, 2 ]>
  Generators: 6, torsion: [ 2, 2, 2, 2, 2, 2 ]
  Time: 295 ms  (elapsed: 7711s)
  Checkpoint saved (step 11/14).

[12/14] Computing E^{4,0}_3 (Bosonic:)...
    d^{2,1}_2: 12 gens (target_dim=6) done [parallel, 24 workers, 8414 ms]
    [checkpoint #8]
  E^{4,0}_3 = <ZL-Module with torsions [ 2 ]>
  Generators: 1, torsion: [ 2 ]
  Time: 11168 ms  (elapsed: 7725s)
  Checkpoint saved (step 12/14).

[13/14] Computing E^{4,0}_4 (Bosonic:)...
    d2^{1,2}_2: 5 gens (target_dim=20) done [parallel, 24 workers, 120 ms]
    [checkpoint #9]
    d^{1,2}_3: 5 gens (target_dim=1) done [parallel, 24 workers, 39650 ms]
    [checkpoint #10]
  E^{4,0}_4 = <ZL-Module with torsions [ 2 ]>
  Generators: 1, torsion: [ 2 ]
  Time: 45361 ms  (elapsed: 7773s)
  Checkpoint saved (step 13/14).

[14/14] Computing E^{4,0}_5 (Bosonic:)...
  E^{4,0}_5 = <ZL-Module with torsions [ 2 ]>
  Generators: 1, torsion: [ 2 ]
  Time: 2 ms  (elapsed: 7776s)
  Checkpoint saved (step 14/14).

============================================================
Phase A COMPLETE: Classification done.
============================================================

Phase B: Computing group structure...
------------------------------------------------------------
  Parallel config: JOBS=24 THRESHOLD=10 PHASE2=true
  Result(deg=4): 4 layers, pRange=[ 1, 2, 3, 4 ]
  Step1: layer 1/4 (p=1, q=3)...
    ComponentEx(1,3): 1 generators
    ComponentEx(1,3) class 1/1...
      class 1 done [13163931 ms]
    [checkpoint #11]
  Step1: layer 1 done: 1 generators, torsion=[ 0 ] [13168359 ms]
    [checkpoint #12]
  Step1: layer 2/4 (p=2, q=2)...
    ComponentEx(2,2): 0 generators
  Step1: layer 2 done: 0 generators, trivial [0 ms]
    [checkpoint #13]
  Step1: layer 3/4 (p=3, q=1)...
    ComponentEx(3,1): 2 generators
    ComponentEx(3,1) class 1/2...
      class 1 done [162808 ms]
    [checkpoint #14]
    ComponentEx(3,1) class 2/2...
      class 2 done [162693 ms]
    [checkpoint #15]
  Step1: layer 3 done: 2 generators, torsion=[ 2, 2 ] [331737 ms]
    [checkpoint #16]
  Step1: layer 4/4 (p=4, q=0)...
    ComponentEx(4,0): 1 generators
    ComponentEx(4,0) class 1/1...
      class 1 done [142 ms]
    [checkpoint #17]
  Step1: layer 4 done: 1 generators, torsion=[ 2 ] [2819 ms]
    [checkpoint #18]
  Step1 done: totalGens=4, nGens=[ 1, 0, 2, 1 ]
  Step3: extension computation, 3 tasks across 3 layers [parallel, 24 workers]
    [checkpoint #19]
    ext layer 3 (p=3): 2 gens done [parallel, 24 workers, 263545 ms]
    [checkpoint #20]

============================================================
Group structure: <ZL-Module with torsions [ 2, 4, 0 ]>
  Phase B time: 13782952 ms  (total elapsed: 21561s)
  Checkpoint saved (group structure done).

============================================================
Phase B COMPLETE: Group structure done.
============================================================

============================================================
ALL DONE: SG #11 (ez)
============================================================
Total elapsed: 21564 s

Classification layers:
  p+ip: E^{1,3}_inf = <ZL-Module with torsions [ 0 ]>
  Majorana: E^{2,2}_inf = <ZL-Module []>
  Complex fermion: E^{3,1}_inf = <ZL-Module with torsions [ 2, 2 ]>
  Bosonic: E^{4,0}_inf = <ZL-Module with torsions [ 2 ]>
Group structure: <ZL-Module with torsions [ 2, 4, 0 ]>
=== SptSet Parallel Stats ===
Config: JOBS=24 THRESHOLD=10 PHASE2=true
P1 (MapFromBarCocycle): 13 parallel calls (20076154ms), 0 sequential calls (
0ms)
P2 (BuildDerivative): 8 calls (1099553ms), max_m=20
P2b (SpecSeqResult ext): 1 calls (263545ms), max_ngens=2

Checkpoint file: /home/user/xyren/checkpoints/sg11.ws
=== Exit: 0 ===
=== End: Sun Mar  1 01:07:17 HKT 2026 ===
