=== SptSet Space Group #27 (bigmem node) ===
Host: n02.local
Date: Sun Mar  1 00:10:15 HKT 2026
Fresh start.
#I  polymake command not found. Please set POLYMAKE_COMMAND by hand
#I  HAP warning: Set DISPLAY_PATH manually if needed.
#I  HAP warning: Set BROWSER_PATH manually if needed.
#I  HAP warning: Set ASY_PATH manually if needed.
#E  component `License' must be bound to a nonempty string containing an SPDX \
ID
#E  component `ArchiveURL' must be bound to a string started with http://, htt\
ps:// or ftp://
#E  component `ArchiveFormats' must be bound to a string
#E  component `README_URL' must be bound to a string started with http://, htt\
ps:// or ftp://
#E  component `PackageInfoURL' must be bound to a string started with http://,\
 https:// or ftp://
#E  component `AbstractHTML' must be bound to a string
#E  component `PackageWWWHome' must be bound to a string started with http://,\
 https:// or ftp://
#E  component `ArchiveURLSubset' must be bound to a list of strings denoting r\
elative paths to readable files or directories
#E  component `HTMLStart' must be bound to a string denoting a relative path t\
o a readable file
#E  component `PDFFile' must be bound to a string denoting a relative path to \
a readable file
#E  component `LongTitle' must be bound to a string
#E Validation of package sptset from /home/user/xyren/software/gap-4.13.1/pkg/\
SptSet/ failed
============================================================
SptSet Checkpoint Driver
  Space group: #27
  Mode: ez
  Checkpoint file: /home/user/xyren/checkpoints/sg27.ws
  Parallel: JOBS=24 THRESHOLD=10 PHASE2=true
  Group structure: true
============================================================
Building resolution for SG #27...
  Resolution built in 4006 ms
  Dimensions: 1 5 12 20 28 36 44 
Spectral sequence created.

FRESH START — beginning computation.

Phase A: Classification (14 pages)
------------------------------------------------------------
Syntax warning: Unbound global variable in /home/user/xyren/software/gap-4.13.\
1/pkg/SptSet/jobs/checkpoint_driver.g:137
                  j_ -> Erpq_!.relations[j_][j_]), "\n");;
                        ^^^^^
[1/14] Computing E^{1,3}_2 (p+ip:)...
  E^{1,3}_2 = <ZL-Module with torsions [ 2 ]>
  Generators: 1, torsion: [ 2 ]
  Time: 19 ms  (elapsed: 4s)
  Checkpoint saved (step 1/14).

[2/14] Computing E^{1,3}_3 (p+ip:)...
    d2^{1,3}_2 gen 1/1 (target_dim=20)...
      gen 1 done [144 ms]
    [checkpoint #1]
  E^{1,3}_3 = <ZL-Module with torsions [ 2 ]>
  Generators: 1, torsion: [ 2 ]
  Time: 3090 ms  (elapsed: 9s)
  Checkpoint saved (step 2/14).

[3/14] Computing E^{1,3}_4 (p+ip:)...
    d2^{2,2}_2: 12 gens (target_dim=28) done [parallel, 24 workers, 2097 ms]
    [checkpoint #2]
    d2^{1,3}_3 gen 1/1 (target_dim=28)...
      gen 1 done [2943 ms]
    [checkpoint #3]
  E^{1,3}_4 = <ZL-Module []>
  Time: 11063 ms  (elapsed: 23s)
  Checkpoint saved (step 3/14).

[4/14] Computing E^{1,3}_5 (p+ip:)...
    d2^{3,1}_2: 20 gens (target_dim=44) done [parallel, 24 workers, 99857 ms]
    [checkpoint #4]
    d2^{2,2}_3: 12 gens (target_dim=44) done [parallel, 24 workers, 605719 ms]
    [checkpoint #5]
  E^{1,3}_5 = <ZL-Module []>
  Time: 711462 ms  (elapsed: 738s)
  Checkpoint saved (step 4/14).

[5/14] Computing E^{2,2}_2 (Majorana:)...
  E^{2,2}_2 = <ZL-Module with torsions [ 2, 2, 2, 2, 2, 2, 2 ]>
  Generators: 7, torsion: [ 2, 2, 2, 2, 2, 2, 2 ]
  Time: 15 ms  (elapsed: 740s)
  Checkpoint saved (step 5/14).

[6/14] Computing E^{2,2}_3 (Majorana:)...
  E^{2,2}_3 = <ZL-Module with torsions [ 2, 2, 2 ]>
  Generators: 3, torsion: [ 2, 2, 2 ]
  Time: 18 ms  (elapsed: 743s)
  Checkpoint saved (step 6/14).

[7/14] Computing E^{2,2}_4 (Majorana:)...
  E^{2,2}_4 = <ZL-Module with torsions [ 2, 2, 2 ]>
  Generators: 3, torsion: [ 2, 2, 2 ]
  Time: 393 ms  (elapsed: 746s)
  Checkpoint saved (step 7/14).

[8/14] Computing E^{3,1}_2 (Complex fermion:)...
  E^{3,1}_2 = <ZL-Module with torsions [ 2, 2, 2, 2, 2, 2, 2, 2 ]>
  Generators: 8, torsion: [ 2, 2, 2, 2, 2, 2, 2, 2 ]
  Time: 52 ms  (elapsed: 749s)
  Checkpoint saved (step 8/14).

[9/14] Computing E^{3,1}_3 (Complex fermion:)...
    d^{1,2}_2: 5 gens (target_dim=8) done [parallel, 24 workers, 89 ms]
    [checkpoint #6]
  E^{3,1}_3 = <ZL-Module with torsions [ 2 ]>
  Generators: 1, torsion: [ 2 ]
  Time: 3086 ms  (elapsed: 755s)
  Checkpoint saved (step 9/14).

[10/14] Computing E^{3,1}_4 (Complex fermion:)...
  E^{3,1}_4 = <ZL-Module with torsions [ 2 ]>
  Generators: 1, torsion: [ 2 ]
  Time: 2 ms  (elapsed: 757s)
  Checkpoint saved (step 10/14).

[11/14] Computing E^{4,0}_2 (Bosonic:)...
  E^{4,0}_2 = <ZL-Module with torsions [ 2, 2, 2, 2 ]>
  Generators: 4, torsion: [ 2, 2, 2, 2 ]
  Time: 289 ms  (elapsed: 760s)
  Checkpoint saved (step 11/14).

[12/14] Computing E^{4,0}_3 (Bosonic:)...
    d^{2,1}_2: 12 gens (target_dim=4) done [parallel, 24 workers, 7229 ms]
    [checkpoint #7]
  E^{4,0}_3 = <ZL-Module []>
  Time: 10006 ms  (elapsed: 773s)
  Checkpoint saved (step 12/14).

[13/14] Computing E^{4,0}_4 (Bosonic:)...
    d2^{1,2}_2: 5 gens (target_dim=20) done [parallel, 24 workers, 88 ms]
    [checkpoint #8]
  E^{4,0}_4 = <ZL-Module []>
  Time: 2805 ms  (elapsed: 780s)
  Checkpoint saved (step 13/14).

[14/14] Computing E^{4,0}_5 (Bosonic:)...
  E^{4,0}_5 = <ZL-Module []>
  Time: 1 ms  (elapsed: 782s)
  Checkpoint saved (step 14/14).

============================================================
Phase A COMPLETE: Classification done.
============================================================

Phase B: Computing group structure...
------------------------------------------------------------
  Parallel config: JOBS=24 THRESHOLD=10 PHASE2=true
  Result(deg=4): 4 layers, pRange=[ 1, 2, 3, 4 ]
  Step1: layer 1/4 (p=1, q=3)...
    ComponentEx(1,3): 0 generators
  Step1: layer 1 done: 0 generators, trivial [0 ms]
    [checkpoint #9]
  Step1: layer 2/4 (p=2, q=2)...
    ComponentEx(2,2): 3 generators
    ComponentEx(2,2) class 1/3...
      class 1 done [480455 ms]
    [checkpoint #10]
    ComponentEx(2,2) class 2/3...
      class 2 done [479647 ms]
    [checkpoint #11]
    ComponentEx(2,2) class 3/3...
      class 3 done [480591 ms]
    [checkpoint #12]
  Step1: layer 2 done: 3 generators, torsion=[ 2, 2, 2 ] [1449886 ms]
    [checkpoint #13]
  Step1: layer 3/4 (p=3, q=1)...
    ComponentEx(3,1): 1 generators
    ComponentEx(3,1) class 1/1...
      class 1 done [121496 ms]
    [checkpoint #14]
  Step1: layer 3 done: 1 generators, torsion=[ 2 ] [124162 ms]
    [checkpoint #15]
  Step1: layer 4/4 (p=4, q=0)...
    ComponentEx(4,0): 0 generators
  Step1: layer 4 done: 0 generators, trivial [0 ms]
    [checkpoint #16]
  Step1 done: totalGens=4, nGens=[ 0, 3, 1, 0 ]
  Step3: extension computation, 4 tasks across 3 layers [parallel, 24 workers]
    ext layer 2 (p=2): 3 gens done [parallel, 24 workers, 581474 ms]
    [checkpoint #17]
    ext layer 3 (p=3) gen 1/1 (torsion=2)...
      gen 1 done [0 ms]
    [checkpoint #18]

============================================================
Group structure: <ZL-Module with torsions [ 2, 2, 2, 2 ]>
  Phase B time: 2172529 ms  (total elapsed: 2957s)
  Checkpoint saved (group structure done).

============================================================
Phase B COMPLETE: Group structure done.
============================================================

============================================================
ALL DONE: SG #27 (ez)
============================================================
Total elapsed: 2960 s

Classification layers:
  p+ip: E^{1,3}_inf = <ZL-Module []>
  Majorana: E^{2,2}_inf = <ZL-Module with torsions [ 2, 2, 2 ]>
  Complex fermion: E^{3,1}_inf = <ZL-Module with torsions [ 2 ]>
  Bosonic: E^{4,0}_inf = <ZL-Module []>
Group structure: <ZL-Module with torsions [ 2, 2, 2, 2 ]>
=== SptSet Parallel Stats ===
Config: JOBS=24 THRESHOLD=10 PHASE2=true
P1 (MapFromBarCocycle): 11 parallel calls (1563560ms), 0 sequential calls (
0ms)
P2 (BuildDerivative): 6 calls (715079ms), max_m=20
P2b (SpecSeqResult ext): 1 calls (581474ms), max_ngens=3

Checkpoint file: /home/user/xyren/checkpoints/sg27.ws
=== Exit: 0 ===
=== End: Sun Mar  1 00:59:55 HKT 2026 ===
