=== SptSet Space Group #21 (bigmem node) ===
Host: n04.local
Date: Sun Mar  1 16:11:29 HKT 2026
Fresh start.
#I  polymake command not found. Please set POLYMAKE_COMMAND by hand
#I  HAP warning: Set DISPLAY_PATH manually if needed.
#I  HAP warning: Set BROWSER_PATH manually if needed.
#I  HAP warning: Set ASY_PATH manually if needed.
#E  component `License' must be bound to a nonempty string containing an SPDX \
ID
#E  component `ArchiveURL' must be bound to a string started with http://, htt\
ps:// or ftp://
#E  component `ArchiveFormats' must be bound to a string
#E  component `README_URL' must be bound to a string started with http://, htt\
ps:// or ftp://
#E  component `PackageInfoURL' must be bound to a string started with http://,\
 https:// or ftp://
#E  component `AbstractHTML' must be bound to a string
#E  component `PackageWWWHome' must be bound to a string started with http://,\
 https:// or ftp://
#E  component `ArchiveURLSubset' must be bound to a list of strings denoting r\
elative paths to readable files or directories
#E  component `HTMLStart' must be bound to a string denoting a relative path t\
o a readable file
#E  component `PDFFile' must be bound to a string denoting a relative path to \
a readable file
#E  component `LongTitle' must be bound to a string
#E Validation of package sptset from /home/user/xyren/software/gap-4.13.1/pkg/\
SptSet/ failed
============================================================
SptSet Checkpoint Driver
  Space group: #21
  Mode: ez
  Checkpoint file: /home/user/xyren/checkpoints/sg21.ws
  Parallel: JOBS=24 THRESHOLD=10 PHASE2=true
  Group structure: true
============================================================
Building resolution for SG #21...
  Resolution built in 3564 ms
  Dimensions: 1 5 12 20 28 36 44 
Spectral sequence created.

FRESH START — beginning computation.

Phase A: Classification (14 pages)
------------------------------------------------------------
Syntax warning: Unbound global variable in /home/user/xyren/software/gap-4.13.\
1/pkg/SptSet/jobs/checkpoint_driver.g:137
                  j_ -> Erpq_!.relations[j_][j_]), "\n");;
                        ^^^^^
[1/14] Computing E^{1,3}_2 (p+ip:)...
  E^{1,3}_2 = <ZL-Module []>
  Time: 18 ms  (elapsed: 3s)
  Checkpoint saved (step 1/14).

[2/14] Computing E^{1,3}_3 (p+ip:)...
  E^{1,3}_3 = <ZL-Module []>
  Time: 23 ms  (elapsed: 6s)
  Checkpoint saved (step 2/14).

[3/14] Computing E^{1,3}_4 (p+ip:)...
    d2^{2,2}_2: 12 gens (target_dim=28) done [parallel, 24 workers, 2207 ms]
    [checkpoint #1]
  E^{1,3}_4 = <ZL-Module []>
  Time: 4949 ms  (elapsed: 13s)
  Checkpoint saved (step 3/14).

[4/14] Computing E^{1,3}_5 (p+ip:)...
    d^{0,3}_2 gen 1/1 (target_dim=12)...
      gen 1 done [44 ms]
    [checkpoint #2]
    d2^{3,1}_2: 20 gens (target_dim=44) done [parallel, 24 workers, 55227 ms]
    [checkpoint #3]
    d2^{2,2}_3: 12 gens (target_dim=44) done [parallel, 24 workers, 419749 ms]
    [checkpoint #4]
  E^{1,3}_5 = <ZL-Module []>
  Time: 484311 ms  (elapsed: 500s)
  Checkpoint saved (step 4/14).

[5/14] Computing E^{2,2}_2 (Majorana:)...
  E^{2,2}_2 = <ZL-Module with torsions [ 2, 2, 2, 2, 2, 2, 2, 2 ]>
  Generators: 8, torsion: [ 2, 2, 2, 2, 2, 2, 2, 2 ]
  Time: 14 ms  (elapsed: 503s)
  Checkpoint saved (step 5/14).

[6/14] Computing E^{2,2}_3 (Majorana:)...
  E^{2,2}_3 = <ZL-Module with torsions [ 2 ]>
  Generators: 1, torsion: [ 2 ]
  Time: 16 ms  (elapsed: 505s)
  Checkpoint saved (step 6/14).

[7/14] Computing E^{2,2}_4 (Majorana:)...
  E^{2,2}_4 = <ZL-Module with torsions [ 2 ]>
  Generators: 1, torsion: [ 2 ]
  Time: 438 ms  (elapsed: 508s)
  Checkpoint saved (step 7/14).

[8/14] Computing E^{3,1}_2 (Complex fermion:)...
  E^{3,1}_2 = <ZL-Module with torsions [ 2, 2, 2, 2, 2, 2, 2, 2, 2, 2, 2, 2 ]>
  Generators: 12, torsion: [ 2, 2, 2, 2, 2, 2, 2, 2, 2, 2, 2, 2 ]
  Time: 51 ms  (elapsed: 511s)
  Checkpoint saved (step 8/14).

[9/14] Computing E^{3,1}_3 (Complex fermion:)...
    d^{1,2}_2: 5 gens (target_dim=12) done [parallel, 24 workers, 106 ms]
    [checkpoint #5]
  E^{3,1}_3 = <ZL-Module with torsions [ 2 ]>
  Generators: 1, torsion: [ 2 ]
  Time: 3468 ms  (elapsed: 517s)
  Checkpoint saved (step 9/14).

[10/14] Computing E^{3,1}_4 (Complex fermion:)...
    d2^{0,3}_2 gen 1/1 (target_dim=12)...
      gen 1 done [42 ms]
    [checkpoint #6]
    d^{0,3}_3 gen 1/1 (target_dim=1)...
      gen 1 done [269 ms]
    [checkpoint #7]
  E^{3,1}_4 = <ZL-Module with torsions [ 2 ]>
  Generators: 1, torsion: [ 2 ]
  Time: 5617 ms  (elapsed: 526s)
  Checkpoint saved (step 10/14).

[11/14] Computing E^{4,0}_2 (Bosonic:)...
  E^{4,0}_2 = <ZL-Module with torsions [ 2, 2, 2, 2, 2, 2, 2, 2, 2 ]>
  Generators: 9, torsion: [ 2, 2, 2, 2, 2, 2, 2, 2, 2 ]
  Time: 284 ms  (elapsed: 529s)
  Checkpoint saved (step 11/14).

[12/14] Computing E^{4,0}_3 (Bosonic:)...
    d^{2,1}_2: 12 gens (target_dim=9) done [parallel, 24 workers, 5948 ms]
    [checkpoint #8]
  E^{4,0}_3 = <ZL-Module with torsions [ 2, 2, 2, 2, 2, 2, 2, 2, 2 ]>
  Generators: 9, torsion: [ 2, 2, 2, 2, 2, 2, 2, 2, 2 ]
  Time: 8715 ms  (elapsed: 540s)
  Checkpoint saved (step 12/14).

[13/14] Computing E^{4,0}_4 (Bosonic:)...
    d2^{1,2}_2: 5 gens (target_dim=20) done [parallel, 24 workers, 100 ms]
    [checkpoint #9]
    d^{1,2}_3: 5 gens (target_dim=9) done [parallel, 24 workers, 32920 ms]
    [checkpoint #10]
  E^{4,0}_4 = <ZL-Module with torsions [ 2, 2, 2, 2, 2, 2, 2, 2, 2 ]>
  Generators: 9, torsion: [ 2, 2, 2, 2, 2, 2, 2, 2, 2 ]
  Time: 41410 ms  (elapsed: 584s)
  Checkpoint saved (step 13/14).

[14/14] Computing E^{4,0}_5 (Bosonic:)...
    d2^{0,3}_3 gen 1/1 (target_dim=17)...
      gen 1 done [237 ms]
    [checkpoint #11]
    d^{0,3}_4 gen 1/1 (target_dim=9)...
      gen 1 done [175384 ms]
    [checkpoint #12]
  E^{4,0}_5 = <ZL-Module with torsions [ 2, 2, 2, 2, 2, 2, 2, 2, 2 ]>
  Generators: 9, torsion: [ 2, 2, 2, 2, 2, 2, 2, 2, 2 ]
  Time: 180980 ms  (elapsed: 768s)
  Checkpoint saved (step 14/14).

============================================================
Phase A COMPLETE: Classification done.
============================================================

Phase B: Computing group structure...
------------------------------------------------------------
  Parallel config: JOBS=24 THRESHOLD=10 PHASE2=true
  Result(deg=4): 4 layers, pRange=[ 1, 2, 3, 4 ]
  Step1: layer 1/4 (p=1, q=3)...
    ComponentEx(1,3): 0 generators
  Step1: layer 1 done: 0 generators, trivial [0 ms]
    [checkpoint #13]
  Step1: layer 2/4 (p=2, q=2)...
    ComponentEx(2,2): 1 generators
    ComponentEx(2,2) class 1/1...
      class 1 done [386510 ms]
    [checkpoint #14]
  Step1: layer 2 done: 1 generators, torsion=[ 2 ] [389143 ms]
    [checkpoint #15]
  Step1: layer 3/4 (p=3, q=1)...
    ComponentEx(3,1): 1 generators
    ComponentEx(3,1) class 1/1...
      class 1 done [92778 ms]
    [checkpoint #16]
  Step1: layer 3 done: 1 generators, torsion=[ 2 ] [95433 ms]
    [checkpoint #17]
  Step1: layer 4/4 (p=4, q=0)...
    ComponentEx(4,0): 9 generators
    ComponentEx(4,0) class 1/9...
      class 1 done [132 ms]
    [checkpoint #18]
    ComponentEx(4,0) class 2/9...
      class 2 done [132 ms]
    [checkpoint #19]
    ComponentEx(4,0) class 3/9...
      class 3 done [132 ms]
    [checkpoint #20]
    ComponentEx(4,0) class 4/9...
      class 4 done [132 ms]
    [checkpoint #21]
    ComponentEx(4,0) class 5/9...
      class 5 done [132 ms]
    [checkpoint #22]
    ComponentEx(4,0) class 6/9...
      class 6 done [132 ms]
    [checkpoint #23]
    ComponentEx(4,0) class 7/9...
      class 7 done [132 ms]
    [checkpoint #24]
    ComponentEx(4,0) class 8/9...
      class 8 done [132 ms]
    [checkpoint #25]
    ComponentEx(4,0) class 9/9...
      class 9 done [132 ms]
    [checkpoint #26]
  Step1: layer 4 done: 9 generators, torsion=[ 2, 2, 2, 2, 2, 2, 2, 2, 2 ] [
25144 ms]
    [checkpoint #27]
  Step1 done: totalGens=11, nGens=[ 0, 1, 1, 9 ]
  Step3: extension computation, 2 tasks across 3 layers [parallel, 24 workers]
    ext layer 2 (p=2) gen 1/1 (torsion=2)...
      gen 1 done [969 ms]
    [checkpoint #28]
    ext layer 3 (p=3) gen 1/1 (torsion=2)...
      gen 1 done [198530 ms]
    [checkpoint #29]

============================================================
Group structure: <ZL-Module with torsions [ 2, 2, 2, 2, 2, 2, 2, 2, 8 ]>
  Phase B time: 725124 ms  (total elapsed: 1496s)
  Checkpoint saved (group structure done).

============================================================
Phase B COMPLETE: Group structure done.
============================================================

============================================================
ALL DONE: SG #21 (ez)
============================================================
Total elapsed: 1498 s

Classification layers:
  p+ip: E^{1,3}_inf = <ZL-Module []>
  Majorana: E^{2,2}_inf = <ZL-Module with torsions [ 2 ]>
  Complex fermion: E^{3,1}_inf = <ZL-Module with torsions [ 2 ]>
  Bosonic: E^{4,
0}_inf = <ZL-Module with torsions [ 2, 2, 2, 2, 2, 2, 2, 2, 2 ]>
Group structure: <ZL-Module with torsions [ 2, 2, 2, 2, 2, 2, 2, 2, 8 ]>
=== SptSet Parallel Stats ===
Config: JOBS=24 THRESHOLD=10 PHASE2=true
P1 (MapFromBarCocycle): 19 parallel calls (852526ms), 0 sequential calls (0ms)
P2 (BuildDerivative): 7 calls (516257ms), max_m=20
P2b (SpecSeqResult ext): 0 calls (0ms), max_ngens=0

Checkpoint file: /home/user/xyren/checkpoints/sg21.ws
=== Exit: 0 ===
=== End: Sun Mar  1 16:36:48 HKT 2026 ===
