=== SptSet Space Group #35 (bigmem node) ===
Host: n03.local
Date: Sun Mar  1 13:03:09 HKT 2026
Fresh start.
#I  polymake command not found. Please set POLYMAKE_COMMAND by hand
#I  HAP warning: Set DISPLAY_PATH manually if needed.
#I  HAP warning: Set BROWSER_PATH manually if needed.
#I  HAP warning: Set ASY_PATH manually if needed.
#E  component `License' must be bound to a nonempty string containing an SPDX \
ID
#E  component `ArchiveURL' must be bound to a string started with http://, htt\
ps:// or ftp://
#E  component `ArchiveFormats' must be bound to a string
#E  component `README_URL' must be bound to a string started with http://, htt\
ps:// or ftp://
#E  component `PackageInfoURL' must be bound to a string started with http://,\
 https:// or ftp://
#E  component `AbstractHTML' must be bound to a string
#E  component `PackageWWWHome' must be bound to a string started with http://,\
 https:// or ftp://
#E  component `ArchiveURLSubset' must be bound to a list of strings denoting r\
elative paths to readable files or directories
#E  component `HTMLStart' must be bound to a string denoting a relative path t\
o a readable file
#E  component `PDFFile' must be bound to a string denoting a relative path to \
a readable file
#E  component `LongTitle' must be bound to a string
#E Validation of package sptset from /home/user/xyren/software/gap-4.13.1/pkg/\
SptSet/ failed
============================================================
SptSet Checkpoint Driver
  Space group: #35
  Mode: ez
  Checkpoint file: /home/user/xyren/checkpoints/sg35.ws
  Parallel: JOBS=24 THRESHOLD=10 PHASE2=true
  Group structure: true
============================================================
Building resolution for SG #35...
  Resolution built in 3368 ms
  Dimensions: 1 5 12 20 28 36 44 
Spectral sequence created.

FRESH START — beginning computation.

Phase A: Classification (14 pages)
------------------------------------------------------------
Syntax warning: Unbound global variable in /home/user/xyren/software/gap-4.13.\
1/pkg/SptSet/jobs/checkpoint_driver.g:137
                  j_ -> Erpq_!.relations[j_][j_]), "\n");;
                        ^^^^^
[1/14] Computing E^{1,3}_2 (p+ip:)...
  E^{1,3}_2 = <ZL-Module with torsions [ 2 ]>
  Generators: 1, torsion: [ 2 ]
  Time: 19 ms  (elapsed: 3s)
  Checkpoint saved (step 1/14).

[2/14] Computing E^{1,3}_3 (p+ip:)...
    d2^{1,3}_2 gen 1/1 (target_dim=20)...
      gen 1 done [141 ms]
    [checkpoint #1]
  E^{1,3}_3 = <ZL-Module []>
  Time: 2864 ms  (elapsed: 8s)
  Checkpoint saved (step 2/14).

[3/14] Computing E^{1,3}_4 (p+ip:)...
    d2^{2,2}_2: 12 gens (target_dim=28) done [parallel, 24 workers, 1767 ms]
    [checkpoint #2]
  E^{1,3}_4 = <ZL-Module []>
  Time: 4577 ms  (elapsed: 16s)
  Checkpoint saved (step 3/14).

[4/14] Computing E^{1,3}_5 (p+ip:)...
    d2^{3,1}_2: 20 gens (target_dim=44) done [parallel, 24 workers, 48135 ms]
    [checkpoint #3]
    d2^{2,2}_3: 12 gens (target_dim=44) done [parallel, 24 workers, 312755 ms]
    [checkpoint #4]
  E^{1,3}_5 = <ZL-Module []>
  Time: 366615 ms  (elapsed: 385s)
  Checkpoint saved (step 4/14).

[5/14] Computing E^{2,2}_2 (Majorana:)...
  E^{2,2}_2 = <ZL-Module with torsions [ 2, 2, 2, 2, 2, 2, 2, 2 ]>
  Generators: 8, torsion: [ 2, 2, 2, 2, 2, 2, 2, 2 ]
  Time: 14 ms  (elapsed: 388s)
  Checkpoint saved (step 5/14).

[6/14] Computing E^{2,2}_3 (Majorana:)...
  E^{2,2}_3 = <ZL-Module with torsions [ 2 ]>
  Generators: 1, torsion: [ 2 ]
  Time: 14 ms  (elapsed: 390s)
  Checkpoint saved (step 6/14).

[7/14] Computing E^{2,2}_4 (Majorana:)...
  E^{2,2}_4 = <ZL-Module with torsions [ 2 ]>
  Generators: 1, torsion: [ 2 ]
  Time: 418 ms  (elapsed: 393s)
  Checkpoint saved (step 7/14).

[8/14] Computing E^{3,1}_2 (Complex fermion:)...
  E^{3,1}_2 = <ZL-Module with torsions [ 2, 2, 2, 2, 2, 2, 2, 2, 2, 2, 2, 2 ]>
  Generators: 12, torsion: [ 2, 2, 2, 2, 2, 2, 2, 2, 2, 2, 2, 2 ]
  Time: 50 ms  (elapsed: 396s)
  Checkpoint saved (step 8/14).

[9/14] Computing E^{3,1}_3 (Complex fermion:)...
    d^{1,2}_2: 5 gens (target_dim=12) done [parallel, 24 workers, 88 ms]
    [checkpoint #5]
  E^{3,1}_3 = <ZL-Module with torsions [ 2 ]>
  Generators: 1, torsion: [ 2 ]
  Time: 3228 ms  (elapsed: 402s)
  Checkpoint saved (step 9/14).

[10/14] Computing E^{3,1}_4 (Complex fermion:)...
  E^{3,1}_4 = <ZL-Module with torsions [ 2 ]>
  Generators: 1, torsion: [ 2 ]
  Time: 1 ms  (elapsed: 404s)
  Checkpoint saved (step 10/14).

[11/14] Computing E^{4,0}_2 (Bosonic:)...
  E^{4,0}_2 = <ZL-Module with torsions [ 2, 2, 2, 2, 2, 2, 2, 2, 2 ]>
  Generators: 9, torsion: [ 2, 2, 2, 2, 2, 2, 2, 2, 2 ]
  Time: 271 ms  (elapsed: 407s)
  Checkpoint saved (step 11/14).

[12/14] Computing E^{4,0}_3 (Bosonic:)...
    d^{2,1}_2: 12 gens (target_dim=9) done [parallel, 24 workers, 5440 ms]
    [checkpoint #6]
  E^{4,0}_3 = <ZL-Module with torsions [ 2, 2, 2, 2, 2 ]>
  Generators: 5, torsion: [ 2, 2, 2, 2, 2 ]
  Time: 8177 ms  (elapsed: 419s)
  Checkpoint saved (step 12/14).

[13/14] Computing E^{4,0}_4 (Bosonic:)...
    d2^{1,2}_2: 5 gens (target_dim=20) done [parallel, 24 workers, 84 ms]
    [checkpoint #7]
    d^{1,2}_3: 5 gens (target_dim=5) done [parallel, 24 workers, 30814 ms]
    [checkpoint #8]
  E^{4,0}_4 = <ZL-Module with torsions [ 2, 2, 2, 2, 2 ]>
  Generators: 5, torsion: [ 2, 2, 2, 2, 2 ]
  Time: 36252 ms  (elapsed: 458s)
  Checkpoint saved (step 13/14).

[14/14] Computing E^{4,0}_5 (Bosonic:)...
  E^{4,0}_5 = <ZL-Module with torsions [ 2, 2, 2, 2, 2 ]>
  Generators: 5, torsion: [ 2, 2, 2, 2, 2 ]
  Time: 4 ms  (elapsed: 461s)
  Checkpoint saved (step 14/14).

============================================================
Phase A COMPLETE: Classification done.
============================================================

Phase B: Computing group structure...
------------------------------------------------------------
  Parallel config: JOBS=24 THRESHOLD=10 PHASE2=true
  Result(deg=4): 4 layers, pRange=[ 1, 2, 3, 4 ]
  Step1: layer 1/4 (p=1, q=3)...
    ComponentEx(1,3): 0 generators
  Step1: layer 1 done: 0 generators, trivial [0 ms]
    [checkpoint #9]
  Step1: layer 2/4 (p=2, q=2)...
    ComponentEx(2,2): 1 generators
    ComponentEx(2,2) class 1/1...
      class 1 done [286642 ms]
    [checkpoint #10]
  Step1: layer 2 done: 1 generators, torsion=[ 2 ] [289283 ms]
    [checkpoint #11]
  Step1: layer 3/4 (p=3, q=1)...
    ComponentEx(3,1): 1 generators
    ComponentEx(3,1) class 1/1...
      class 1 done [79262 ms]
    [checkpoint #12]
  Step1: layer 3 done: 1 generators, torsion=[ 2 ] [81911 ms]
    [checkpoint #13]
  Step1: layer 4/4 (p=4, q=0)...
    ComponentEx(4,0): 5 generators
    ComponentEx(4,0) class 1/5...
      class 1 done [131 ms]
    [checkpoint #14]
    ComponentEx(4,0) class 2/5...
      class 2 done [131 ms]
    [checkpoint #15]
    ComponentEx(4,0) class 3/5...
      class 3 done [131 ms]
    [checkpoint #16]
    ComponentEx(4,0) class 4/5...
      class 4 done [131 ms]
    [checkpoint #17]
    ComponentEx(4,0) class 5/5...
      class 5 done [131 ms]
    [checkpoint #18]
  Step1: layer 4 done: 5 generators, torsion=[ 2, 2, 2, 2, 2 ] [13931 ms]
    [checkpoint #19]
  Step1 done: totalGens=7, nGens=[ 0, 1, 1, 5 ]
  Step3: extension computation, 2 tasks across 3 layers [parallel, 24 workers]
    ext layer 2 (p=2) gen 1/1 (torsion=2)...
      gen 1 done [953 ms]
    [checkpoint #20]
    ext layer 3 (p=3) gen 1/1 (torsion=2)...
      gen 1 done [194673 ms]
    [checkpoint #21]

============================================================
Group structure: <ZL-Module with torsions [ 2, 2, 2, 2, 8 ]>
  Phase B time: 596724 ms  (total elapsed: 1060s)
  Checkpoint saved (group structure done).

============================================================
Phase B COMPLETE: Group structure done.
============================================================

============================================================
ALL DONE: SG #35 (ez)
============================================================
Total elapsed: 1062 s

Classification layers:
  p+ip: E^{1,3}_inf = <ZL-Module []>
  Majorana: E^{2,2}_inf = <ZL-Module with torsions [ 2 ]>
  Complex fermion: E^{3,1}_inf = <ZL-Module with torsions [ 2 ]>
  Bosonic: E^{4,0}_inf = <ZL-Module with torsions [ 2, 2, 2, 2, 2 ]>
Group structure: <ZL-Module with torsions [ 2, 2, 2, 2, 8 ]>
=== SptSet Parallel Stats ===
Config: JOBS=24 THRESHOLD=10 PHASE2=true
P1 (MapFromBarCocycle): 11 parallel calls (559542ms), 0 sequential calls (0ms)
P2 (BuildDerivative): 7 calls (399083ms), max_m=20
P2b (SpecSeqResult ext): 0 calls (0ms), max_ngens=0

Checkpoint file: /home/user/xyren/checkpoints/sg35.ws
=== Exit: 0 ===
=== End: Sun Mar  1 13:21:12 HKT 2026 ===
