=== SptSet Space Group #39 (bigmem node) ===
Host: n03.local
Date: Sun Mar  1 13:57:10 HKT 2026
Fresh start.
#I  polymake command not found. Please set POLYMAKE_COMMAND by hand
#I  HAP warning: Set DISPLAY_PATH manually if needed.
#I  HAP warning: Set BROWSER_PATH manually if needed.
#I  HAP warning: Set ASY_PATH manually if needed.
#E  component `License' must be bound to a nonempty string containing an SPDX \
ID
#E  component `ArchiveURL' must be bound to a string started with http://, htt\
ps:// or ftp://
#E  component `ArchiveFormats' must be bound to a string
#E  component `README_URL' must be bound to a string started with http://, htt\
ps:// or ftp://
#E  component `PackageInfoURL' must be bound to a string started with http://,\
 https:// or ftp://
#E  component `AbstractHTML' must be bound to a string
#E  component `PackageWWWHome' must be bound to a string started with http://,\
 https:// or ftp://
#E  component `ArchiveURLSubset' must be bound to a list of strings denoting r\
elative paths to readable files or directories
#E  component `HTMLStart' must be bound to a string denoting a relative path t\
o a readable file
#E  component `PDFFile' must be bound to a string denoting a relative path to \
a readable file
#E  component `LongTitle' must be bound to a string
#E Validation of package sptset from /home/user/xyren/software/gap-4.13.1/pkg/\
SptSet/ failed
============================================================
SptSet Checkpoint Driver
  Space group: #39
  Mode: ez
  Checkpoint file: /home/user/xyren/checkpoints/sg39.ws
  Parallel: JOBS=24 THRESHOLD=10 PHASE2=true
  Group structure: true
============================================================
Building resolution for SG #39...
  Resolution built in 4937 ms
  Dimensions: 1 5 12 20 28 36 44 
Spectral sequence created.

FRESH START — beginning computation.

Phase A: Classification (14 pages)
------------------------------------------------------------
Syntax warning: Unbound global variable in /home/user/xyren/software/gap-4.13.\
1/pkg/SptSet/jobs/checkpoint_driver.g:137
                  j_ -> Erpq_!.relations[j_][j_]), "\n");;
                        ^^^^^
[1/14] Computing E^{1,3}_2 (p+ip:)...
  E^{1,3}_2 = <ZL-Module with torsions [ 2 ]>
  Generators: 1, torsion: [ 2 ]
  Time: 20 ms  (elapsed: 5s)
  Checkpoint saved (step 1/14).

[2/14] Computing E^{1,3}_3 (p+ip:)...
    d2^{1,3}_2 gen 1/1 (target_dim=20)...
      gen 1 done [205 ms]
    [checkpoint #1]
  E^{1,3}_3 = <ZL-Module []>
  Time: 2991 ms  (elapsed: 10s)
  Checkpoint saved (step 2/14).

[3/14] Computing E^{1,3}_4 (p+ip:)...
    d2^{2,2}_2: 12 gens (target_dim=28) done [parallel, 24 workers, 3591 ms]
    [checkpoint #2]
  E^{1,3}_4 = <ZL-Module []>
  Time: 6341 ms  (elapsed: 19s)
  Checkpoint saved (step 3/14).

[4/14] Computing E^{1,3}_5 (p+ip:)...
    d2^{3,1}_2: 20 gens (target_dim=44) done [parallel, 24 workers, 271706 ms]
    [checkpoint #3]
    d2^{2,2}_3: 12 gens (target_dim=44) done [parallel, 24 workers, 
1942578 ms]
    [checkpoint #4]
  E^{1,3}_5 = <ZL-Module []>
  Time: 2220112 ms  (elapsed: 2242s)
  Checkpoint saved (step 4/14).

[5/14] Computing E^{2,2}_2 (Majorana:)...
  E^{2,2}_2 = <ZL-Module with torsions [ 2, 2, 2, 2, 2, 2, 2 ]>
  Generators: 7, torsion: [ 2, 2, 2, 2, 2, 2, 2 ]
  Time: 13 ms  (elapsed: 2244s)
  Checkpoint saved (step 5/14).

[6/14] Computing E^{2,2}_3 (Majorana:)...
  E^{2,2}_3 = <ZL-Module with torsions [ 2, 2 ]>
  Generators: 2, torsion: [ 2, 2 ]
  Time: 15 ms  (elapsed: 2247s)
  Checkpoint saved (step 6/14).

[7/14] Computing E^{2,2}_4 (Majorana:)...
  E^{2,2}_4 = <ZL-Module with torsions [ 2, 2 ]>
  Generators: 2, torsion: [ 2, 2 ]
  Time: 391 ms  (elapsed: 2252s)
  Checkpoint saved (step 7/14).

[8/14] Computing E^{3,1}_2 (Complex fermion:)...
  E^{3,1}_2 = <ZL-Module with torsions [ 2, 2, 2, 2, 2, 2, 2, 2 ]>
  Generators: 8, torsion: [ 2, 2, 2, 2, 2, 2, 2, 2 ]
  Time: 52 ms  (elapsed: 2255s)
  Checkpoint saved (step 8/14).

[9/14] Computing E^{3,1}_3 (Complex fermion:)...
    d^{1,2}_2: 5 gens (target_dim=8) done [parallel, 24 workers, 127 ms]
    [checkpoint #5]
  E^{3,1}_3 = <ZL-Module with torsions [ 2 ]>
  Generators: 1, torsion: [ 2 ]
  Time: 3135 ms  (elapsed: 2261s)
  Checkpoint saved (step 9/14).

[10/14] Computing E^{3,1}_4 (Complex fermion:)...
  E^{3,1}_4 = <ZL-Module with torsions [ 2 ]>
  Generators: 1, torsion: [ 2 ]
  Time: 1 ms  (elapsed: 2263s)
  Checkpoint saved (step 10/14).

[11/14] Computing E^{4,0}_2 (Bosonic:)...
  E^{4,0}_2 = <ZL-Module with torsions [ 2, 2, 2, 2 ]>
  Generators: 4, torsion: [ 2, 2, 2, 2 ]
  Time: 295 ms  (elapsed: 2266s)
  Checkpoint saved (step 11/14).

[12/14] Computing E^{4,0}_3 (Bosonic:)...
    d^{2,1}_2: 12 gens (target_dim=4) done [parallel, 24 workers, 11146 ms]
    [checkpoint #6]
  E^{4,0}_3 = <ZL-Module []>
  Time: 13860 ms  (elapsed: 2283s)
  Checkpoint saved (step 12/14).

[13/14] Computing E^{4,0}_4 (Bosonic:)...
    d2^{1,2}_2: 5 gens (target_dim=20) done [parallel, 24 workers, 124 ms]
    [checkpoint #7]
  E^{4,0}_4 = <ZL-Module []>
  Time: 2889 ms  (elapsed: 2289s)
  Checkpoint saved (step 13/14).

[14/14] Computing E^{4,0}_5 (Bosonic:)...
  E^{4,0}_5 = <ZL-Module []>
  Time: 1 ms  (elapsed: 2292s)
  Checkpoint saved (step 14/14).

============================================================
Phase A COMPLETE: Classification done.
============================================================

Phase B: Computing group structure...
------------------------------------------------------------
  Parallel config: JOBS=24 THRESHOLD=10 PHASE2=true
  Result(deg=4): 4 layers, pRange=[ 1, 2, 3, 4 ]
  Step1: layer 1/4 (p=1, q=3)...
    ComponentEx(1,3): 0 generators
  Step1: layer 1 done: 0 generators, trivial [0 ms]
    [checkpoint #8]
  Step1: layer 2/4 (p=2, q=2)...
    ComponentEx(2,2): 2 generators
    ComponentEx(2,2) class 1/2...
      class 1 done [1108567 ms]
    [checkpoint #9]
    ComponentEx(2,2) class 2/2...
      class 2 done [2212816 ms]
    [checkpoint #10]
  Step1: layer 2 done: 2 generators, torsion=[ 2, 2 ] [3327165 ms]
    [checkpoint #11]
  Step1: layer 3/4 (p=3, q=1)...
    ComponentEx(3,1): 1 generators
    ComponentEx(3,1) class 1/1...
      class 1 done [240983 ms]
    [checkpoint #12]
  Step1: layer 3 done: 1 generators, torsion=[ 2 ] [243649 ms]
    [checkpoint #13]
  Step1: layer 4/4 (p=4, q=0)...
    ComponentEx(4,0): 0 generators
  Step1: layer 4 done: 0 generators, trivial [0 ms]
    [checkpoint #14]
  Step1 done: totalGens=3, nGens=[ 0, 2, 1, 0 ]
  Step3: extension computation, 3 tasks across 3 layers [parallel, 24 workers]
    ext layer 2 (p=2): 2 gens done [parallel, 24 workers, 1000081 ms]
    [checkpoint #15]
    ext layer 3 (p=3) gen 1/1 (torsion=2)...
      gen 1 done [0 ms]
    [checkpoint #16]

============================================================
Group structure: <ZL-Module with torsions [ 2, 2, 2 ]>
  Phase B time: 4589712 ms  (total elapsed: 6884s)
  Checkpoint saved (group structure done).

============================================================
Phase B COMPLETE: Group structure done.
============================================================

============================================================
ALL DONE: SG #39 (ez)
============================================================
Total elapsed: 6887 s

Classification layers:
  p+ip: E^{1,3}_inf = <ZL-Module []>
  Majorana: E^{2,2}_inf = <ZL-Module with torsions [ 2, 2 ]>
  Complex fermion: E^{3,1}_inf = <ZL-Module with torsions [ 2 ]>
  Bosonic: E^{4,0}_inf = <ZL-Module []>
Group structure: <ZL-Module with torsions [ 2, 2, 2 ]>
=== SptSet Parallel Stats ===
Config: JOBS=24 THRESHOLD=10 PHASE2=true
P1 (MapFromBarCocycle): 8 parallel calls (3560650ms), 0 sequential calls (0ms)
P2 (BuildDerivative): 6 calls (2229272ms), max_m=20
P2b (SpecSeqResult ext): 1 calls (1000081ms), max_ngens=2

Checkpoint file: /home/user/xyren/checkpoints/sg39.ws
=== Exit: 0 ===
=== End: Sun Mar  1 15:52:18 HKT 2026 ===
