=== SptSet Space Group #33 (bigmem node) ===
Host: n02.local
Date: Sun Mar  1 11:46:08 HKT 2026
Fresh start.
#I  polymake command not found. Please set POLYMAKE_COMMAND by hand
#I  HAP warning: Set DISPLAY_PATH manually if needed.
#I  HAP warning: Set BROWSER_PATH manually if needed.
#I  HAP warning: Set ASY_PATH manually if needed.
#E  component `License' must be bound to a nonempty string containing an SPDX \
ID
#E  component `ArchiveURL' must be bound to a string started with http://, htt\
ps:// or ftp://
#E  component `ArchiveFormats' must be bound to a string
#E  component `README_URL' must be bound to a string started with http://, htt\
ps:// or ftp://
#E  component `PackageInfoURL' must be bound to a string started with http://,\
 https:// or ftp://
#E  component `AbstractHTML' must be bound to a string
#E  component `PackageWWWHome' must be bound to a string started with http://,\
 https:// or ftp://
#E  component `ArchiveURLSubset' must be bound to a list of strings denoting r\
elative paths to readable files or directories
#E  component `HTMLStart' must be bound to a string denoting a relative path t\
o a readable file
#E  component `PDFFile' must be bound to a string denoting a relative path to \
a readable file
#E  component `LongTitle' must be bound to a string
#E Validation of package sptset from /home/user/xyren/software/gap-4.13.1/pkg/\
SptSet/ failed
============================================================
SptSet Checkpoint Driver
  Space group: #33
  Mode: ez
  Checkpoint file: /home/user/xyren/checkpoints/sg33.ws
  Parallel: JOBS=24 THRESHOLD=10 PHASE2=true
  Group structure: true
============================================================
Building resolution for SG #33...
  Resolution built in 7438 ms
  Dimensions: 1 5 12 20 28 36 44 
Spectral sequence created.

FRESH START — beginning computation.

Phase A: Classification (14 pages)
------------------------------------------------------------
Syntax warning: Unbound global variable in /home/user/xyren/software/gap-4.13.\
1/pkg/SptSet/jobs/checkpoint_driver.g:137
                  j_ -> Erpq_!.relations[j_][j_]), "\n");;
                        ^^^^^
[1/14] Computing E^{1,3}_2 (p+ip:)...
  E^{1,3}_2 = <ZL-Module with torsions [ 2 ]>
  Generators: 1, torsion: [ 2 ]
  Time: 21 ms  (elapsed: 7s)
  Checkpoint saved (step 1/14).

[2/14] Computing E^{1,3}_3 (p+ip:)...
    d2^{1,3}_2 gen 1/1 (target_dim=20)...
      gen 1 done [217 ms]
    [checkpoint #1]
  E^{1,3}_3 = <ZL-Module with torsions [ 2 ]>
  Generators: 1, torsion: [ 2 ]
  Time: 4816 ms  (elapsed: 14s)
  Checkpoint saved (step 2/14).

[3/14] Computing E^{1,3}_4 (p+ip:)...
    d2^{2,2}_2: 12 gens (target_dim=28) done [parallel, 24 workers, 5654 ms]
    [checkpoint #2]
    d2^{1,3}_3 gen 1/1 (target_dim=28)...
      gen 1 done [6375 ms]
    [checkpoint #3]
  E^{1,3}_4 = <ZL-Module []>
  Time: 17962 ms  (elapsed: 37s)
  Checkpoint saved (step 3/14).

[4/14] Computing E^{1,3}_5 (p+ip:)...
    d2^{3,1}_2: 20 gens (target_dim=44) done [parallel, 24 workers, 486178 ms]
    [checkpoint #4]
    d2^{2,2}_3: 12 gens (target_dim=44) done [parallel, 24 workers, 
4231545 ms]
    [checkpoint #5]
  E^{1,3}_5 = <ZL-Module []>
  Time: 4723589 ms  (elapsed: 4764s)
  Checkpoint saved (step 4/14).

[5/14] Computing E^{2,2}_2 (Majorana:)...
  E^{2,2}_2 = <ZL-Module with torsions [ 2, 2 ]>
  Generators: 2, torsion: [ 2, 2 ]
  Time: 14 ms  (elapsed: 4766s)
  Checkpoint saved (step 5/14).

[6/14] Computing E^{2,2}_3 (Majorana:)...
  E^{2,2}_3 = <ZL-Module with torsions [ 2, 2 ]>
  Generators: 2, torsion: [ 2, 2 ]
  Time: 20 ms  (elapsed: 4769s)
  Checkpoint saved (step 6/14).

[7/14] Computing E^{2,2}_4 (Majorana:)...
  E^{2,2}_4 = <ZL-Module with torsions [ 2, 2 ]>
  Generators: 2, torsion: [ 2, 2 ]
  Time: 391 ms  (elapsed: 4772s)
  Checkpoint saved (step 7/14).

[8/14] Computing E^{3,1}_2 (Complex fermion:)...
  E^{3,1}_2 = <ZL-Module with torsions [ 2 ]>
  Generators: 1, torsion: [ 2 ]
  Time: 50 ms  (elapsed: 4775s)
  Checkpoint saved (step 8/14).

[9/14] Computing E^{3,1}_3 (Complex fermion:)...
    d^{1,2}_2: 5 gens (target_dim=1) done [parallel, 24 workers, 125 ms]
    [checkpoint #6]
  E^{3,1}_3 = <ZL-Module with torsions [ 2 ]>
  Generators: 1, torsion: [ 2 ]
  Time: 3279 ms  (elapsed: 4781s)
  Checkpoint saved (step 9/14).

[10/14] Computing E^{3,1}_4 (Complex fermion:)...
  E^{3,1}_4 = <ZL-Module with torsions [ 2 ]>
  Generators: 1, torsion: [ 2 ]
  Time: 1 ms  (elapsed: 4783s)
  Checkpoint saved (step 10/14).

[11/14] Computing E^{4,0}_2 (Bosonic:)...
  E^{4,0}_2 = <ZL-Module []>
  Time: 325 ms  (elapsed: 4786s)
  Checkpoint saved (step 11/14).

[12/14] Computing E^{4,0}_3 (Bosonic:)...
  E^{4,0}_3 = <ZL-Module []>
  Time: 106 ms  (elapsed: 4789s)
  Checkpoint saved (step 12/14).

[13/14] Computing E^{4,0}_4 (Bosonic:)...
    d2^{1,2}_2: 5 gens (target_dim=20) done [parallel, 24 workers, 127 ms]
    [checkpoint #7]
  E^{4,0}_4 = <ZL-Module []>
  Time: 2948 ms  (elapsed: 4795s)
  Checkpoint saved (step 13/14).

[14/14] Computing E^{4,0}_5 (Bosonic:)...
  E^{4,0}_5 = <ZL-Module []>
  Time: 1 ms  (elapsed: 4797s)
  Checkpoint saved (step 14/14).

============================================================
Phase A COMPLETE: Classification done.
============================================================

Phase B: Computing group structure...
------------------------------------------------------------
  Parallel config: JOBS=24 THRESHOLD=10 PHASE2=true
  Result(deg=4): 4 layers, pRange=[ 1, 2, 3, 4 ]
  Step1: layer 1/4 (p=1, q=3)...
    ComponentEx(1,3): 0 generators
  Step1: layer 1 done: 0 generators, trivial [0 ms]
    [checkpoint #8]
  Step1: layer 2/4 (p=2, q=2)...
    ComponentEx(2,2): 2 generators
    ComponentEx(2,2) class 1/2...
      class 1 done [2386571 ms]
    [checkpoint #9]
    ComponentEx(2,2) class 2/2...
      class 2 done [2386127 ms]
    [checkpoint #10]
  Step1: layer 2 done: 2 generators, torsion=[ 2, 2 ] [4778053 ms]
    [checkpoint #11]
  Step1: layer 3/4 (p=3, q=1)...
    ComponentEx(3,1): 1 generators
    ComponentEx(3,1) class 1/1...
      class 1 done [268274 ms]
    [checkpoint #12]
  Step1: layer 3 done: 1 generators, torsion=[ 2 ] [270977 ms]
    [checkpoint #13]
  Step1: layer 4/4 (p=4, q=0)...
    ComponentEx(4,0): 0 generators
  Step1: layer 4 done: 0 generators, trivial [0 ms]
    [checkpoint #14]
  Step1 done: totalGens=3, nGens=[ 0, 2, 1, 0 ]
  Step3: extension computation, 3 tasks across 3 layers [parallel, 24 workers]
    d2^{2,1}_2: 12 gens (target_dim=20) done [parallel, 12 workers, 27714 ms]
    d2^{2,1}_2: 12 gens (target_dim=20) done [parallel, 12 workers, 27847 ms]
    [checkpoint #15]
mv: cannot stat `/home/user/xyren/checkpoints/sg33.ws.tmp': No such file or directory
    [checkpoint #15]
    d2^{1,2}_3: 5 gens (target_dim=20) done [parallel, 12 workers, 152886 ms]
    d2^{1,2}_3: 5 gens (target_dim=20) done [parallel, 12 workers, 153072 ms]
    [checkpoint #16]
mv: cannot stat `/home/user/xyren/checkpoints/sg33.ws.tmp': No such file or directory
    [checkpoint #16]
    ext layer 2 (p=2): 2 gens done [parallel, 24 workers, 3113550 ms]
    [checkpoint #15]
    ext layer 3 (p=3) gen 1/1 (torsion=2)...
      gen 1 done [0 ms]
    [checkpoint #16]

============================================================
Group structure: <ZL-Module with torsions [ 2, 2, 2 ]>
  Phase B time: 8178714 ms  (total elapsed: 12979s)
  Checkpoint saved (group structure done).

============================================================
Phase B COMPLETE: Group structure done.
============================================================

============================================================
ALL DONE: SG #33 (ez)
============================================================
Total elapsed: 12981 s

Classification layers:
  p+ip: E^{1,3}_inf = <ZL-Module []>
  Majorana: E^{2,2}_inf = <ZL-Module with torsions [ 2, 2 ]>
  Complex fermion: E^{3,1}_inf = <ZL-Module with torsions [ 2 ]>
  Bosonic: E^{4,0}_inf = <ZL-Module []>
Group structure: <ZL-Module with torsions [ 2, 2, 2 ]>
=== SptSet Parallel Stats ===
Config: JOBS=24 THRESHOLD=10 PHASE2=true
P1 (MapFromBarCocycle): 11 parallel calls (5045455ms), 0 sequential calls (
0ms)
P2 (BuildDerivative): 5 calls (4723628ms), max_m=20
P2b (SpecSeqResult ext): 1 calls (3113550ms), max_ngens=2

Checkpoint file: /home/user/xyren/checkpoints/sg33.ws
=== Exit: 0 ===
=== End: Sun Mar  1 15:22:50 HKT 2026 ===
