=== SptSet Space Group #34 (bigmem node) ===
Host: n04.local
Date: Sun Mar  1 11:46:08 HKT 2026
Fresh start.
#I  polymake command not found. Please set POLYMAKE_COMMAND by hand
#I  HAP warning: Set DISPLAY_PATH manually if needed.
#I  HAP warning: Set BROWSER_PATH manually if needed.
#I  HAP warning: Set ASY_PATH manually if needed.
#E  component `License' must be bound to a nonempty string containing an SPDX \
ID
#E  component `ArchiveURL' must be bound to a string started with http://, htt\
ps:// or ftp://
#E  component `ArchiveFormats' must be bound to a string
#E  component `README_URL' must be bound to a string started with http://, htt\
ps:// or ftp://
#E  component `PackageInfoURL' must be bound to a string started with http://,\
 https:// or ftp://
#E  component `AbstractHTML' must be bound to a string
#E  component `PackageWWWHome' must be bound to a string started with http://,\
 https:// or ftp://
#E  component `ArchiveURLSubset' must be bound to a list of strings denoting r\
elative paths to readable files or directories
#E  component `HTMLStart' must be bound to a string denoting a relative path t\
o a readable file
#E  component `PDFFile' must be bound to a string denoting a relative path to \
a readable file
#E  component `LongTitle' must be bound to a string
#E Validation of package sptset from /home/user/xyren/software/gap-4.13.1/pkg/\
SptSet/ failed
============================================================
SptSet Checkpoint Driver
  Space group: #34
  Mode: ez
  Checkpoint file: /home/user/xyren/checkpoints/sg34.ws
  Parallel: JOBS=24 THRESHOLD=10 PHASE2=true
  Group structure: true
============================================================
Building resolution for SG #34...
  Resolution built in 9047 ms
  Dimensions: 1 5 12 20 28 36 44 
Spectral sequence created.

FRESH START — beginning computation.

Phase A: Classification (14 pages)
------------------------------------------------------------
Syntax warning: Unbound global variable in /home/user/xyren/software/gap-4.13.\
1/pkg/SptSet/jobs/checkpoint_driver.g:137
                  j_ -> Erpq_!.relations[j_][j_]), "\n");;
                        ^^^^^
[1/14] Computing E^{1,3}_2 (p+ip:)...
  E^{1,3}_2 = <ZL-Module with torsions [ 2 ]>
  Generators: 1, torsion: [ 2 ]
  Time: 21 ms  (elapsed: 9s)
  Checkpoint saved (step 1/14).

[2/14] Computing E^{1,3}_3 (p+ip:)...
    d2^{1,3}_2 gen 1/1 (target_dim=20)...
      gen 1 done [240 ms]
    [checkpoint #1]
  E^{1,3}_3 = <ZL-Module with torsions [ 2 ]>
  Generators: 1, torsion: [ 2 ]
  Time: 5045 ms  (elapsed: 18s)
  Checkpoint saved (step 2/14).

[3/14] Computing E^{1,3}_4 (p+ip:)...
    d2^{2,2}_2: 12 gens (target_dim=28) done [parallel, 24 workers, 7592 ms]
    [checkpoint #2]
    d2^{1,3}_3 gen 1/1 (target_dim=28)...
      gen 1 done [9239 ms]
    [checkpoint #3]
  E^{1,3}_4 = <ZL-Module []>
  Time: 22505 ms  (elapsed: 43s)
  Checkpoint saved (step 3/14).

[4/14] Computing E^{1,3}_5 (p+ip:)...
    d2^{3,1}_2: 20 gens (target_dim=44) done [parallel, 24 workers, 769669 ms]
    [checkpoint #4]
    d2^{2,2}_3: 12 gens (target_dim=44) done [parallel, 24 workers, 
6895044 ms]
    [checkpoint #5]
  E^{1,3}_5 = <ZL-Module []>
  Time: 7670668 ms  (elapsed: 7716s)
  Checkpoint saved (step 4/14).

[5/14] Computing E^{2,2}_2 (Majorana:)...
  E^{2,2}_2 = <ZL-Module with torsions [ 2, 2, 2, 2 ]>
  Generators: 4, torsion: [ 2, 2, 2, 2 ]
  Time: 14 ms  (elapsed: 7720s)
  Checkpoint saved (step 5/14).

[6/14] Computing E^{2,2}_3 (Majorana:)...
  E^{2,2}_3 = <ZL-Module with torsions [ 2, 2 ]>
  Generators: 2, torsion: [ 2, 2 ]
  Time: 20 ms  (elapsed: 7722s)
  Checkpoint saved (step 6/14).

[7/14] Computing E^{2,2}_4 (Majorana:)...
  E^{2,2}_4 = <ZL-Module with torsions [ 2, 2 ]>
  Generators: 2, torsion: [ 2, 2 ]
  Time: 385 ms  (elapsed: 7725s)
  Checkpoint saved (step 7/14).

[8/14] Computing E^{3,1}_2 (Complex fermion:)...
  E^{3,1}_2 = <ZL-Module with torsions [ 2, 2, 2, 2 ]>
  Generators: 4, torsion: [ 2, 2, 2, 2 ]
  Time: 51 ms  (elapsed: 7728s)
  Checkpoint saved (step 8/14).

[9/14] Computing E^{3,1}_3 (Complex fermion:)...
    d^{1,2}_2: 5 gens (target_dim=4) done [parallel, 24 workers, 141 ms]
    [checkpoint #6]
  E^{3,1}_3 = <ZL-Module with torsions [ 2, 2 ]>
  Generators: 2, torsion: [ 2, 2 ]
  Time: 3300 ms  (elapsed: 7734s)
  Checkpoint saved (step 9/14).

[10/14] Computing E^{3,1}_4 (Complex fermion:)...
  E^{3,1}_4 = <ZL-Module with torsions [ 2, 2 ]>
  Generators: 2, torsion: [ 2, 2 ]
  Time: 2 ms  (elapsed: 7737s)
  Checkpoint saved (step 10/14).

[11/14] Computing E^{4,0}_2 (Bosonic:)...
  E^{4,0}_2 = <ZL-Module with torsions [ 2, 2 ]>
  Generators: 2, torsion: [ 2, 2 ]
  Time: 335 ms  (elapsed: 7740s)
  Checkpoint saved (step 11/14).

[12/14] Computing E^{4,0}_3 (Bosonic:)...
    d^{2,1}_2: 12 gens (target_dim=2) done [parallel, 24 workers, 25764 ms]
    [checkpoint #7]
  E^{4,0}_3 = <ZL-Module with torsions [ 2, 2 ]>
  Generators: 2, torsion: [ 2, 2 ]
  Time: 29133 ms  (elapsed: 7772s)
  Checkpoint saved (step 12/14).

[13/14] Computing E^{4,0}_4 (Bosonic:)...
    d2^{1,2}_2: 5 gens (target_dim=20) done [parallel, 24 workers, 142 ms]
    [checkpoint #8]
    d^{1,2}_3: 5 gens (target_dim=2) done [parallel, 24 workers, 129628 ms]
    [checkpoint #9]
  E^{4,0}_4 = <ZL-Module with torsions [ 2, 2 ]>
  Generators: 2, torsion: [ 2, 2 ]
  Time: 135247 ms  (elapsed: 7910s)
  Checkpoint saved (step 13/14).

[14/14] Computing E^{4,0}_5 (Bosonic:)...
  E^{4,0}_5 = <ZL-Module with torsions [ 2, 2 ]>
  Generators: 2, torsion: [ 2, 2 ]
  Time: 2 ms  (elapsed: 7913s)
  Checkpoint saved (step 14/14).

============================================================
Phase A COMPLETE: Classification done.
============================================================

Phase B: Computing group structure...
------------------------------------------------------------
  Parallel config: JOBS=24 THRESHOLD=10 PHASE2=true
  Result(deg=4): 4 layers, pRange=[ 1, 2, 3, 4 ]
  Step1: layer 1/4 (p=1, q=3)...
    ComponentEx(1,3): 0 generators
  Step1: layer 1 done: 0 generators, trivial [0 ms]
    [checkpoint #10]
  Step1: layer 2/4 (p=2, q=2)...
    ComponentEx(2,2): 2 generators
    ComponentEx(2,2) class 1/2...
      class 1 done [3098214 ms]
    [checkpoint #11]
    ComponentEx(2,2) class 2/2...
      class 2 done [1549669 ms]
    [checkpoint #12]
  Step1: layer 2 done: 2 generators, torsion=[ 2, 2 ] [4653271 ms]
    [checkpoint #13]
  Step1: layer 3/4 (p=3, q=1)...
    ComponentEx(3,1): 2 generators
    ComponentEx(3,1) class 1/2...
      class 1 done [332650 ms]
    [checkpoint #14]
    ComponentEx(3,1) class 2/2...
      class 2 done [332751 ms]
    [checkpoint #15]
  Step1: layer 3 done: 2 generators, torsion=[ 2, 2 ] [670854 ms]
    [checkpoint #16]
  Step1: layer 4/4 (p=4, q=0)...
    ComponentEx(4,0): 2 generators
    ComponentEx(4,0) class 1/2...
      class 1 done [174 ms]
    [checkpoint #17]
    ComponentEx(4,0) class 2/2...
      class 2 done [174 ms]
    [checkpoint #18]
  Step1: layer 4 done: 2 generators, torsion=[ 2, 2 ] [5730 ms]
    [checkpoint #19]
  Step1 done: totalGens=6, nGens=[ 0, 2, 2, 2 ]
  Step3: extension computation, 4 tasks across 3 layers [parallel, 24 workers]
    ext layer 2 (p=2): 2 gens done [parallel, 24 workers, 2013279 ms]
    [checkpoint #20]
    ext layer 3 (p=3): 2 gens done [parallel, 24 workers, 619060 ms]
    [checkpoint #21]

============================================================
Group structure: <ZL-Module with torsions [ 2, 4, 8 ]>
  Phase B time: 7980271 ms  (total elapsed: 15896s)
  Checkpoint saved (group structure done).

============================================================
Phase B COMPLETE: Group structure done.
============================================================

============================================================
ALL DONE: SG #34 (ez)
============================================================
Total elapsed: 15899 s

Classification layers:
  p+ip: E^{1,3}_inf = <ZL-Module []>
  Majorana: E^{2,2}_inf = <ZL-Module with torsions [ 2, 2 ]>
  Complex fermion: E^{3,1}_inf = <ZL-Module with torsions [ 2, 2 ]>
  Bosonic: E^{4,0}_inf = <ZL-Module with torsions [ 2, 2 ]>
Group structure: <ZL-Module with torsions [ 2, 4, 8 ]>
=== SptSet Parallel Stats ===
Config: JOBS=24 THRESHOLD=10 PHASE2=true
P1 (MapFromBarCocycle): 12 parallel calls (5320403ms), 0 sequential calls (
0ms)
P2 (BuildDerivative): 7 calls (7827980ms), max_m=20
P2b (SpecSeqResult ext): 2 calls (2632339ms), max_ngens=2

Checkpoint file: /home/user/xyren/checkpoints/sg34.ws
=== Exit: 0 ===
=== End: Sun Mar  1 16:11:28 HKT 2026 ===
