=== SptSet Space Group #42 (bigmem node) ===
Host: n01.local
Date: Sun Mar  1 19:56:30 HKT 2026
Fresh start.
#I  polymake command not found. Please set POLYMAKE_COMMAND by hand
#I  HAP warning: Set DISPLAY_PATH manually if needed.
#I  HAP warning: Set BROWSER_PATH manually if needed.
#I  HAP warning: Set ASY_PATH manually if needed.
#E  component `License' must be bound to a nonempty string containing an SPDX \
ID
#E  component `ArchiveURL' must be bound to a string started with http://, htt\
ps:// or ftp://
#E  component `ArchiveFormats' must be bound to a string
#E  component `README_URL' must be bound to a string started with http://, htt\
ps:// or ftp://
#E  component `PackageInfoURL' must be bound to a string started with http://,\
 https:// or ftp://
#E  component `AbstractHTML' must be bound to a string
#E  component `PackageWWWHome' must be bound to a string started with http://,\
 https:// or ftp://
#E  component `ArchiveURLSubset' must be bound to a list of strings denoting r\
elative paths to readable files or directories
#E  component `HTMLStart' must be bound to a string denoting a relative path t\
o a readable file
#E  component `PDFFile' must be bound to a string denoting a relative path to \
a readable file
#E  component `LongTitle' must be bound to a string
#E Validation of package sptset from /home/user/xyren/software/gap-4.13.1/pkg/\
SptSet/ failed
============================================================
SptSet Checkpoint Driver
  Space group: #42
  Mode: ez
  Checkpoint file: /home/user/xyren/checkpoints/sg42.ws
  Parallel: JOBS=24 THRESHOLD=10 PHASE2=true
  Group structure: true
============================================================
Building resolution for SG #42...
  Resolution built in 5698 ms
  Dimensions: 1 5 12 20 28 36 44 
Spectral sequence created.

FRESH START — beginning computation.

Phase A: Classification (14 pages)
------------------------------------------------------------
Syntax warning: Unbound global variable in /home/user/xyren/software/gap-4.13.\
1/pkg/SptSet/jobs/checkpoint_driver.g:137
                  j_ -> Erpq_!.relations[j_][j_]), "\n");;
                        ^^^^^
[1/14] Computing E^{1,3}_2 (p+ip:)...
  E^{1,3}_2 = <ZL-Module with torsions [ 2 ]>
  Generators: 1, torsion: [ 2 ]
  Time: 20 ms  (elapsed: 5s)
  Checkpoint saved (step 1/14).

[2/14] Computing E^{1,3}_3 (p+ip:)...
    d2^{1,3}_2 gen 1/1 (target_dim=20)...
      gen 1 done [215 ms]
    [checkpoint #1]
  E^{1,3}_3 = <ZL-Module []>
  Time: 3084 ms  (elapsed: 11s)
  Checkpoint saved (step 2/14).

[3/14] Computing E^{1,3}_4 (p+ip:)...
    d2^{2,2}_2: 12 gens (target_dim=28) done [parallel, 24 workers, 5866 ms]
    [checkpoint #2]
  E^{1,3}_4 = <ZL-Module []>
  Time: 8619 ms  (elapsed: 22s)
  Checkpoint saved (step 3/14).

[4/14] Computing E^{1,3}_5 (p+ip:)...
    d2^{3,1}_2: 20 gens (target_dim=44) done [parallel, 24 workers, 579797 ms]
    [checkpoint #3]
    d2^{2,2}_3: 12 gens (target_dim=44) done [parallel, 24 workers, 
5967433 ms]
    [checkpoint #4]
  E^{1,3}_5 = <ZL-Module []>
  Time: 6553043 ms  (elapsed: 6578s)
  Checkpoint saved (step 4/14).

[5/14] Computing E^{2,2}_2 (Majorana:)...
  E^{2,2}_2 = <ZL-Module with torsions [ 2, 2, 2, 2, 2, 2, 2 ]>
  Generators: 7, torsion: [ 2, 2, 2, 2, 2, 2, 2 ]
  Time: 14 ms  (elapsed: 6580s)
  Checkpoint saved (step 5/14).

[6/14] Computing E^{2,2}_3 (Majorana:)...
  E^{2,2}_3 = <ZL-Module with torsions [ 2 ]>
  Generators: 1, torsion: [ 2 ]
  Time: 15 ms  (elapsed: 6583s)
  Checkpoint saved (step 6/14).

[7/14] Computing E^{2,2}_4 (Majorana:)...
  E^{2,2}_4 = <ZL-Module with torsions [ 2 ]>
  Generators: 1, torsion: [ 2 ]
  Time: 400 ms  (elapsed: 6586s)
  Checkpoint saved (step 7/14).

[8/14] Computing E^{3,1}_2 (Complex fermion:)...
  E^{3,1}_2 = <ZL-Module with torsions [ 2, 2, 2, 2, 2, 2, 2, 2, 2 ]>
  Generators: 9, torsion: [ 2, 2, 2, 2, 2, 2, 2, 2, 2 ]
  Time: 52 ms  (elapsed: 6589s)
  Checkpoint saved (step 8/14).

[9/14] Computing E^{3,1}_3 (Complex fermion:)...
    d^{1,2}_2: 5 gens (target_dim=9) done [parallel, 24 workers, 140 ms]
    [checkpoint #5]
  E^{3,1}_3 = <ZL-Module []>
  Time: 3252 ms  (elapsed: 6595s)
  Checkpoint saved (step 9/14).

[10/14] Computing E^{3,1}_4 (Complex fermion:)...
  E^{3,1}_4 = <ZL-Module []>
  Time: 1 ms  (elapsed: 6597s)
  Checkpoint saved (step 10/14).

[11/14] Computing E^{4,0}_2 (Bosonic:)...
  E^{4,0}_2 = <ZL-Module with torsions [ 2, 2, 2, 2, 2, 2 ]>
  Generators: 6, torsion: [ 2, 2, 2, 2, 2, 2 ]
  Time: 307 ms  (elapsed: 6600s)
  Checkpoint saved (step 11/14).

[12/14] Computing E^{4,0}_3 (Bosonic:)...
    d^{2,1}_2: 12 gens (target_dim=6) done [parallel, 24 workers, 22622 ms]
    [checkpoint #6]
  E^{4,0}_3 = <ZL-Module with torsions [ 2, 2 ]>
  Generators: 2, torsion: [ 2, 2 ]
  Time: 25341 ms  (elapsed: 6628s)
  Checkpoint saved (step 12/14).

[13/14] Computing E^{4,0}_4 (Bosonic:)...
    d2^{1,2}_2: 5 gens (target_dim=20) done [parallel, 24 workers, 136 ms]
    [checkpoint #7]
    d^{1,2}_3: 5 gens (target_dim=2) done [parallel, 24 workers, 112188 ms]
    [checkpoint #8]
  E^{4,0}_4 = <ZL-Module with torsions [ 2, 2 ]>
  Generators: 2, torsion: [ 2, 2 ]
  Time: 117671 ms  (elapsed: 6749s)
  Checkpoint saved (step 13/14).

[14/14] Computing E^{4,0}_5 (Bosonic:)...
  E^{4,0}_5 = <ZL-Module with torsions [ 2, 2 ]>
  Generators: 2, torsion: [ 2, 2 ]
  Time: 2 ms  (elapsed: 6751s)
  Checkpoint saved (step 14/14).

============================================================
Phase A COMPLETE: Classification done.
============================================================

Phase B: Computing group structure...
------------------------------------------------------------
  Parallel config: JOBS=24 THRESHOLD=10 PHASE2=true
  Result(deg=4): 4 layers, pRange=[ 1, 2, 3, 4 ]
  Step1: layer 1/4 (p=1, q=3)...
    ComponentEx(1,3): 0 generators
  Step1: layer 1 done: 0 generators, trivial [0 ms]
    [checkpoint #9]
  Step1: layer 2/4 (p=2, q=2)...
    ComponentEx(2,2): 1 generators
    ComponentEx(2,2) class 1/1...
      class 1 done [5257741 ms]
    [checkpoint #10]
  Step1: layer 2 done: 1 generators, torsion=[ 2 ] [5260431 ms]
    [checkpoint #11]
  Step1: layer 3/4 (p=3, q=1)...
    ComponentEx(3,1): 0 generators
  Step1: layer 3 done: 0 generators, trivial [0 ms]
    [checkpoint #12]
  Step1: layer 4/4 (p=4, q=0)...
    ComponentEx(4,0): 2 generators
    ComponentEx(4,0) class 1/2...
      class 1 done [156 ms]
    [checkpoint #13]
    ComponentEx(4,0) class 2/2...
      class 2 done [157 ms]
    [checkpoint #14]
  Step1: layer 4 done: 2 generators, torsion=[ 2, 2 ] [9328 ms]
    [checkpoint #15]
  Step1 done: totalGens=3, nGens=[ 0, 1, 0, 2 ]
  Step3: extension computation, 1 tasks across 3 layers [parallel, 24 workers]
    ext layer 2 (p=2) gen 1/1 (torsion=2)...
Error, ModRat: for <r>/<s> mod <n>, <s>/gcd(<r>,<s>) and <n> must be coprime in
  vp[i] 
mod R[i][i]
  at /home/user/xyren/software/gap-4.13.1/pkg/SptSet/lib/module.gi:191 called from 
SptSetFpZModuleCanonicalElm( M!.components[p], v 
 ) at /home/user/xyren/software/gap-4.13.1/pkg/SptSet/lib/ss_module.gi:137 called from
SptSetSpecSeqModuleClassToLeadingVector( Exs[pj], cjn 
 ) at /home/user/xyren/software/gap-4.13.1/pkg/SptSet/lib/ss_module.gi:502 called from
<function "SptSetSpecSeqResult">( <arguments> )
 called from read-eval loop at /home/user/xyren/software/gap-4.13.1/pkg/SptSet/jobs/checkpoint_driver.g:
165
type 'quit;' to quit to outer loop
[1m[34m[0m[31m=== Exit: 0 ===
=== End: Mon Mar  2 00:28:00 HKT 2026 ===
=== SptSet Space Group #42 (bigmem node) ===
Host: n04.local
Date: Mon Mar  2 02:44:26 HKT 2026
Resuming from checkpoint...
============================================================
RESUMED from checkpoint at step 14
  Space group: #42
  Checkpoint file: /home/user/xyren/checkpoints/sg42.ws
  Parallel: JOBS=24 THRESHOLD=10 PHASE2=true
============================================================

Phase A: Classification (14 pages)
------------------------------------------------------------
============================================================
Phase A COMPLETE: Classification done.
============================================================

Phase B: Computing group structure...
------------------------------------------------------------
  Parallel config: JOBS=24 THRESHOLD=10 PHASE2=true
  Result(deg=4): resuming from checkpoint
  Result(deg=4): 4 layers, pRange=[ 1, 2, 3, 4 ]
  Step1: layer 1/4 (p=1): cached, 0 generators
  Step1: layer 2/4 (p=2): cached, 1 generators
  Step1: layer 3/4 (p=3): cached, 0 generators
  Step1: layer 4/4 (p=4): cached, 2 generators
  Step1 done: totalGens=3, nGens=[ 0, 1, 0, 2 ]
  Step3: extension computation, 1 tasks across 3 layers [parallel, 24 workers]
    ext layer 2 (p=2) gen 1/1 (torsion=2)...
Error, ModRat: for <r>/<s> mod <n>, <s>/gcd(<r>,<s>) and <n> must be coprime in
  vp[i] 
mod R[i][i]
  at /home/user/xyren/software/gap-4.13.1/pkg/SptSet/lib/module.gi:191 called from 
SptSetFpZModuleCanonicalElm( M!.components[p], v 
 ) at /home/user/xyren/software/gap-4.13.1/pkg/SptSet/lib/ss_module.gi:137 called from
SptSetSpecSeqModuleClassToLeadingVector( Exs[pj], cjn 
 ) at /home/user/xyren/software/gap-4.13.1/pkg/SptSet/lib/ss_module.gi:502 called from
<function "SptSetSpecSeqResult">( <arguments> )
 called from read-eval loop at /home/user/xyren/software/gap-4.13.1/pkg/SptSet/jobs/checkpoint_driver.g:
165
type 'quit;' to quit to outer loop
[1m[34m[0m[31m=== Exit: 0 ===
=== End: Mon Mar  2 03:55:02 HKT 2026 ===
=== SptSet Space Group #42 (bigmem node) ===
Host: n02.local
Date: Mon Mar  2 09:48:05 HKT 2026
Resuming from checkpoint...
============================================================
RESUMED from checkpoint at step 14
  Space group: #42
  Checkpoint file: /home/user/xyren/checkpoints/sg42.ws
  Parallel: JOBS=24 THRESHOLD=10 PHASE2=true
============================================================

Phase A: Classification (14 pages)
------------------------------------------------------------
============================================================
Phase A COMPLETE: Classification done.
============================================================

Phase B: Computing group structure...
------------------------------------------------------------
  Parallel config: JOBS=24 THRESHOLD=10 PHASE2=true
  Result(deg=4): resuming from checkpoint
  Result(deg=4): 4 layers, pRange=[ 1, 2, 3, 4 ]
  Step1: layer 1/4 (p=1): cached, 0 generators
  Step1: layer 2/4 (p=2): cached, 1 generators
  Step1: layer 3/4 (p=3): cached, 0 generators
  Step1: layer 4/4 (p=4): cached, 2 generators
  Step1 done: totalGens=3, nGens=[ 0, 1, 0, 2 ]
  Step3: extension computation, 1 tasks across 3 layers [parallel, 24 workers]
    ext layer 2 (p=2) gen 1/1 (torsion=2)...
Error, ModRat: for <r>/<s> mod <n>, <s>/gcd(<r>,<s>) and <n> must be coprime in
  vp[i] 
mod R[i][i]
  at /home/user/xyren/software/gap-4.13.1/pkg/SptSet/lib/module.gi:191 called from 
SptSetFpZModuleCanonicalElm( M!.components[p], v 
 ) at /home/user/xyren/software/gap-4.13.1/pkg/SptSet/lib/ss_module.gi:137 called from
SptSetSpecSeqModuleClassToLeadingVector( Exs[pj], cjn 
 ) at /home/user/xyren/software/gap-4.13.1/pkg/SptSet/lib/ss_module.gi:502 called from
<function "SptSetSpecSeqResult">( <arguments> )
 called from read-eval loop at /home/user/xyren/software/gap-4.13.1/pkg/SptSet/jobs/checkpoint_driver.g:
165
type 'quit;' to quit to outer loop
[1m[34m[0m[31m=== Exit: 0 ===
=== End: Mon Mar  2 10:58:35 HKT 2026 ===
=== SptSet Space Group #42 (bigmem node) ===
Host: n03.local
Date: Mon Mar  2 11:15:20 HKT 2026
Resuming from checkpoint...
============================================================
RESUMED from checkpoint at step 14
  Space group: #42
  Checkpoint file: /home/user/xyren/checkpoints/sg42.ws
  Parallel: JOBS=24 THRESHOLD=10 PHASE2=true
============================================================

Phase A: Classification (14 pages)
------------------------------------------------------------
============================================================
Phase A COMPLETE: Classification done.
============================================================

Phase B: Computing group structure...
------------------------------------------------------------
  Parallel config: JOBS=24 THRESHOLD=10 PHASE2=true
  Result(deg=4): resuming from checkpoint
  Result(deg=4): 4 layers, pRange=[ 1, 2, 3, 4 ]
  Step1: layer 1/4 (p=1): cached, 0 generators
  Step1: layer 2/4 (p=2): cached, 1 generators
  Step1: layer 3/4 (p=3): cached, 0 generators
  Step1: layer 4/4 (p=4): cached, 2 generators
  Step1 done: totalGens=3, nGens=[ 0, 1, 0, 2 ]
  Step3: extension computation, 1 tasks across 3 layers [parallel, 24 workers]
    ext layer 2 (p=2) gen 1/1 (torsion=2)...
Error, ModRat: for <r>/<s> mod <n>, <s>/gcd(<r>,<s>) and <n> must be coprime in
  vp[i] 
mod R[i][i]
  at /home/user/xyren/software/gap-4.13.1/pkg/SptSet/lib/module.gi:191 called from 
SptSetFpZModuleCanonicalElm( M!.components[p], v 
 ) at /home/user/xyren/software/gap-4.13.1/pkg/SptSet/lib/ss_module.gi:137 called from
SptSetSpecSeqModuleClassToLeadingVector( Exs[pj], cjn 
 ) at /home/user/xyren/software/gap-4.13.1/pkg/SptSet/lib/ss_module.gi:502 called from
<function "SptSetSpecSeqResult">( <arguments> )
 called from read-eval loop at /home/user/xyren/software/gap-4.13.1/pkg/SptSet/jobs/checkpoint_driver.g:
165
type 'quit;' to quit to outer loop
[1m[34m[0m[31m=== Exit: 0 ===
=== End: Mon Mar  2 12:25:53 HKT 2026 ===
