=== SptSet Space Group #47 (bigmem node) ===
Host: n03.local
Date: Mon Mar  2 10:18:48 HKT 2026
Fresh start.
#I  polymake command not found. Please set POLYMAKE_COMMAND by hand
#I  HAP warning: Set DISPLAY_PATH manually if needed.
#I  HAP warning: Set BROWSER_PATH manually if needed.
#I  HAP warning: Set ASY_PATH manually if needed.
#E  component `License' must be bound to a nonempty string containing an SPDX \
ID
#E  component `ArchiveURL' must be bound to a string started with http://, htt\
ps:// or ftp://
#E  component `ArchiveFormats' must be bound to a string
#E  component `README_URL' must be bound to a string started with http://, htt\
ps:// or ftp://
#E  component `PackageInfoURL' must be bound to a string started with http://,\
 https:// or ftp://
#E  component `AbstractHTML' must be bound to a string
#E  component `PackageWWWHome' must be bound to a string started with http://,\
 https:// or ftp://
#E  component `ArchiveURLSubset' must be bound to a list of strings denoting r\
elative paths to readable files or directories
#E  component `HTMLStart' must be bound to a string denoting a relative path t\
o a readable file
#E  component `PDFFile' must be bound to a string denoting a relative path to \
a readable file
#E  component `LongTitle' must be bound to a string
#E Validation of package sptset from /home/user/xyren/software/gap-4.13.1/pkg/\
SptSet/ failed
============================================================
SptSet Checkpoint Driver
  Space group: #47
  Mode: ez
  Checkpoint file: /home/user/xyren/checkpoints/sg47.ws
  Parallel: JOBS=24 THRESHOLD=10 PHASE2=true
  Group structure: true
============================================================
Building resolution for SG #47...
  Resolution built in 10752 ms
  Dimensions: 1 6 18 38 66 102 146 
Spectral sequence created.

FRESH START — beginning computation.

Phase A: Classification (14 pages)
------------------------------------------------------------
Syntax warning: Unbound global variable in /home/user/xyren/software/gap-4.13.\
1/pkg/SptSet/jobs/checkpoint_driver.g:137
                  j_ -> Erpq_!.relations[j_][j_]), "\n");;
                        ^^^^^
[1/14] Computing E^{1,3}_2 (p+ip:)...
  E^{1,3}_2 = <ZL-Module with torsions [ 2 ]>
  Generators: 1, torsion: [ 2 ]
  Time: 31 ms  (elapsed: 10s)
  Checkpoint saved (step 1/14).

[2/14] Computing E^{1,3}_3 (p+ip:)...
    d2^{1,3}_2 gen 1/1 (target_dim=38)...
      gen 1 done [519 ms]
    [checkpoint #1]
  E^{1,3}_3 = <ZL-Module []>
  Time: 3680 ms  (elapsed: 16s)
  Checkpoint saved (step 2/14).

[3/14] Computing E^{1,3}_4 (p+ip:)...
    d2^{2,2}_2: 18 gens (target_dim=66) done [parallel, 24 workers, 4667 ms]
    [checkpoint #2]
  E^{1,3}_4 = <ZL-Module []>
  Time: 7746 ms  (elapsed: 27s)
  Checkpoint saved (step 3/14).

[4/14] Computing E^{1,3}_5 (p+ip:)...
    d2^{3,1}_2: 38 gens (target_dim=146) done [parallel, 24 workers, 
1379871 ms]
    [checkpoint #3]
    d2^{2,2}_3: 18 gens (target_dim=146) done [parallel, 24 workers, 
1671735 ms]
    [checkpoint #4]
  E^{1,3}_5 = <ZL-Module []>
  Time: 3060794 ms  (elapsed: 3090s)
  Checkpoint saved (step 4/14).

[5/14] Computing E^{2,2}_2 (Majorana:)...
  E^{2,2}_
2
  = <ZL-Module with torsions [ 2, 2, 2, 2, 2, 2, 2, 2, 2, 2, 2, 2, 2, 2, 2, 2, \
2, 2 ]>
  Generators: 18, torsion: [ 2, 2, 2, 2, 2, 2, 2, 2, 2, 2, 2, 2, 2, 2, 2, 2, 
  2, 2 ]
  Time: 31 ms  (elapsed: 3093s)
  Checkpoint saved (step 5/14).

[6/14] Computing E^{2,2}_3 (Majorana:)...
  E^{2,2}_3 = <ZL-Module []>
  Time: 31 ms  (elapsed: 3096s)
  Checkpoint saved (step 6/14).

[7/14] Computing E^{2,2}_4 (Majorana:)...
  E^{2,2}_4 = <ZL-Module []>
  Time: 0 ms  (elapsed: 3098s)
  Checkpoint saved (step 7/14).

[8/14] Computing E^{3,1}_2 (Complex fermion:)...
  E^{3,1}_
2
  = <ZL-Module with torsions [ 2, 2, 2, 2, 2, 2, 2, 2, 2, 2, 2, 2, 2, 2, 2, 2, \
2, 2, 2, 2, 2, 2, 2, 2, 2, 2, 2, 2, 2, 2, 2, 2, 2, 2, 2, 2, 2, 2 ]>
  Generators: 38, torsion: [ 2, 2, 2, 2, 2, 2, 2, 2, 2, 2, 2, 2, 2, 2, 2, 2, 
  2, 2, 2, 2, 2, 2, 2, 2, 2, 2, 2, 2, 2, 2, 2, 2, 2, 2, 2, 2, 2, 2 ]
  Time: 220 ms  (elapsed: 3101s)
  Checkpoint saved (step 8/14).

[9/14] Computing E^{3,1}_3 (Complex fermion:)...
    d^{1,2}_2: 6 gens (target_dim=38) done [parallel, 24 workers, 169 ms]
    [checkpoint #5]
  E^{3,1}_3 = <ZL-Module []>
  Time: 15508 ms  (elapsed: 3120s)
  Checkpoint saved (step 9/14).

[10/14] Computing E^{3,1}_4 (Complex fermion:)...
  E^{3,1}_4 = <ZL-Module []>
  Time: 1 ms  (elapsed: 3122s)
  Checkpoint saved (step 10/14).

[11/14] Computing E^{4,0}_2 (Bosonic:)...
  E^{4,0}_
2
  = <ZL-Module with torsions [ 2, 2, 2, 2, 2, 2, 2, 2, 2, 2, 2, 2, 2, 2, 2, 2, \
2, 2, 2, 2, 2, 2, 2, 2, 2, 2, 2, 2, 2, 2, 2, 2, 2, 2, 2, 2, 2, 2, 2, 2, 2, 2 ]\
>
  Generators: 42, torsion: [ 2, 2, 2, 2, 2, 2, 2, 2, 2, 2, 2, 2, 2, 2, 2, 2, 
  2, 2, 2, 2, 2, 2, 2, 2, 2, 2, 2, 2, 2, 2, 2, 2, 2, 2, 2, 2, 2, 2, 2, 2, 2, 
  2 ]
  Time: 4278 ms  (elapsed: 3129s)
  Checkpoint saved (step 11/14).

[12/14] Computing E^{4,0}_3 (Bosonic:)...
    d^{2,1}_2: 18 gens (target_dim=42) done [parallel, 24 workers, 18421 ms]
    [checkpoint #6]
  E^{4,0}_
3
  = <ZL-Module with torsions [ 2, 2, 2, 2, 2, 2, 2, 2, 2, 2, 2, 2, 2, 2, 2, 2, \
2, 2, 2, 2, 2, 2, 2, 2 ]>
  Generators: 24, torsion: [ 2, 2, 2, 2, 2, 2, 2, 2, 2, 2, 2, 2, 2, 2, 2, 2, 
  2, 2, 2, 2, 2, 2, 2, 2 ]
  Time: 21991 ms  (elapsed: 3154s)
  Checkpoint saved (step 12/14).

[13/14] Computing E^{4,0}_4 (Bosonic:)...
    d2^{1,2}_2: 6 gens (target_dim=38) done [parallel, 24 workers, 161 ms]
    [checkpoint #7]
    d^{1,2}_3: 6 gens (target_dim=24) done [parallel, 24 workers, 90138 ms]
    [checkpoint #8]
  E^{4,0}_
4
  = <ZL-Module with torsions [ 2, 2, 2, 2, 2, 2, 2, 2, 2, 2, 2, 2, 2, 2, 2, 2, \
2, 2, 2, 2, 2, 2, 2, 2 ]>
  Generators: 24, torsion: [ 2, 2, 2, 2, 2, 2, 2, 2, 2, 2, 2, 2, 2, 2, 2, 2, 
  2, 2, 2, 2, 2, 2, 2, 2 ]
  Time: 96183 ms  (elapsed: 3253s)
  Checkpoint saved (step 13/14).

[14/14] Computing E^{4,0}_5 (Bosonic:)...
  E^{4,0}_
5
  = <ZL-Module with torsions [ 2, 2, 2, 2, 2, 2, 2, 2, 2, 2, 2, 2, 2, 2, 2, 2, \
2, 2, 2, 2, 2, 2, 2, 2 ]>
  Generators: 24, torsion: [ 2, 2, 2, 2, 2, 2, 2, 2, 2, 2, 2, 2, 2, 2, 2, 2, 
  2, 2, 2, 2, 2, 2, 2, 2 ]
  Time: 50 ms  (elapsed: 3256s)
  Checkpoint saved (step 14/14).

============================================================
Phase A COMPLETE: Classification done.
============================================================

Phase B: Computing group structure...
------------------------------------------------------------
  Parallel config: JOBS=24 THRESHOLD=10 PHASE2=true
  Result(deg=4): 4 layers, pRange=[ 1, 2, 3, 4 ]
  Step1: layer 1/4 (p=1, q=3)...
    ComponentEx(1,3): 0 generators
  Step1: layer 1 done: 0 generators, trivial [0 ms]
    [checkpoint #9]
  Step1: layer 2/4 (p=2, q=2)...
    ComponentEx(2,2): 0 generators
  Step1: layer 2 done: 0 generators, trivial [0 ms]
    [checkpoint #10]
  Step1: layer 3/4 (p=3, q=1)...
    ComponentEx(3,1): 0 generators
  Step1: layer 3 done: 0 generators, trivial [0 ms]
    [checkpoint #11]
  Step1: layer 4/4 (p=4, q=0)...
    ComponentEx(4,0): 24 generators
    ComponentEx(4,0) class 1/24...
      class 1 done [1221 ms]
    [checkpoint #12]
    ComponentEx(4,0) class 2/24...
      class 2 done [1221 ms]
    [checkpoint #13]
    ComponentEx(4,0) class 3/24...
      class 3 done [1220 ms]
    [checkpoint #14]
    ComponentEx(4,0) class 4/24...
      class 4 done [1220 ms]
    [checkpoint #15]
    ComponentEx(4,0) class 5/24...
      class 5 done [1220 ms]
    [checkpoint #16]
    ComponentEx(4,0) class 6/24...
      class 6 done [1221 ms]
    [checkpoint #17]
    ComponentEx(4,0) class 7/24...
      class 7 done [1220 ms]
    [checkpoint #18]
    ComponentEx(4,0) class 8/24...
      class 8 done [1221 ms]
    [checkpoint #19]
    ComponentEx(4,0) class 9/24...
      class 9 done [1220 ms]
    [checkpoint #20]
    ComponentEx(4,0) class 10/24...
      class 10 done [1220 ms]
    [checkpoint #21]
    ComponentEx(4,0) class 11/24...
      class 11 done [1220 ms]
    [checkpoint #22]
    ComponentEx(4,0) class 12/24...
      class 12 done [1220 ms]
    [checkpoint #23]
    ComponentEx(4,0) class 13/24...
      class 13 done [1220 ms]
    [checkpoint #24]
    ComponentEx(4,0) class 14/24...
      class 14 done [1220 ms]
    [checkpoint #25]
    ComponentEx(4,0) class 15/24...
      class 15 done [1220 ms]
    [checkpoint #26]
    ComponentEx(4,0) class 16/24...
      class 16 done [1220 ms]
    [checkpoint #27]
    ComponentEx(4,0) class 17/24...
      class 17 done [1221 ms]
    [checkpoint #28]
    ComponentEx(4,0) class 18/24...
      class 18 done [1220 ms]
    [checkpoint #29]
    ComponentEx(4,0) class 19/24...
      class 19 done [1220 ms]
    [checkpoint #30]
    ComponentEx(4,0) class 20/24...
      class 20 done [1220 ms]
    [checkpoint #31]
    ComponentEx(4,0) class 21/24...
      class 21 done [1220 ms]
    [checkpoint #32]
    ComponentEx(4,0) class 22/24...
      class 22 done [1221 ms]
    [checkpoint #33]
    ComponentEx(4,0) class 23/24...
      class 23 done [1221 ms]
    [checkpoint #34]
    ComponentEx(4,0) class 24/24...
      class 24 done [1220 ms]
    [checkpoint #35]
  Step1: layer 4 done: 24 generators, torsion=[ 2, 2, 2, 2, 2, 2, 2, 2, 2, 2, 
  2, 2, 2, 2, 2, 2, 2, 2, 2, 2, 2, 2, 2, 2 ] [97318 ms]
    [checkpoint #36]
  Step1 done: totalGens=24, nGens=[ 0, 0, 0, 24 ]
  Step3: extension computation, 0 tasks across 3 layers [parallel, 24 workers]

============================================================
Group structure: <ZL-Module with torsions [ 2, 2, 2, 2, 2, 2, 2, 2, 2, 2, 2, 2\
, 2, 2, 2, 2, 2, 2, 2, 2, 2, 2, 2, 2 ]>
  Phase B time: 108262 ms  (total elapsed: 3367s)
  Checkpoint saved (group structure done).

============================================================
Phase B COMPLETE: Group structure done.
============================================================

============================================================
ALL DONE: SG #47 (ez)
============================================================
Total elapsed: 3370 s

Classification layers:
  p+ip: E^{1,3}_inf = <ZL-Module []>
  Majorana: E^{2,2}_inf = <ZL-Module []>
  Complex fermion: E^{3,1}_inf = <ZL-Module []>
  Bosonic: E^{4,
0
 }_inf = <ZL-Module with torsions [ 2, 2, 2, 2, 2, 2, 2, 2, 2, 2, 2, 2, 2, 2, 2\
, 2, 2, 2, 2, 2, 2, 2, 2, 2 ]>
Group structure: <ZL-Module with torsions [ 2, 2, 2, 2, 2, 2, 2, 2, 2, 2, 2, 2\
, 2, 2, 2, 2, 2, 2, 2, 2, 2, 2, 2, 2 ]>
=== SptSet Parallel Stats ===
Config: JOBS=24 THRESHOLD=10 PHASE2=true
P1 (MapFromBarCocycle): 1 parallel calls (517ms), 0 sequential calls (0ms)
P2 (BuildDerivative): 7 calls (3165162ms), max_m=38
P2b (SpecSeqResult ext): 0 calls (0ms), max_ngens=0

Checkpoint file: /home/user/xyren/checkpoints/sg47.ws
=== Exit: 0 ===
=== End: Mon Mar  2 11:15:19 HKT 2026 ===
