=== SptSet Space Group #58 (bigmem node) ===
Host: n03.local
Date: Tue Mar  3 14:08:40 HKT 2026
Fresh start.
#I  polymake command not found. Please set POLYMAKE_COMMAND by hand
#I  HAP warning: Set DISPLAY_PATH manually if needed.
#I  HAP warning: Set BROWSER_PATH manually if needed.
#I  HAP warning: Set ASY_PATH manually if needed.
#E  component `License' must be bound to a nonempty string containing an SPDX \
ID
#E  component `ArchiveURL' must be bound to a string started with http://, htt\
ps:// or ftp://
#E  component `ArchiveFormats' must be bound to a string
#E  component `README_URL' must be bound to a string started with http://, htt\
ps:// or ftp://
#E  component `PackageInfoURL' must be bound to a string started with http://,\
 https:// or ftp://
#E  component `AbstractHTML' must be bound to a string
#E  component `PackageWWWHome' must be bound to a string started with http://,\
 https:// or ftp://
#E  component `ArchiveURLSubset' must be bound to a list of strings denoting r\
elative paths to readable files or directories
#E  component `HTMLStart' must be bound to a string denoting a relative path t\
o a readable file
#E  component `PDFFile' must be bound to a string denoting a relative path to \
a readable file
#E  component `LongTitle' must be bound to a string
#E Validation of package sptset from /home/user/xyren/software/gap-4.13.1/pkg/\
SptSet/ failed
============================================================
SptSet Checkpoint Driver
  Space group: #58
  Mode: ez
  Checkpoint file: /home/user/xyren/checkpoints/sg58.ws
  Parallel: JOBS=24 THRESHOLD=10 PHASE2=true
  Group structure: true
============================================================
Building resolution for SG #58...
  Resolution built in 24978 ms
  Dimensions: 1 6 18 38 66 102 146 
Spectral sequence created.

FRESH START — beginning computation.

Phase A: Classification (14 pages)
------------------------------------------------------------
Syntax warning: Unbound global variable in /home/user/xyren/software/gap-4.13.\
1/pkg/SptSet/jobs/checkpoint_driver.g:137
                  j_ -> Erpq_!.relations[j_][j_]), "\n");;
                        ^^^^^
[1/14] Computing E^{1,3}_2 (p+ip:)...
  E^{1,3}_2 = <ZL-Module with torsions [ 2 ]>
  Generators: 1, torsion: [ 2 ]
  Time: 34 ms  (elapsed: 25s)
  Checkpoint saved (step 1/14).

[2/14] Computing E^{1,3}_3 (p+ip:)...
    d2^{1,3}_2 gen 1/1 (target_dim=38)...
      gen 1 done [546 ms]
    [checkpoint #1]
  E^{1,3}_3 = <ZL-Module []>
  Time: 3665 ms  (elapsed: 31s)
  Checkpoint saved (step 2/14).

[3/14] Computing E^{1,3}_4 (p+ip:)...
    d2^{2,2}_2: 18 gens (target_dim=66) done [parallel, 24 workers, 20738 ms]
    [checkpoint #2]
  E^{1,3}_4 = <ZL-Module []>
  Time: 23935 ms  (elapsed: 57s)
  Checkpoint saved (step 3/14).

[4/14] Computing E^{1,3}_5 (p+ip:)...
    d2^{3,1}_2: 38 gens (target_dim=146) done [parallel, 24 workers, 
10954418 ms]
    [checkpoint #3]
    d2^{2,2}_3: 18 gens (target_dim=146) done [parallel, 24 workers, 
38736942 ms]
    [checkpoint #4]
  E^{1,3}_5 = <ZL-Module []>
  Time: 49701804 ms  (elapsed: 49762s)
  Checkpoint saved (step 4/14).

[5/14] Computing E^{2,2}_2 (Majorana:)...
  E^{2,2}_2 = <ZL-Module with torsions [ 2, 2, 2, 2, 2, 2 ]>
  Generators: 6, torsion: [ 2, 2, 2, 2, 2, 2 ]
  Time: 34 ms  (elapsed: 49765s)
  Checkpoint saved (step 5/14).

[6/14] Computing E^{2,2}_3 (Majorana:)...
  E^{2,2}_3 = <ZL-Module []>
  Time: 51 ms  (elapsed: 49767s)
  Checkpoint saved (step 6/14).

[7/14] Computing E^{2,2}_4 (Majorana:)...
  E^{2,2}_4 = <ZL-Module []>
  Time: 0 ms  (elapsed: 49770s)
  Checkpoint saved (step 7/14).

[8/14] Computing E^{3,1}_2 (Complex fermion:)...
  E^{3,1}_2 = <ZL-Module with torsions [ 2, 2, 2, 2, 2, 2, 2, 2, 2, 2 ]>
  Generators: 10, torsion: [ 2, 2, 2, 2, 2, 2, 2, 2, 2, 2 ]
  Time: 276 ms  (elapsed: 49773s)
  Checkpoint saved (step 8/14).

[9/14] Computing E^{3,1}_3 (Complex fermion:)...
    d^{1,2}_2: 6 gens (target_dim=10) done [parallel, 24 workers, 232 ms]
    [checkpoint #5]
  E^{3,1}_3 = <ZL-Module with torsions [ 2, 2, 2 ]>
  Generators: 3, torsion: [ 2, 2, 2 ]
  Time: 11816 ms  (elapsed: 49788s)
  Checkpoint saved (step 9/14).

[10/14] Computing E^{3,1}_4 (Complex fermion:)...
  E^{3,1}_4 = <ZL-Module with torsions [ 2, 2, 2 ]>
  Generators: 3, torsion: [ 2, 2, 2 ]
  Time: 3 ms  (elapsed: 49790s)
  Checkpoint saved (step 10/14).

[11/14] Computing E^{4,0}_2 (Bosonic:)...
  E^{4,0}_2 = <ZL-Module with torsions [ 2, 2, 2, 2, 2, 2, 2, 2, 2 ]>
  Generators: 9, torsion: [ 2, 2, 2, 2, 2, 2, 2, 2, 2 ]
  Time: 5451 ms  (elapsed: 49799s)
  Checkpoint saved (step 11/14).

[12/14] Computing E^{4,0}_3 (Bosonic:)...
    d^{2,1}_2: 18 gens (target_dim=9) done [parallel, 24 workers, 94304 ms]
    [checkpoint #6]
  E^{4,0}_3 = <ZL-Module with torsions [ 2, 2, 2 ]>
  Generators: 3, torsion: [ 2, 2, 2 ]
  Time: 97477 ms  (elapsed: 49899s)
  Checkpoint saved (step 12/14).

[13/14] Computing E^{4,0}_4 (Bosonic:)...
    d2^{1,2}_2: 6 gens (target_dim=38) done [parallel, 24 workers, 235 ms]
    [checkpoint #7]
    d^{1,2}_3: 6 gens (target_dim=3) done [parallel, 24 workers, 367205 ms]
    [checkpoint #8]
  E^{4,0}_4 = <ZL-Module with torsions [ 2, 2, 2 ]>
  Generators: 3, torsion: [ 2, 2, 2 ]
  Time: 373340 ms  (elapsed: 50275s)
  Checkpoint saved (step 13/14).

[14/14] Computing E^{4,0}_5 (Bosonic:)...
  E^{4,0}_5 = <ZL-Module with torsions [ 2, 2, 2 ]>
  Generators: 3, torsion: [ 2, 2, 2 ]
  Time: 4 ms  (elapsed: 50278s)
  Checkpoint saved (step 14/14).

============================================================
Phase A COMPLETE: Classification done.
============================================================

Phase B: Computing group structure...
------------------------------------------------------------
  Parallel config: JOBS=24 THRESHOLD=10 PHASE2=true
  Result(deg=4): 4 layers, pRange=[ 1, 2, 3, 4 ]
  Step1: layer 1/4 (p=1, q=3)...
    ComponentEx(1,3): 0 generators
  Step1: layer 1 done: 0 generators, trivial [0 ms]
    [checkpoint #9]
  Step1: layer 2/4 (p=2, q=2)...
    ComponentEx(2,2): 0 generators
  Step1: layer 2 done: 0 generators, trivial [0 ms]
    [checkpoint #10]
  Step1: layer 3/4 (p=3, q=1)...
    ComponentEx(3,1): 3 generators
    ComponentEx(3,1) class 1/3...
      class 1 done [989698 ms]
    [checkpoint #11]
    ComponentEx(3,1) class 2/3...
      class 2 done [947350 ms]
    [checkpoint #12]
    ComponentEx(3,1) class 3/3...
      class 3 done [946872 ms]
    [checkpoint #13]
  Step1: layer 3 done: 3 generators, torsion=[ 2, 2, 2 ] [2892644 ms]
    [checkpoint #14]
  Step1: layer 4/4 (p=4, q=0)...
    ComponentEx(4,0): 3 generators
    ComponentEx(4,0) class 1/3...
      class 1 done [1365 ms]
    [checkpoint #15]
    ComponentEx(4,0) class 2/3...
      class 2 done [1366 ms]
    [checkpoint #16]
    ComponentEx(4,0) class 3/3...
      class 3 done [1366 ms]
    [checkpoint #17]
  Step1: layer 4 done: 3 generators, torsion=[ 2, 2, 2 ] [13407 ms]
    [checkpoint #18]
  Step1 done: totalGens=6, nGens=[ 0, 0, 3, 3 ]
  Step3: extension computation, 3 tasks across 3 layers [parallel, 24 workers]
    ext layer 3 (p=3): 3 gens done [parallel, 24 workers, 1466412 ms]
    [checkpoint #19]

============================================================
Group structure: <ZL-Module with torsions [ 2, 2, 4, 4 ]>
  Phase B time: 4387389 ms  (total elapsed: 54668s)
  Checkpoint saved (group structure done).

============================================================
Phase B COMPLETE: Group structure done.
============================================================

============================================================
ALL DONE: SG #58 (ez)
============================================================
Total elapsed: 54671 s

Classification layers:
  p+ip: E^{1,3}_inf = <ZL-Module []>
  Majorana: E^{2,2}_inf = <ZL-Module []>
  Complex fermion: E^{3,1}_inf = <ZL-Module with torsions [ 2, 2, 2 ]>
  Bosonic: E^{4,0}_inf = <ZL-Module with torsions [ 2, 2, 2 ]>
Group structure: <ZL-Module with torsions [ 2, 2, 4, 4 ]>
=== SptSet Parallel Stats ===
Config: JOBS=24 THRESHOLD=10 PHASE2=true
P1 (MapFromBarCocycle): 7 parallel calls (2840374ms), 0 sequential calls (0ms)
P2 (BuildDerivative): 7 calls (50174074ms), max_m=38
P2b (SpecSeqResult ext): 1 calls (1466412ms), max_ngens=3

Checkpoint file: /home/user/xyren/checkpoints/sg58.ws
=== Exit: 0 ===
=== End: Wed Mar  4 05:20:12 HKT 2026 ===
