=== SptSet Space Group #52 (bigmem node) ===
Host: n02.local
Date: Mon Mar  2 13:04:43 HKT 2026
Fresh start.
#I  polymake command not found. Please set POLYMAKE_COMMAND by hand
#I  HAP warning: Set DISPLAY_PATH manually if needed.
#I  HAP warning: Set BROWSER_PATH manually if needed.
#I  HAP warning: Set ASY_PATH manually if needed.
#E  component `License' must be bound to a nonempty string containing an SPDX \
ID
#E  component `ArchiveURL' must be bound to a string started with http://, htt\
ps:// or ftp://
#E  component `ArchiveFormats' must be bound to a string
#E  component `README_URL' must be bound to a string started with http://, htt\
ps:// or ftp://
#E  component `PackageInfoURL' must be bound to a string started with http://,\
 https:// or ftp://
#E  component `AbstractHTML' must be bound to a string
#E  component `PackageWWWHome' must be bound to a string started with http://,\
 https:// or ftp://
#E  component `ArchiveURLSubset' must be bound to a list of strings denoting r\
elative paths to readable files or directories
#E  component `HTMLStart' must be bound to a string denoting a relative path t\
o a readable file
#E  component `PDFFile' must be bound to a string denoting a relative path to \
a readable file
#E  component `LongTitle' must be bound to a string
#E Validation of package sptset from /home/user/xyren/software/gap-4.13.1/pkg/\
SptSet/ failed
============================================================
SptSet Checkpoint Driver
  Space group: #52
  Mode: ez
  Checkpoint file: /home/user/xyren/checkpoints/sg52.ws
  Parallel: JOBS=24 THRESHOLD=10 PHASE2=true
  Group structure: true
============================================================
Building resolution for SG #52...
  Resolution built in 35160 ms
  Dimensions: 1 6 18 38 66 102 146 
Spectral sequence created.

FRESH START — beginning computation.

Phase A: Classification (14 pages)
------------------------------------------------------------
Syntax warning: Unbound global variable in /home/user/xyren/software/gap-4.13.\
1/pkg/SptSet/jobs/checkpoint_driver.g:137
                  j_ -> Erpq_!.relations[j_][j_]), "\n");;
                        ^^^^^
[1/14] Computing E^{1,3}_2 (p+ip:)...
  E^{1,3}_2 = <ZL-Module with torsions [ 2 ]>
  Generators: 1, torsion: [ 2 ]
  Time: 47 ms  (elapsed: 35s)
  Checkpoint saved (step 1/14).

[2/14] Computing E^{1,3}_3 (p+ip:)...
    d2^{1,3}_2 gen 1/1 (target_dim=38)...
      gen 1 done [898 ms]
    [checkpoint #1]
  E^{1,3}_3 = <ZL-Module []>
  Time: 4305 ms  (elapsed: 41s)
  Checkpoint saved (step 2/14).

[3/14] Computing E^{1,3}_4 (p+ip:)...
    d2^{2,2}_2: 18 gens (target_dim=66) done [parallel, 24 workers, 45248 ms]
    [checkpoint #2]
  E^{1,3}_4 = <ZL-Module []>
  Time: 48494 ms  (elapsed: 93s)
  Checkpoint saved (step 3/14).

[4/14] Computing E^{1,3}_5 (p+ip:)...
    d2^{3,1}_2: 38 gens (target_dim=146) done [parallel, 24 workers, 
27057965 ms]
    [checkpoint #3]
    d2^{2,2}_3: 18 gens (target_dim=146) done [parallel, 24 workers, 
127227347 ms]
    [checkpoint #4]
  E^{1,3}_5 = <ZL-Module []>
  Time: 154295387 ms  (elapsed: 154391s)
  Checkpoint saved (step 4/14).

[5/14] Computing E^{2,2}_2 (Majorana:)...
  E^{2,2}_2 = <ZL-Module with torsions [ 2, 2, 2, 2, 2 ]>
  Generators: 5, torsion: [ 2, 2, 2, 2, 2 ]
  Time: 34 ms  (elapsed: 154393s)
  Checkpoint saved (step 5/14).

[6/14] Computing E^{2,2}_3 (Majorana:)...
  E^{2,2}_3 = <ZL-Module with torsions [ 2 ]>
  Generators: 1, torsion: [ 2 ]
  Time: 55 ms  (elapsed: 154396s)
  Checkpoint saved (step 6/14).

[7/14] Computing E^{2,2}_4 (Majorana:)...
  E^{2,2}_4 = <ZL-Module with torsions [ 2 ]>
  Generators: 1, torsion: [ 2 ]
  Time: 10357 ms  (elapsed: 154409s)
  Checkpoint saved (step 7/14).

[8/14] Computing E^{3,1}_2 (Complex fermion:)...
  E^{3,1}_2 = <ZL-Module with torsions [ 2, 2, 2, 2, 2, 2 ]>
  Generators: 6, torsion: [ 2, 2, 2, 2, 2, 2 ]
  Time: 250 ms  (elapsed: 154412s)
  Checkpoint saved (step 8/14).

[9/14] Computing E^{3,1}_3 (Complex fermion:)...
    d^{1,2}_2: 6 gens (target_dim=6) done [parallel, 24 workers, 322 ms]
    [checkpoint #5]
  E^{3,1}_3 = <ZL-Module with torsions [ 2, 2, 2 ]>
  Generators: 3, torsion: [ 2, 2, 2 ]
  Time: 11471 ms  (elapsed: 154426s)
  Checkpoint saved (step 9/14).

[10/14] Computing E^{3,1}_4 (Complex fermion:)...
  E^{3,1}_4 = <ZL-Module with torsions [ 2, 2, 2 ]>
  Generators: 3, torsion: [ 2, 2, 2 ]
  Time: 3 ms  (elapsed: 154429s)
  Checkpoint saved (step 10/14).

[11/14] Computing E^{4,0}_2 (Bosonic:)...
  E^{4,0}_2 = <ZL-Module with torsions [ 2, 2, 2, 2 ]>
  Generators: 4, torsion: [ 2, 2, 2, 2 ]
  Time: 5615 ms  (elapsed: 154437s)
  Checkpoint saved (step 11/14).

[12/14] Computing E^{4,0}_3 (Bosonic:)...
    d^{2,1}_2: 18 gens (target_dim=4) done [parallel, 24 workers, 205136 ms]
    [checkpoint #6]
  E^{4,0}_3 = <ZL-Module with torsions [ 2, 2 ]>
  Generators: 2, torsion: [ 2, 2 ]
  Time: 210359 ms  (elapsed: 154651s)
  Checkpoint saved (step 12/14).

[13/14] Computing E^{4,0}_4 (Bosonic:)...
    d2^{1,2}_2: 6 gens (target_dim=38) done [parallel, 24 workers, 325 ms]
    [checkpoint #7]
    d^{1,2}_3: 6 gens (target_dim=2) done [parallel, 24 workers, 892680 ms]
    [checkpoint #8]
  E^{4,0}_4 = <ZL-Module with torsions [ 2, 2 ]>
  Generators: 2, torsion: [ 2, 2 ]
  Time: 898967 ms  (elapsed: 155552s)
  Checkpoint saved (step 13/14).

[14/14] Computing E^{4,0}_5 (Bosonic:)...
  E^{4,0}_5 = <ZL-Module with torsions [ 2, 2 ]>
  Generators: 2, torsion: [ 2, 2 ]
  Time: 3 ms  (elapsed: 155555s)
  Checkpoint saved (step 14/14).

============================================================
Phase A COMPLETE: Classification done.
============================================================

Phase B: Computing group structure...
------------------------------------------------------------
  Parallel config: JOBS=24 THRESHOLD=10 PHASE2=true
  Result(deg=4): 4 layers, pRange=[ 1, 2, 3, 4 ]
  Step1: layer 1/4 (p=1, q=3)...
    ComponentEx(1,3): 0 generators
  Step1: layer 1 done: 0 generators, trivial [0 ms]
    [checkpoint #9]
  Step1: layer 2/4 (p=2, q=2)...
    ComponentEx(2,2): 1 generators
    ComponentEx(2,2) class 1/1...
      class 1 done [49385597 ms]
    [checkpoint #10]
  Step1: layer 2 done: 1 generators, torsion=[ 2 ] [49388560 ms]
    [checkpoint #11]
  Step1: layer 3/4 (p=3, q=1)...
    ComponentEx(3,1): 3 generators
    ComponentEx(3,1) class 1/3...
      class 1 done [4403570 ms]
    [checkpoint #12]
    ComponentEx(3,1) class 2/3...
      class 2 done [4374756 ms]
    [checkpoint #13]
    ComponentEx(3,1) class 3/3...
=== SptSet Space Group #52 (bigmem node) ===
Host: n02.local
Date: Thu Mar  5 04:29:57 HKT 2026
Resuming from checkpoint...
============================================================
RESUMED from checkpoint at step 14
  Space group: #52
  Checkpoint file: /home/user/xyren/checkpoints/sg52.ws
  Parallel: JOBS=24 THRESHOLD=10 PHASE2=true
============================================================

Phase A: Classification (14 pages)
------------------------------------------------------------
============================================================
Phase A COMPLETE: Classification done.
============================================================

Phase B: Computing group structure...
------------------------------------------------------------
  Parallel config: JOBS=24 THRESHOLD=10 PHASE2=true
  Result(deg=4): resuming from checkpoint
  Result(deg=4): 4 layers, pRange=[ 1, 2, 3, 4 ]
  Step1: layer 1/4 (p=1): cached, 0 generators
  Step1: layer 2/4 (p=2): cached, 1 generators
  Step1: layer 3/4 (p=3, q=1)...
    ComponentEx(3,1): resuming from class 3/3
    ComponentEx(3,1) class 3/3...
      class 3 done [4359065 ms]
    [checkpoint #13]
  Step1: layer 3 done: 3 generators, torsion=[ 2, 2, 2 ] [4361965 ms]
    [checkpoint #14]
  Step1: layer 4/4 (p=4, q=0)...
    ComponentEx(4,0): 2 generators
    ComponentEx(4,0) class 1/2...
      class 1 done [1428 ms]
    [checkpoint #15]
    ComponentEx(4,0) class 2/2...
      class 2 done [1428 ms]
    [checkpoint #16]
  Step1: layer 4 done: 2 generators, torsion=[ 2, 2 ] [8500 ms]
    [checkpoint #17]
  Step1 done: totalGens=6, nGens=[ 0, 1, 3, 2 ]
  Step3: extension computation, 4 tasks across 3 layers [parallel, 24 workers]
    ext layer 2 (p=2) gen 1/1 (torsion=2)...
      gen 1 done [17538 ms]
    [checkpoint #18]
    ext layer 3 (p=3): 3 gens done [parallel, 24 workers, 4263980 ms]
    [checkpoint #19]

============================================================
Group structure: <ZL-Module with torsions [ 2, 4, 8 ]>
  Phase B time: 8664486 ms  (total elapsed: 236961s)
  Checkpoint saved (group structure done).

============================================================
Phase B COMPLETE: Group structure done.
============================================================

============================================================
ALL DONE: SG #52 (ez)
============================================================
Total elapsed: 236964 s

Classification layers:
  p+ip: E^{1,3}_inf = <ZL-Module []>
  Majorana: E^{2,2}_inf = <ZL-Module with torsions [ 2 ]>
  Complex fermion: E^{3,1}_inf = <ZL-Module with torsions [ 2, 2, 2 ]>
  Bosonic: E^{4,0}_inf = <ZL-Module with torsions [ 2, 2 ]>
Group structure: <ZL-Module with torsions [ 2, 4, 8 ]>
=== SptSet Parallel Stats ===
Config: JOBS=24 THRESHOLD=10 PHASE2=true
P1 (MapFromBarCocycle): 12 parallel calls (62504617ms), 0 sequential calls (
0ms)
P2 (BuildDerivative): 7 calls (155429023ms), max_m=38
P2b (SpecSeqResult ext): 1 calls (4263980ms), max_ngens=3

Checkpoint file: /home/user/xyren/checkpoints/sg52.ws
=== Exit: 0 ===
=== End: Thu Mar  5 06:54:27 HKT 2026 ===
