=== SptSet Space Group #65 (bigmem node) ===
Host: n04.local
Date: Thu Mar  5 20:30:08 HKT 2026
Fresh start.
#I  polymake command not found. Please set POLYMAKE_COMMAND by hand
#I  HAP warning: Set DISPLAY_PATH manually if needed.
#I  HAP warning: Set BROWSER_PATH manually if needed.
#I  HAP warning: Set ASY_PATH manually if needed.
#E  component `License' must be bound to a nonempty string containing an SPDX \
ID
#E  component `ArchiveURL' must be bound to a string started with http://, htt\
ps:// or ftp://
#E  component `ArchiveFormats' must be bound to a string
#E  component `README_URL' must be bound to a string started with http://, htt\
ps:// or ftp://
#E  component `PackageInfoURL' must be bound to a string started with http://,\
 https:// or ftp://
#E  component `AbstractHTML' must be bound to a string
#E  component `PackageWWWHome' must be bound to a string started with http://,\
 https:// or ftp://
#E  component `ArchiveURLSubset' must be bound to a list of strings denoting r\
elative paths to readable files or directories
#E  component `HTMLStart' must be bound to a string denoting a relative path t\
o a readable file
#E  component `PDFFile' must be bound to a string denoting a relative path to \
a readable file
#E  component `LongTitle' must be bound to a string
#E Validation of package sptset from /home/user/xyren/software/gap-4.13.1/pkg/\
SptSet/ failed
============================================================
SptSet Checkpoint Driver
  Space group: #65
  Mode: ez
  Checkpoint file: /home/user/xyren/checkpoints/sg65.ws
  Parallel: JOBS=24 THRESHOLD=10 PHASE2=true
  Group structure: true
============================================================
Building resolution for SG #65...
  Resolution built in 10701 ms
  Dimensions: 1 6 18 38 66 102 146 
Spectral sequence created.

FRESH START — beginning computation.

Phase A: Classification (14 pages)
------------------------------------------------------------
Syntax warning: Unbound global variable in /home/user/xyren/software/gap-4.13.\
1/pkg/SptSet/jobs/checkpoint_driver.g:137
                  j_ -> Erpq_!.relations[j_][j_]), "\n");;
                        ^^^^^
[1/14] Computing E^{1,3}_2 (p+ip:)...
  E^{1,3}_2 = <ZL-Module with torsions [ 2 ]>
  Generators: 1, torsion: [ 2 ]
  Time: 31 ms  (elapsed: 10s)
  Checkpoint saved (step 1/14).

[2/14] Computing E^{1,3}_3 (p+ip:)...
    d2^{1,3}_2 gen 1/1 (target_dim=38)...
      gen 1 done [531 ms]
    [checkpoint #1]
  E^{1,3}_3 = <ZL-Module []>
  Time: 6220 ms  (elapsed: 19s)
  Checkpoint saved (step 2/14).

[3/14] Computing E^{1,3}_4 (p+ip:)...
    d2^{2,2}_2: 18 gens (target_dim=66) done [parallel, 24 workers, 4902 ms]
    [checkpoint #2]
  E^{1,3}_4 = <ZL-Module []>
  Time: 7948 ms  (elapsed: 30s)
  Checkpoint saved (step 3/14).

[4/14] Computing E^{1,3}_5 (p+ip:)...
    d2^{3,1}_2: 38 gens (target_dim=146) done [parallel, 24 workers, 
1425005 ms]
    [checkpoint #3]
    d2^{2,2}_3: 18 gens (target_dim=146) done [parallel, 24 workers, 
1834642 ms]
    [checkpoint #4]
  E^{1,3}_5 = <ZL-Module []>
  Time: 3269454 ms  (elapsed: 3302s)
  Checkpoint saved (step 4/14).

[5/14] Computing E^{2,2}_2 (Majorana:)...
  E^{2,2}_
2 = <ZL-Module with torsions [ 2, 2, 2, 2, 2, 2, 2, 2, 2, 2, 2, 2, 2 ]>
  Generators: 13, torsion: [ 2, 2, 2, 2, 2, 2, 2, 2, 2, 2, 2, 2, 2 ]
  Time: 35 ms  (elapsed: 3305s)
  Checkpoint saved (step 5/14).

[6/14] Computing E^{2,2}_3 (Majorana:)...
  E^{2,2}_3 = <ZL-Module []>
  Time: 46 ms  (elapsed: 3308s)
  Checkpoint saved (step 6/14).

[7/14] Computing E^{2,2}_4 (Majorana:)...
  E^{2,2}_4 = <ZL-Module []>
  Time: 0 ms  (elapsed: 3310s)
  Checkpoint saved (step 7/14).

[8/14] Computing E^{3,1}_2 (Complex fermion:)...
  E^{3,1}_
2
  = <ZL-Module with torsions [ 2, 2, 2, 2, 2, 2, 2, 2, 2, 2, 2, 2, 2, 2, 2, 2, \
2, 2, 2, 2, 2, 2, 2, 2, 2 ]>
  Generators: 25, torsion: [ 2, 2, 2, 2, 2, 2, 2, 2, 2, 2, 2, 2, 2, 2, 2, 2, 
  2, 2, 2, 2, 2, 2, 2, 2, 2 ]
  Time: 250 ms  (elapsed: 3313s)
  Checkpoint saved (step 8/14).

[9/14] Computing E^{3,1}_3 (Complex fermion:)...
    d^{1,2}_2: 6 gens (target_dim=25) done [parallel, 24 workers, 171 ms]
    [checkpoint #5]
  E^{3,1}_3 = <ZL-Module with torsions [ 2 ]>
  Generators: 1, torsion: [ 2 ]
  Time: 13143 ms  (elapsed: 3329s)
  Checkpoint saved (step 9/14).

[10/14] Computing E^{3,1}_4 (Complex fermion:)...
  E^{3,1}_4 = <ZL-Module with torsions [ 2 ]>
  Generators: 1, torsion: [ 2 ]
  Time: 2 ms  (elapsed: 3332s)
  Checkpoint saved (step 10/14).

[11/14] Computing E^{4,0}_2 (Bosonic:)...
  E^{4,0}_
2
  = <ZL-Module with torsions [ 2, 2, 2, 2, 2, 2, 2, 2, 2, 2, 2, 2, 2, 2, 2, 2, \
2, 2, 2, 2, 2, 2, 2, 2, 2, 2 ]>
  Generators: 26, torsion: [ 2, 2, 2, 2, 2, 2, 2, 2, 2, 2, 2, 2, 2, 2, 2, 2, 
  2, 2, 2, 2, 2, 2, 2, 2, 2, 2 ]
  Time: 4606 ms  (elapsed: 3339s)
  Checkpoint saved (step 11/14).

[12/14] Computing E^{4,0}_3 (Bosonic:)...
    d^{2,1}_2: 18 gens (target_dim=26) done [parallel, 24 workers, 18806 ms]
    [checkpoint #6]
  E^{4,0}_
3 = <ZL-Module with torsions [ 2, 2, 2, 2, 2, 2, 2, 2, 2, 2, 2, 2, 2 ]>
  Generators: 13, torsion: [ 2, 2, 2, 2, 2, 2, 2, 2, 2, 2, 2, 2, 2 ]
  Time: 21974 ms  (elapsed: 3364s)
  Checkpoint saved (step 12/14).

[13/14] Computing E^{4,0}_4 (Bosonic:)...
    d2^{1,2}_2: 6 gens (target_dim=38) done [parallel, 24 workers, 169 ms]
    [checkpoint #7]
    d^{1,2}_3: 6 gens (target_dim=13) done [parallel, 24 workers, 92213 ms]
    [checkpoint #8]
  E^{4,0}_
4 = <ZL-Module with torsions [ 2, 2, 2, 2, 2, 2, 2, 2, 2, 2, 2, 2, 2 ]>
  Generators: 13, torsion: [ 2, 2, 2, 2, 2, 2, 2, 2, 2, 2, 2, 2, 2 ]
  Time: 98205 ms  (elapsed: 3465s)
  Checkpoint saved (step 13/14).

[14/14] Computing E^{4,0}_5 (Bosonic:)...
  E^{4,0}_
5 = <ZL-Module with torsions [ 2, 2, 2, 2, 2, 2, 2, 2, 2, 2, 2, 2, 2 ]>
  Generators: 13, torsion: [ 2, 2, 2, 2, 2, 2, 2, 2, 2, 2, 2, 2, 2 ]
  Time: 15 ms  (elapsed: 3467s)
  Checkpoint saved (step 14/14).

============================================================
Phase A COMPLETE: Classification done.
============================================================

Phase B: Computing group structure...
------------------------------------------------------------
  Parallel config: JOBS=24 THRESHOLD=10 PHASE2=true
  Result(deg=4): 4 layers, pRange=[ 1, 2, 3, 4 ]
  Step1: layer 1/4 (p=1, q=3)...
    ComponentEx(1,3): 0 generators
  Step1: layer 1 done: 0 generators, trivial [0 ms]
    [checkpoint #9]
  Step1: layer 2/4 (p=2, q=2)...
    ComponentEx(2,2): 0 generators
  Step1: layer 2 done: 0 generators, trivial [0 ms]
    [checkpoint #10]
  Step1: layer 3/4 (p=3, q=1)...
    ComponentEx(3,1): 1 generators
    ComponentEx(3,1) class 1/1...
      class 1 done [205225 ms]
    [checkpoint #11]
  Step1: layer 3 done: 1 generators, torsion=[ 2 ] [208014 ms]
    [checkpoint #12]
  Step1: layer 4/4 (p=4, q=0)...
    ComponentEx(4,0): 13 generators
    ComponentEx(4,0) class 1/13...
      class 1 done [1222 ms]
    [checkpoint #13]
    ComponentEx(4,0) class 2/13...
      class 2 done [1221 ms]
    [checkpoint #14]
    ComponentEx(4,0) class 3/13...
      class 3 done [1223 ms]
    [checkpoint #15]
    ComponentEx(4,0) class 4/13...
      class 4 done [1222 ms]
    [checkpoint #16]
    ComponentEx(4,0) class 5/13...
      class 5 done [1222 ms]
    [checkpoint #17]
    ComponentEx(4,0) class 6/13...
      class 6 done [1222 ms]
    [checkpoint #18]
    ComponentEx(4,0) class 7/13...
      class 7 done [1222 ms]
    [checkpoint #19]
    ComponentEx(4,0) class 8/13...
      class 8 done [1222 ms]
    [checkpoint #20]
    ComponentEx(4,0) class 9/13...
      class 9 done [1222 ms]
    [checkpoint #21]
    ComponentEx(4,0) class 10/13...
      class 10 done [1222 ms]
    [checkpoint #22]
    ComponentEx(4,0) class 11/13...
      class 11 done [1222 ms]
    [checkpoint #23]
    ComponentEx(4,0) class 12/13...
      class 12 done [1222 ms]
    [checkpoint #24]
    ComponentEx(4,0) class 13/13...
      class 13 done [1222 ms]
    [checkpoint #25]
  Step1: layer 4 done: 13 generators, torsion=[ 2, 2, 2, 2, 2, 2, 2, 2, 2, 2, 
  2, 2, 2 ] [54520 ms]
    [checkpoint #26]
  Step1 done: totalGens=14, nGens=[ 0, 0, 1, 13 ]
  Step3: extension computation, 1 tasks across 3 layers [parallel, 24 workers]
    ext layer 3 (p=3) gen 1/1 (torsion=2)...
      gen 1 done [714728 ms]
    [checkpoint #27]

============================================================
Group structure: <ZL-Module with torsions [ 2, 2, 2, 2, 2, 2, 2, 2, 2, 2, 2, 2\
, 4 ]>
  Phase B time: 991130 ms  (total elapsed: 4461s)
  Checkpoint saved (group structure done).

============================================================
Phase B COMPLETE: Group structure done.
============================================================

============================================================
ALL DONE: SG #65 (ez)
============================================================
Total elapsed: 4464 s

Classification layers:
  p+ip: E^{1,3}_inf = <ZL-Module []>
  Majorana: E^{2,2}_inf = <ZL-Module []>
  Complex fermion: E^{3,1}_inf = <ZL-Module with torsions [ 2 ]>
  Bosonic: E^{4,
0}_inf = <ZL-Module with torsions [ 2, 2, 2, 2, 2, 2, 2, 2, 2, 2, 2, 2, 2 ]>
Group structure: <ZL-Module with torsions [ 2, 2, 2, 2, 2, 2, 2, 2, 2, 2, 2, 2\
, 4 ]>
=== SptSet Parallel Stats ===
Config: JOBS=24 THRESHOLD=10 PHASE2=true
P1 (MapFromBarCocycle): 6 parallel calls (876660ms), 0 sequential calls (0ms)
P2 (BuildDerivative): 7 calls (3375907ms), max_m=38
P2b (SpecSeqResult ext): 0 calls (0ms), max_ngens=0

Checkpoint file: /home/user/xyren/checkpoints/sg65.ws
=== Exit: 0 ===
=== End: Thu Mar  5 21:44:53 HKT 2026 ===
