=== SptSet Space Group #64 (bigmem node) ===
Host: n02.local
Date: Thu Mar  5 06:54:29 HKT 2026
Fresh start.
#I  polymake command not found. Please set POLYMAKE_COMMAND by hand
#I  HAP warning: Set DISPLAY_PATH manually if needed.
#I  HAP warning: Set BROWSER_PATH manually if needed.
#I  HAP warning: Set ASY_PATH manually if needed.
#E  component `License' must be bound to a nonempty string containing an SPDX \
ID
#E  component `ArchiveURL' must be bound to a string started with http://, htt\
ps:// or ftp://
#E  component `ArchiveFormats' must be bound to a string
#E  component `README_URL' must be bound to a string started with http://, htt\
ps:// or ftp://
#E  component `PackageInfoURL' must be bound to a string started with http://,\
 https:// or ftp://
#E  component `AbstractHTML' must be bound to a string
#E  component `PackageWWWHome' must be bound to a string started with http://,\
 https:// or ftp://
#E  component `ArchiveURLSubset' must be bound to a list of strings denoting r\
elative paths to readable files or directories
#E  component `HTMLStart' must be bound to a string denoting a relative path t\
o a readable file
#E  component `PDFFile' must be bound to a string denoting a relative path to \
a readable file
#E  component `LongTitle' must be bound to a string
#E Validation of package sptset from /home/user/xyren/software/gap-4.13.1/pkg/\
SptSet/ failed
============================================================
SptSet Checkpoint Driver
  Space group: #64
  Mode: ez
  Checkpoint file: /home/user/xyren/checkpoints/sg64.ws
  Parallel: JOBS=24 THRESHOLD=10 PHASE2=true
  Group structure: true
============================================================
Building resolution for SG #64...
  Resolution built in 32259 ms
  Dimensions: 1 6 18 38 66 102 146 
Spectral sequence created.

FRESH START — beginning computation.

Phase A: Classification (14 pages)
------------------------------------------------------------
Syntax warning: Unbound global variable in /home/user/xyren/software/gap-4.13.\
1/pkg/SptSet/jobs/checkpoint_driver.g:137
                  j_ -> Erpq_!.relations[j_][j_]), "\n");;
                        ^^^^^
[1/14] Computing E^{1,3}_2 (p+ip:)...
  E^{1,3}_2 = <ZL-Module with torsions [ 2 ]>
  Generators: 1, torsion: [ 2 ]
  Time: 36 ms  (elapsed: 32s)
  Checkpoint saved (step 1/14).

[2/14] Computing E^{1,3}_3 (p+ip:)...
    d2^{1,3}_2 gen 1/1 (target_dim=38)...
      gen 1 done [955 ms]
    [checkpoint #1]
  E^{1,3}_3 = <ZL-Module []>
  Time: 3998 ms  (elapsed: 38s)
  Checkpoint saved (step 2/14).

[3/14] Computing E^{1,3}_4 (p+ip:)...
    d2^{2,2}_2: 18 gens (target_dim=66) done [parallel, 24 workers, 37026 ms]
    [checkpoint #2]
  E^{1,3}_4 = <ZL-Module []>
  Time: 40242 ms  (elapsed: 81s)
  Checkpoint saved (step 3/14).

[4/14] Computing E^{1,3}_5 (p+ip:)...
    d2^{3,1}_2: 38 gens (target_dim=146) done [parallel, 24 workers, 
19438622 ms]
    [checkpoint #3]
    d2^{2,2}_3: 18 gens (target_dim=146) done [parallel, 24 workers, 
83890035 ms]
    [checkpoint #4]
  E^{1,3}_5 = <ZL-Module []>
  Time: 103339176 ms  (elapsed: 103423s)
  Checkpoint saved (step 4/14).

[5/14] Computing E^{2,2}_2 (Majorana:)...
  E^{2,2}_2 = <ZL-Module with torsions [ 2, 2, 2, 2, 2, 2, 2 ]>
  Generators: 7, torsion: [ 2, 2, 2, 2, 2, 2, 2 ]
  Time: 33 ms  (elapsed: 103426s)
  Checkpoint saved (step 5/14).

[6/14] Computing E^{2,2}_3 (Majorana:)...
  E^{2,2}_3 = <ZL-Module with torsions [ 2 ]>
  Generators: 1, torsion: [ 2 ]
  Time: 56 ms  (elapsed: 103431s)
  Checkpoint saved (step 6/14).

[7/14] Computing E^{2,2}_4 (Majorana:)...
  E^{2,2}_4 = <ZL-Module with torsions [ 2 ]>
  Generators: 1, torsion: [ 2 ]
  Time: 10776 ms  (elapsed: 103445s)
  Checkpoint saved (step 7/14).

[8/14] Computing E^{3,1}_2 (Complex fermion:)...
  E^{3,1}_2 = <ZL-Module with torsions [ 2, 2, 2, 2, 2, 2, 2, 2, 2 ]>
  Generators: 9, torsion: [ 2, 2, 2, 2, 2, 2, 2, 2, 2 ]
  Time: 267 ms  (elapsed: 103448s)
  Checkpoint saved (step 8/14).

[9/14] Computing E^{3,1}_3 (Complex fermion:)...
    d^{1,2}_2: 6 gens (target_dim=9) done [parallel, 24 workers, 279 ms]
    [checkpoint #5]
  E^{3,1}_3 = <ZL-Module with torsions [ 2 ]>
  Generators: 1, torsion: [ 2 ]
  Time: 11621 ms  (elapsed: 103462s)
  Checkpoint saved (step 9/14).

[10/14] Computing E^{3,1}_4 (Complex fermion:)...
  E^{3,1}_4 = <ZL-Module with torsions [ 2 ]>
  Generators: 1, torsion: [ 2 ]
  Time: 2 ms  (elapsed: 103465s)
  Checkpoint saved (step 10/14).

[11/14] Computing E^{4,0}_2 (Bosonic:)...
  E^{4,0}_2 = <ZL-Module with torsions [ 2, 2, 2, 2, 2, 2, 2 ]>
  Generators: 7, torsion: [ 2, 2, 2, 2, 2, 2, 2 ]
  Time: 5876 ms  (elapsed: 103473s)
  Checkpoint saved (step 11/14).

[12/14] Computing E^{4,0}_3 (Bosonic:)...
    d^{2,1}_2: 18 gens (target_dim=7) done [parallel, 24 workers, 155277 ms]
    [checkpoint #6]
  E^{4,0}_3 = <ZL-Module with torsions [ 2, 2 ]>
  Generators: 2, torsion: [ 2, 2 ]
  Time: 159046 ms  (elapsed: 103635s)
  Checkpoint saved (step 12/14).

[13/14] Computing E^{4,0}_4 (Bosonic:)...
    d2^{1,2}_2: 6 gens (target_dim=38) done [parallel, 24 workers, 278 ms]
    [checkpoint #7]
    d^{1,2}_3: 6 gens (target_dim=2) done [parallel, 24 workers, 609218 ms]
    [checkpoint #8]
  E^{4,0}_4 = <ZL-Module with torsions [ 2, 2 ]>
  Generators: 2, torsion: [ 2, 2 ]
  Time: 615389 ms  (elapsed: 104253s)
  Checkpoint saved (step 13/14).

[14/14] Computing E^{4,0}_5 (Bosonic:)...
  E^{4,0}_5 = <ZL-Module with torsions [ 2, 2 ]>
  Generators: 2, torsion: [ 2, 2 ]
  Time: 3 ms  (elapsed: 104256s)
  Checkpoint saved (step 14/14).

============================================================
Phase A COMPLETE: Classification done.
============================================================

Phase B: Computing group structure...
------------------------------------------------------------
  Parallel config: JOBS=24 THRESHOLD=10 PHASE2=true
  Result(deg=4): 4 layers, pRange=[ 1, 2, 3, 4 ]
  Step1: layer 1/4 (p=1, q=3)...
    ComponentEx(1,3): 0 generators
  Step1: layer 1 done: 0 generators, trivial [0 ms]
    [checkpoint #9]
  Step1: layer 2/4 (p=2, q=2)...
    ComponentEx(2,2): 1 generators
    ComponentEx(2,2) class 1/1...
      class 1 done [23019614 ms]
    [checkpoint #10]
  Step1: layer 2 done: 1 generators, torsion=[ 2 ] [23022475 ms]
    [checkpoint #11]
  Step1: layer 3/4 (p=3, q=1)...
    ComponentEx(3,1): 1 generators
    ComponentEx(3,1) class 1/1...
      class 1 done [2426299 ms]
    [checkpoint #12]
  Step1: layer 3 done: 1 generators, torsion=[ 2 ] [2429207 ms]
    [checkpoint #13]
  Step1: layer 4/4 (p=4, q=0)...
    ComponentEx(4,0): 2 generators
    ComponentEx(4,0) class 1/2...
      class 1 done [1417 ms]
    [checkpoint #14]
    ComponentEx(4,0) class 2/2...
      class 2 done [1417 ms]
    [checkpoint #15]
  Step1: layer 4 done: 2 generators, torsion=[ 2, 2 ] [8586 ms]
    [checkpoint #16]
  Step1 done: totalGens=4, nGens=[ 0, 1, 1, 2 ]
  Step3: extension computation, 2 tasks across 3 layers [parallel, 24 workers]
    ext layer 2 (p=2) gen 1/1 (torsion=2)...
ASSERTION FAILURE: top layer is not a cocycle    d2^{2,1}_2: 
18 gens (target_dim=67) done [parallel, 24 workers, 155583 ms]
    [checkpoint #17]
    d2^{1,2}_3: 6 gens (target_dim=67) done [parallel, 24 workers, 609705 ms]
    [checkpoint #18]
      gen 1 done [17550873 ms]
    [checkpoint #19]
    ext layer 3 (p=3) gen 1/1 (torsion=2)...
      gen 1 done [1777483 ms]
    [checkpoint #20]

============================================================
Group structure: <ZL-Module with torsions [ 2, 2, 4 ]>
  Phase B time: 44805949 ms  (total elapsed: 149065s)
  Checkpoint saved (group structure done).

============================================================
Phase B COMPLETE: Group structure done.
============================================================

============================================================
ALL DONE: SG #64 (ez)
============================================================
Total elapsed: 149068 s

Classification layers:
  p+ip: E^{1,3}_inf = <ZL-Module []>
  Majorana: E^{2,2}_inf = <ZL-Module with torsions [ 2 ]>
  Complex fermion: E^{3,1}_inf = <ZL-Module with torsions [ 2 ]>
  Bosonic: E^{4,0}_inf = <ZL-Module with torsions [ 2, 2 ]>
Group structure: <ZL-Module with torsions [ 2, 2, 4 ]>
=== SptSet Parallel Stats ===
Config: JOBS=24 THRESHOLD=10 PHASE2=true
P1 (MapFromBarCocycle): 14 parallel calls (43963846ms), 0 sequential calls (
0ms)
P2 (BuildDerivative): 9 calls (104896023ms), max_m=38
P2b (SpecSeqResult ext): 0 calls (0ms), max_ngens=0

Checkpoint file: /home/user/xyren/checkpoints/sg64.ws
=== Exit: 0 ===
=== End: Sat Mar  7 00:19:17 HKT 2026 ===
