=== SptSet Space Group #75 (bigmem node) ===
Host: n03.local
Date: Sat Mar  7 10:15:04 HKT 2026
Fresh start.
#I  polymake command not found. Please set POLYMAKE_COMMAND by hand
#I  HAP warning: Set DISPLAY_PATH manually if needed.
#I  HAP warning: Set BROWSER_PATH manually if needed.
#I  HAP warning: Set ASY_PATH manually if needed.
#E  component `License' must be bound to a nonempty string containing an SPDX \
ID
#E  component `ArchiveURL' must be bound to a string started with http://, htt\
ps:// or ftp://
#E  component `ArchiveFormats' must be bound to a string
#E  component `README_URL' must be bound to a string started with http://, htt\
ps:// or ftp://
#E  component `PackageInfoURL' must be bound to a string started with http://,\
 https:// or ftp://
#E  component `AbstractHTML' must be bound to a string
#E  component `PackageWWWHome' must be bound to a string started with http://,\
 https:// or ftp://
#E  component `ArchiveURLSubset' must be bound to a list of strings denoting r\
elative paths to readable files or directories
#E  component `HTMLStart' must be bound to a string denoting a relative path t\
o a readable file
#E  component `PDFFile' must be bound to a string denoting a relative path to \
a readable file
#E  component `LongTitle' must be bound to a string
#E Validation of package sptset from /home/user/xyren/software/gap-4.13.1/pkg/\
SptSet/ failed
============================================================
SptSet Checkpoint Driver
  Space group: #75
  Mode: ez
  Checkpoint file: /home/user/xyren/checkpoints/sg75.ws
  Parallel: JOBS=24 THRESHOLD=10 PHASE2=true
  Group structure: true
============================================================
Building resolution for SG #75...
  Resolution built in 1931 ms
  Dimensions: 1 4 7 8 8 8 8 
Spectral sequence created.

FRESH START — beginning computation.

Phase A: Classification (14 pages)
------------------------------------------------------------
Syntax warning: Unbound global variable in /home/user/xyren/software/gap-4.13.\
1/pkg/SptSet/jobs/checkpoint_driver.g:137
                  j_ -> Erpq_!.relations[j_][j_]), "\n");;
                        ^^^^^
[1/14] Computing E^{1,3}_2 (p+ip:)...
  E^{1,3}_2 = <ZL-Module with torsions [ 0 ]>
  Generators: 1, torsion: [ 0 ]
  Time: 12 ms  (elapsed: 1s)
  Checkpoint saved (step 1/14).

[2/14] Computing E^{1,3}_3 (p+ip:)...
    d2^{1,3}_2 gen 1/1 (target_dim=8)...
      gen 1 done [249 ms]
    [checkpoint #1]
  E^{1,3}_3 = <ZL-Module with torsions [ 0 ]>
  Generators: 1, torsion: [ 0 ]
  Time: 2913 ms  (elapsed: 7s)
  Checkpoint saved (step 2/14).

[3/14] Computing E^{1,3}_4 (p+ip:)...
    d2^{2,2}_2: 7 gens (target_dim=8) done [parallel, 24 workers, 1582 ms]
    [checkpoint #2]
    d2^{1,3}_3 gen 1/1 (target_dim=8)...
      gen 1 done [4263 ms]
    [checkpoint #3]
  E^{1,3}_4 = <ZL-Module with torsions [ 0 ]>
  Generators: 1, torsion: [ 0 ]
  Time: 11431 ms  (elapsed: 21s)
  Checkpoint saved (step 3/14).

[4/14] Computing E^{1,3}_5 (p+ip:)...
    d^{0,3}_2 gen 1/1 (target_dim=7)...
      gen 1 done [3 ms]
    [checkpoint #4]
    d2^{3,1}_2: 8 gens (target_dim=8) done [parallel, 24 workers, 29357 ms]
    [checkpoint #5]
    d2^{2,2}_3: 7 gens (target_dim=8) done [parallel, 24 workers, 240076 ms]
    [checkpoint #6]
    d2^{1,3}_4 gen 1/1 (target_dim=8)...
      gen 1 done [2039874 ms]
    [checkpoint #7]
  E^{1,3}_5 = <ZL-Module with torsions [ 0 ]>
  Generators: 1, torsion: [ 0 ]
  Time: 2320026 ms  (elapsed: 2344s)
  Checkpoint saved (step 4/14).

[5/14] Computing E^{2,2}_2 (Majorana:)...
  E^{2,2}_2 = <ZL-Module with torsions [ 2, 2, 2, 2, 2 ]>
  Generators: 5, torsion: [ 2, 2, 2, 2, 2 ]
  Time: 5 ms  (elapsed: 2346s)
  Checkpoint saved (step 5/14).

[6/14] Computing E^{2,2}_3 (Majorana:)...
  E^{2,2}_3 = <ZL-Module with torsions [ 2, 2 ]>
  Generators: 2, torsion: [ 2, 2 ]
  Time: 5 ms  (elapsed: 2351s)
  Checkpoint saved (step 6/14).

[7/14] Computing E^{2,2}_4 (Majorana:)...
  E^{2,2}_4 = <ZL-Module with torsions [ 2, 2 ]>
  Generators: 2, torsion: [ 2, 2 ]
  Time: 11 ms  (elapsed: 2354s)
  Checkpoint saved (step 7/14).

[8/14] Computing E^{3,1}_2 (Complex fermion:)...
  E^{3,1}_2 = <ZL-Module with torsions [ 2, 2, 2, 2, 2, 2 ]>
  Generators: 6, torsion: [ 2, 2, 2, 2, 2, 2 ]
  Time: 7 ms  (elapsed: 2356s)
  Checkpoint saved (step 8/14).

[9/14] Computing E^{3,1}_3 (Complex fermion:)...
    d^{1,2}_2: 4 gens (target_dim=6) done [parallel, 24 workers, 68 ms]
    [checkpoint #8]
  E^{3,1}_3 = <ZL-Module with torsions [ 2, 2, 2 ]>
  Generators: 3, torsion: [ 2, 2, 2 ]
  Time: 2919 ms  (elapsed: 2362s)
  Checkpoint saved (step 9/14).

[10/14] Computing E^{3,1}_4 (Complex fermion:)...
    d2^{0,3}_2 gen 1/1 (target_dim=7)...
      gen 1 done [3 ms]
    [checkpoint #9]
    d^{0,3}_3 gen 1/1 (target_dim=3)...
      gen 1 done [460 ms]
    [checkpoint #10]
  E^{3,1}_4 = <ZL-Module with torsions [ 2, 2, 2 ]>
  Generators: 3, torsion: [ 2, 2, 2 ]
  Time: 5895 ms  (elapsed: 2371s)
  Checkpoint saved (step 10/14).

[11/14] Computing E^{4,0}_2 (Bosonic:)...
  E^{4,0}_2 = <ZL-Module with torsions [ 2, 4, 4 ]>
  Generators: 3, torsion: [ 2, 4, 4 ]
  Time: 22 ms  (elapsed: 2373s)
  Checkpoint saved (step 11/14).

[12/14] Computing E^{4,0}_3 (Bosonic:)...
    d^{2,1}_2: 7 gens (target_dim=3) done [parallel, 24 workers, 1768 ms]
    [checkpoint #11]
  E^{4,0}_3 = <ZL-Module with torsions [ 2, 4, 4 ]>
  Generators: 3, torsion: [ 2, 4, 4 ]
  Time: 4564 ms  (elapsed: 2380s)
  Checkpoint saved (step 12/14).

[13/14] Computing E^{4,0}_4 (Bosonic:)...
    d2^{1,2}_2: 4 gens (target_dim=8) done [parallel, 24 workers, 68 ms]
    [checkpoint #12]
    d^{1,2}_3: 4 gens (target_dim=3) done [parallel, 24 workers, 35637 ms]
    [checkpoint #13]
  E^{4,0}_4 = <ZL-Module with torsions [ 2, 4, 4 ]>
  Generators: 3, torsion: [ 2, 4, 4 ]
  Time: 41194 ms  (elapsed: 2424s)
  Checkpoint saved (step 13/14).

[14/14] Computing E^{4,0}_5 (Bosonic:)...
    d2^{0,3}_3 gen 1/1 (target_dim=7)...
      gen 1 done [452 ms]
    [checkpoint #14]
    d^{0,3}_4 gen 1/1 (target_dim=3)...
      gen 1 done [252899 ms]
    [checkpoint #15]
  E^{4,0}_5 = <ZL-Module with torsions [ 2, 4, 4 ]>
  Generators: 3, torsion: [ 2, 4, 4 ]
  Time: 258796 ms  (elapsed: 2686s)
  Checkpoint saved (step 14/14).

============================================================
Phase A COMPLETE: Classification done.
============================================================

Phase B: Computing group structure...
------------------------------------------------------------
  Parallel config: JOBS=24 THRESHOLD=10 PHASE2=true
  Result(deg=4): 4 layers, pRange=[ 1, 2, 3, 4 ]
  Step1: layer 1/4 (p=1, q=3)...
    ComponentEx(1,3): 1 generators
    ComponentEx(1,3) class 1/1...
      class 1 done [4044452 ms]
    [checkpoint #16]
  Step1: layer 1 done: 1 generators, torsion=[ 0 ] [4047195 ms]
    [checkpoint #17]
  Step1: layer 2/4 (p=2, q=2)...
    ComponentEx(2,2): 2 generators
    ComponentEx(2,2) class 1/2...
      class 1 done [220632 ms]
    [checkpoint #18]
    ComponentEx(2,2) class 2/2...
      class 2 done [440579 ms]
    [checkpoint #19]
  Step1: layer 2 done: 2 generators, torsion=[ 2, 2 ] [667918 ms]
    [checkpoint #20]
  Step1: layer 3/4 (p=3, q=1)...
    ComponentEx(3,1): 3 generators
    ComponentEx(3,1) class 1/3...
      class 1 done [18895 ms]
    [checkpoint #21]
    ComponentEx(3,1) class 2/3...
      class 2 done [18892 ms]
    [checkpoint #22]
    ComponentEx(3,1) class 3/3...
      class 3 done [18930 ms]
    [checkpoint #23]
  Step1: layer 3 done: 3 generators, torsion=[ 2, 2, 2 ] [64755 ms]
    [checkpoint #24]
  Step1: layer 4/4 (p=4, q=0)...
    ComponentEx(4,0): 3 generators
    ComponentEx(4,0) class 1/3...
      class 1 done [20 ms]
    [checkpoint #25]
    ComponentEx(4,0) class 2/3...
      class 2 done [20 ms]
    [checkpoint #26]
    ComponentEx(4,0) class 3/3...
      class 3 done [20 ms]
    [checkpoint #27]
  Step1: layer 4 done: 3 generators, torsion=[ 2, 4, 4 ] [8167 ms]
    [checkpoint #28]
  Step1 done: totalGens=9, nGens=[ 1, 2, 3, 3 ]
  Step3: extension computation, 6 tasks across 3 layers [parallel, 24 workers]
    [checkpoint #29]
    ext layer 2 (p=2): 2 gens done [parallel, 24 workers, 2332 ms]
    [checkpoint #30]
    ext layer 3 (p=3): 3 gens done [parallel, 24 workers, 268305 ms]
    [checkpoint #31]

============================================================
Group structure: <ZL-Module with torsions [ 2, 8, 8, 8, 0 ]>
  Phase B time: 5077478 ms  (total elapsed: 7766s)
  Checkpoint saved (group structure done).

============================================================
Phase B COMPLETE: Group structure done.
============================================================

============================================================
ALL DONE: SG #75 (ez)
============================================================
Total elapsed: 7769 s

Classification layers:
  p+ip: E^{1,3}_inf = <ZL-Module with torsions [ 0 ]>
  Majorana: E^{2,2}_inf = <ZL-Module with torsions [ 2, 2 ]>
  Complex fermion: E^{3,1}_inf = <ZL-Module with torsions [ 2, 2, 2 ]>
  Bosonic: E^{4,0}_inf = <ZL-Module with torsions [ 2, 4, 4 ]>
Group structure: <ZL-Module with torsions [ 2, 8, 8, 8, 0 ]>
=== SptSet Parallel Stats ===
Config: JOBS=24 THRESHOLD=10 PHASE2=true
P1 (MapFromBarCocycle): 0 parallel calls (0ms), 30 sequential calls (
7060211ms)
P2 (BuildDerivative): 7 calls (308556ms), max_m=8
P2b (SpecSeqResult ext): 2 calls (270637ms), max_ngens=3

Checkpoint file: /home/user/xyren/checkpoints/sg75.ws
=== Exit: 0 ===
=== End: Sat Mar  7 12:24:53 HKT 2026 ===
