=== SptSet Space Group #79 (bigmem node) ===
Host: n02.local
Date: Sun Mar  8 17:59:14 HKT 2026
Fresh start.
#I  polymake command not found. Please set POLYMAKE_COMMAND by hand
#I  HAP warning: Set DISPLAY_PATH manually if needed.
#I  HAP warning: Set BROWSER_PATH manually if needed.
#I  HAP warning: Set ASY_PATH manually if needed.
#E  component `License' must be bound to a nonempty string containing an SPDX \
ID
#E  component `ArchiveURL' must be bound to a string started with http://, htt\
ps:// or ftp://
#E  component `ArchiveFormats' must be bound to a string
#E  component `README_URL' must be bound to a string started with http://, htt\
ps:// or ftp://
#E  component `PackageInfoURL' must be bound to a string started with http://,\
 https:// or ftp://
#E  component `AbstractHTML' must be bound to a string
#E  component `PackageWWWHome' must be bound to a string started with http://,\
 https:// or ftp://
#E  component `ArchiveURLSubset' must be bound to a list of strings denoting r\
elative paths to readable files or directories
#E  component `HTMLStart' must be bound to a string denoting a relative path t\
o a readable file
#E  component `PDFFile' must be bound to a string denoting a relative path to \
a readable file
#E  component `LongTitle' must be bound to a string
#E Validation of package sptset from /home/user/xyren/software/gap-4.13.1/pkg/\
SptSet/ failed
============================================================
SptSet Checkpoint Driver
  Space group: #79
  Mode: ez
  Checkpoint file: /home/user/xyren/checkpoints/sg79.ws
  Parallel: JOBS=24 THRESHOLD=10 PHASE2=true
  Group structure: true
============================================================
Building resolution for SG #79...
  Resolution built in 2833 ms
  Dimensions: 1 4 7 8 8 8 8 
Spectral sequence created.

FRESH START — beginning computation.

Phase A: Classification (14 pages)
------------------------------------------------------------
Syntax warning: Unbound global variable in /home/user/xyren/software/gap-4.13.\
1/pkg/SptSet/jobs/checkpoint_driver.g:137
                  j_ -> Erpq_!.relations[j_][j_]), "\n");;
                        ^^^^^
[1/14] Computing E^{1,3}_2 (p+ip:)...
  E^{1,3}_2 = <ZL-Module with torsions [ 0 ]>
  Generators: 1, torsion: [ 0 ]
  Time: 13 ms  (elapsed: 2s)
  Checkpoint saved (step 1/14).

[2/14] Computing E^{1,3}_3 (p+ip:)...
    d2^{1,3}_2 gen 1/1 (target_dim=8)...
      gen 1 done [530 ms]
    [checkpoint #1]
  E^{1,3}_3 = <ZL-Module with torsions [ 0 ]>
  Generators: 1, torsion: [ 0 ]
  Time: 3206 ms  (elapsed: 8s)
  Checkpoint saved (step 2/14).

[3/14] Computing E^{1,3}_4 (p+ip:)...
    d2^{2,2}_2: 7 gens (target_dim=8) done [parallel, 24 workers, 6903 ms]
    [checkpoint #2]
    d2^{1,3}_3 gen 1/1 (target_dim=8)...
      gen 1 done [29843 ms]
    [checkpoint #3]
  E^{1,3}_4 = <ZL-Module with torsions [ 0 ]>
  Generators: 1, torsion: [ 0 ]
  Time: 42130 ms  (elapsed: 53s)
  Checkpoint saved (step 3/14).

[4/14] Computing E^{1,3}_5 (p+ip:)...
    d^{0,3}_2 gen 1/1 (target_dim=7)...
      gen 1 done [3 ms]
    [checkpoint #4]
    d2^{3,1}_2: 8 gens (target_dim=8) done [parallel, 24 workers, 464104 ms]
    [checkpoint #5]
    d2^{2,2}_3: 7 gens (target_dim=8) done [parallel, 24 workers, 7974791 ms]
    [checkpoint #6]
    d2^{1,3}_4 gen 1/1 (target_dim=8)...
      gen 1 done [109841053 ms]
    [checkpoint #7]
  E^{1,3}_5 = <ZL-Module with torsions [ 0 ]>
  Generators: 1, torsion: [ 0 ]
  Time: 118291571 ms  (elapsed: 118347s)
  Checkpoint saved (step 4/14).

[5/14] Computing E^{2,2}_2 (Majorana:)...
  E^{2,2}_2 = <ZL-Module with torsions [ 2, 2, 2 ]>
  Generators: 3, torsion: [ 2, 2, 2 ]
  Time: 5 ms  (elapsed: 118351s)
  Checkpoint saved (step 5/14).

[6/14] Computing E^{2,2}_3 (Majorana:)...
  E^{2,2}_3 = <ZL-Module with torsions [ 2 ]>
  Generators: 1, torsion: [ 2 ]
  Time: 5 ms  (elapsed: 118354s)
  Checkpoint saved (step 6/14).

[7/14] Computing E^{2,2}_4 (Majorana:)...
  E^{2,2}_4 = <ZL-Module with torsions [ 2 ]>
  Generators: 1, torsion: [ 2 ]
  Time: 10 ms  (elapsed: 118358s)
  Checkpoint saved (step 7/14).

[8/14] Computing E^{3,1}_2 (Complex fermion:)...
  E^{3,1}_2 = <ZL-Module with torsions [ 2, 2, 2, 2 ]>
  Generators: 4, torsion: [ 2, 2, 2, 2 ]
  Time: 7 ms  (elapsed: 118361s)
  Checkpoint saved (step 8/14).

[9/14] Computing E^{3,1}_3 (Complex fermion:)...
    d^{1,2}_2: 4 gens (target_dim=4) done [parallel, 24 workers, 121 ms]
    [checkpoint #8]
  E^{3,1}_3 = <ZL-Module with torsions [ 2, 2 ]>
  Generators: 2, torsion: [ 2, 2 ]
  Time: 3604 ms  (elapsed: 118369s)
  Checkpoint saved (step 9/14).

[10/14] Computing E^{3,1}_4 (Complex fermion:)...
    d2^{0,3}_2 gen 1/1 (target_dim=7)...
      gen 1 done [3 ms]
    [checkpoint #9]
    d^{0,3}_3 gen 1/1 (target_dim=2)...
      gen 1 done [1029 ms]
    [checkpoint #10]
  E^{3,1}_4 = <ZL-Module with torsions [ 2, 2 ]>
  Generators: 2, torsion: [ 2, 2 ]
  Time: 8136 ms  (elapsed: 118380s)
  Checkpoint saved (step 10/14).

[11/14] Computing E^{4,0}_2 (Bosonic:)...
  E^{4,0}_2 = <ZL-Module with torsions [ 2, 4 ]>
  Generators: 2, torsion: [ 2, 4 ]
  Time: 32 ms  (elapsed: 118384s)
  Checkpoint saved (step 11/14).

[12/14] Computing E^{4,0}_3 (Bosonic:)...
    d^{2,1}_2: 7 gens (target_dim=2) done [parallel, 24 workers, 8673 ms]
    [checkpoint #11]
  E^{4,0}_3 = <ZL-Module with torsions [ 2, 4 ]>
  Generators: 2, torsion: [ 2, 4 ]
  Time: 12247 ms  (elapsed: 118399s)
  Checkpoint saved (step 12/14).

[13/14] Computing E^{4,0}_4 (Bosonic:)...
    d2^{1,2}_2: 4 gens (target_dim=8) done [parallel, 24 workers, 121 ms]
    [checkpoint #12]
    d^{1,2}_3: 4 gens (target_dim=2) done [parallel, 24 workers, 184834 ms]
    [checkpoint #13]
  E^{4,0}_4 = <ZL-Module with torsions [ 2, 4 ]>
  Generators: 2, torsion: [ 2, 4 ]
  Time: 192047 ms  (elapsed: 118595s)
  Checkpoint saved (step 13/14).

[14/14] Computing E^{4,0}_5 (Bosonic:)...
    d2^{0,3}_3 gen 1/1 (target_dim=6)...
      gen 1 done [1023 ms]
    [checkpoint #14]
    d^{0,3}_4 gen 1/1 (target_dim=2)...
      gen 1 done [1520670 ms]
    [checkpoint #15]
  E^{4,0}_5 = <ZL-Module with torsions [ 2, 4 ]>
  Generators: 2, torsion: [ 2, 4 ]
  Time: 1532095 ms  (elapsed: 120131s)
  Checkpoint saved (step 14/14).

============================================================
Phase A COMPLETE: Classification done.
============================================================

Phase B: Computing group structure...
------------------------------------------------------------
  Parallel config: JOBS=24 THRESHOLD=10 PHASE2=true
  Result(deg=4): 4 layers, pRange=[ 1, 2, 3, 4 ]
  Step1: layer 1/4 (p=1, q=3)...
    ComponentEx(1,3): 1 generators
    ComponentEx(1,3) class 1/1...
=== SptSet Space Group #79 (bigmem node) ===
Host: n04.local
Date: Thu Mar 12 12:24:49 HKT 2026
Resuming from checkpoint...
============================================================
RESUMED from checkpoint at step 14
  Space group: #79
  Checkpoint file: /home/user/xyren/checkpoints/sg79.ws
  Parallel: JOBS=24 THRESHOLD=10 PHASE2=true
============================================================

Phase A: Classification (14 pages)
------------------------------------------------------------
============================================================
Phase A COMPLETE: Classification done.
============================================================

Phase B: Computing group structure...
------------------------------------------------------------
  Parallel config: JOBS=24 THRESHOLD=10 PHASE2=true
  Result(deg=4): 4 layers, pRange=[ 1, 2, 3, 4 ]
  Step1: layer 1/4 (p=1, q=3)...
    ComponentEx(1,3): 1 generators
    ComponentEx(1,3) class 1/1...
=== SptSet Space Group #79 ===
Host: n01.local
Date: Mon Mar 16 22:03:34 HKT 2026
Resuming from checkpoint...
============================================================
RESUMED from checkpoint at step 14
  Space group: #79
  Checkpoint file: /home/user/xyren/checkpoints/sg79.ws
  Parallel: JOBS=24 THRESHOLD=10 PHASE2=true
============================================================

Phase A: Classification (14 pages)
------------------------------------------------------------
============================================================
Phase A COMPLETE: Classification done.
============================================================

Phase B: Computing group structure...
------------------------------------------------------------
  Parallel config: JOBS=24 THRESHOLD=10 PHASE2=true
  Result(deg=4): 4 layers, pRange=[ 1, 2, 3, 4 ]
  Step1: layer 1/4 (p=1, q=3)...
    ComponentEx(1,3): 1 generators
    ComponentEx(1,3) class 1/1...
