=== SptSet Space Group #70 (bigmem node) ===
Host: n01.local
Date: Fri Mar  6 15:01:54 HKT 2026
Fresh start.
#I  polymake command not found. Please set POLYMAKE_COMMAND by hand
#I  HAP warning: Set DISPLAY_PATH manually if needed.
#I  HAP warning: Set BROWSER_PATH manually if needed.
#I  HAP warning: Set ASY_PATH manually if needed.
#E  component `License' must be bound to a nonempty string containing an SPDX \
ID
#E  component `ArchiveURL' must be bound to a string started with http://, htt\
ps:// or ftp://
#E  component `ArchiveFormats' must be bound to a string
#E  component `README_URL' must be bound to a string started with http://, htt\
ps:// or ftp://
#E  component `PackageInfoURL' must be bound to a string started with http://,\
 https:// or ftp://
#E  component `AbstractHTML' must be bound to a string
#E  component `PackageWWWHome' must be bound to a string started with http://,\
 https:// or ftp://
#E  component `ArchiveURLSubset' must be bound to a list of strings denoting r\
elative paths to readable files or directories
#E  component `HTMLStart' must be bound to a string denoting a relative path t\
o a readable file
#E  component `PDFFile' must be bound to a string denoting a relative path to \
a readable file
#E  component `LongTitle' must be bound to a string
#E Validation of package sptset from /home/user/xyren/software/gap-4.13.1/pkg/\
SptSet/ failed
============================================================
SptSet Checkpoint Driver
  Space group: #70
  Mode: ez
  Checkpoint file: /home/user/xyren/checkpoints/sg70.ws
  Parallel: JOBS=24 THRESHOLD=10 PHASE2=true
  Group structure: true
============================================================
Building resolution for SG #70...
  Resolution built in 35833 ms
  Dimensions: 1 6 18 38 66 102 146 
Spectral sequence created.

FRESH START — beginning computation.

Phase A: Classification (14 pages)
------------------------------------------------------------
Syntax warning: Unbound global variable in /home/user/xyren/software/gap-4.13.\
1/pkg/SptSet/jobs/checkpoint_driver.g:137
                  j_ -> Erpq_!.relations[j_][j_]), "\n");;
                        ^^^^^
[1/14] Computing E^{1,3}_2 (p+ip:)...
  E^{1,3}_2 = <ZL-Module with torsions [ 2 ]>
  Generators: 1, torsion: [ 2 ]
  Time: 38 ms  (elapsed: 35s)
  Checkpoint saved (step 1/14).

[2/14] Computing E^{1,3}_3 (p+ip:)...
    d2^{1,3}_2 gen 1/1 (target_dim=38)...
      gen 1 done [1091 ms]
    [checkpoint #1]
  E^{1,3}_3 = <ZL-Module []>
  Time: 4208 ms  (elapsed: 42s)
  Checkpoint saved (step 2/14).

[3/14] Computing E^{1,3}_4 (p+ip:)...
    d2^{2,2}_2: 18 gens (target_dim=66) done [parallel, 24 workers, 47755 ms]
    [checkpoint #2]
  E^{1,3}_4 = <ZL-Module []>
  Time: 50984 ms  (elapsed: 96s)
  Checkpoint saved (step 3/14).

[4/14] Computing E^{1,3}_5 (p+ip:)...
    d2^{3,1}_2: 38 gens (target_dim=146) done [parallel, 24 workers, 
38210362 ms]
    [checkpoint #3]
=== SptSet Space Group #70 (bigmem node) ===
Host: n01.local
Date: Mon Mar  9 07:51:29 HKT 2026
Resuming from checkpoint...
============================================================
RESUMED from checkpoint at step 3
  Space group: #70
  Checkpoint file: /home/user/xyren/checkpoints/sg70.ws
  Parallel: JOBS=24 THRESHOLD=10 PHASE2=true
============================================================

Phase A: Classification (14 pages)
------------------------------------------------------------
[4/14] Computing E^{1,3}_5 (p+ip:)...
    d2^{3,1}_2: 38 gens (target_dim=146) done [parallel, 24 workers, 
38173463 ms]
    [checkpoint #3]
=== SptSet Space Group #70 ===
Host: n04.local
Date: Sun Mar 15 01:09:40 HKT 2026
Resuming from checkpoint...
============================================================
RESUMED from checkpoint at step 3
  Space group: #70
  Checkpoint file: /home/user/xyren/checkpoints/sg70.ws
  Parallel: JOBS=24 THRESHOLD=10 PHASE2=true
============================================================

Phase A: Classification (14 pages)
------------------------------------------------------------
[4/14] Computing E^{1,3}_5 (p+ip:)...
    d2^{3,1}_2: 38 gens (target_dim=146) done [parallel, 24 workers, 
38212835 ms]
    [checkpoint #3]
