=== SptSet Space Group #89 ===
Host: n01.local
Date: Sun Mar 15 22:19:22 HKT 2026
Fresh start.
#I  polymake command not found. Please set POLYMAKE_COMMAND by hand
#I  HAP warning: Set DISPLAY_PATH manually if needed.
#I  HAP warning: Set BROWSER_PATH manually if needed.
#I  HAP warning: Set ASY_PATH manually if needed.
#E  component `License' must be bound to a nonempty string containing an SPDX \
ID
#E  component `ArchiveURL' must be bound to a string started with http://, htt\
ps:// or ftp://
#E  component `ArchiveFormats' must be bound to a string
#E  component `README_URL' must be bound to a string started with http://, htt\
ps:// or ftp://
#E  component `PackageInfoURL' must be bound to a string started with http://,\
 https:// or ftp://
#E  component `AbstractHTML' must be bound to a string
#E  component `PackageWWWHome' must be bound to a string started with http://,\
 https:// or ftp://
#E  component `ArchiveURLSubset' must be bound to a list of strings denoting r\
elative paths to readable files or directories
#E  component `HTMLStart' must be bound to a string denoting a relative path t\
o a readable file
#E  component `PDFFile' must be bound to a string denoting a relative path to \
a readable file
#E  component `LongTitle' must be bound to a string
#E Validation of package sptset from /home/user/xyren/software/gap-4.13.1/pkg/\
SptSet/ failed
============================================================
SptSet Checkpoint Driver
  Space group: #89
  Mode: ez
  Checkpoint file: /home/user/xyren/checkpoints/sg89.ws
  Parallel: JOBS=24 THRESHOLD=10 PHASE2=true
  Group structure: true
============================================================
Building resolution for SG #89...
  Resolution built in 10145 ms
  Dimensions: 1 6 18 37 60 84 108 
Spectral sequence created.

FRESH START — beginning computation.

Phase A: Classification (14 pages)
------------------------------------------------------------
Syntax warning: Unbound global variable in /home/user/xyren/software/gap-4.13.\
1/pkg/SptSet/jobs/checkpoint_driver.g:137
                  j_ -> Erpq_!.relations[j_][j_]), "\n");;
                        ^^^^^
[1/14] Computing E^{1,3}_2 (p+ip:)...
  E^{1,3}_2 = <ZL-Module []>
  Time: 32 ms  (elapsed: 10s)
  Checkpoint saved (step 1/14).

[2/14] Computing E^{1,3}_3 (p+ip:)...
  E^{1,3}_3 = <ZL-Module []>
  Time: 0 ms  (elapsed: 12s)
  Checkpoint saved (step 2/14).

[3/14] Computing E^{1,3}_4 (p+ip:)...
  E^{1,3}_4 = <ZL-Module []>
  Time: 0 ms  (elapsed: 15s)
  Checkpoint saved (step 3/14).

[4/14] Computing E^{1,3}_5 (p+ip:)...
  E^{1,3}_5 = <ZL-Module []>
  Time: 0 ms  (elapsed: 18s)
  Checkpoint saved (step 4/14).

[5/14] Computing E^{2,2}_2 (Majorana:)...
  E^{2,2}_2 = <ZL-Module with torsions [ 2, 2, 2, 2, 2, 2, 2, 2, 2 ]>
  Generators: 9, torsion: [ 2, 2, 2, 2, 2, 2, 2, 2, 2 ]
  Time: 380 ms  (elapsed: 21s)
  Checkpoint saved (step 5/14).

[6/14] Computing E^{2,2}_3 (Majorana:)...
    d^{0,3}_2 gen 1/1 (target_dim=9)...
      gen 1 done [84 ms]
    [checkpoint #1]
    d2^{2,2}_2: 9 gens (target_dim=60) done [parallel, 24 workers, 4854 ms]
    [checkpoint #2]
  E^{2,2}_3 = <ZL-Module []>
  Time: 11774 ms  (elapsed: 35s)
  Checkpoint saved (step 6/14).

[7/14] Computing E^{2,2}_4 (Majorana:)...
  E^{2,2}_4 = <ZL-Module []>
  Time: 0 ms  (elapsed: 38s)
  Checkpoint saved (step 7/14).

[8/14] Computing E^{3,1}_2 (Complex fermion:)...
  E^{3,1}_
2 = <ZL-Module with torsions [ 2, 2, 2, 2, 2, 2, 2, 2, 2, 2, 2, 2, 2, 2, 2 ]>
  Generators: 15, torsion: [ 2, 2, 2, 2, 2, 2, 2, 2, 2, 2, 2, 2, 2, 2, 2 ]
  Time: 1698 ms  (elapsed: 42s)
  Checkpoint saved (step 8/14).

[9/14] Computing E^{3,1}_3 (Complex fermion:)...
    d^{1,2}_2: 6 gens (target_dim=15) done [parallel, 24 workers, 163 ms]
    [checkpoint #3]
    d2^{3,1}_2: 15 gens (target_dim=108) done [parallel, 24 workers, 
288237 ms]
    [checkpoint #4]
  E^{3,1}_3 = <ZL-Module []>
  Time: 298534 ms  (elapsed: 343s)
  Checkpoint saved (step 9/14).

[10/14] Computing E^{3,1}_4 (Complex fermion:)...
  E^{3,1}_4 = <ZL-Module []>
  Time: 0 ms  (elapsed: 346s)
  Checkpoint saved (step 10/14).

[11/14] Computing E^{4,0}_2 (Bosonic:)...
  E^{4,0}_2 = <ZL-Module with torsions [ 2, 2, 2, 2, 2, 2, 2, 2, 2, 2, 2, 2 ]>
  Generators: 12, torsion: [ 2, 2, 2, 2, 2, 2, 2, 2, 2, 2, 2, 2 ]
  Time: 2621 ms  (elapsed: 351s)
  Checkpoint saved (step 11/14).

[12/14] Computing E^{4,0}_3 (Bosonic:)...
    d^{2,1}_2: 18 gens (target_dim=12) done [parallel, 24 workers, 22579 ms]
    [checkpoint #5]
  E^{4,0}_3 = <ZL-Module with torsions [ 2, 2, 2, 2, 2, 2, 2, 2, 2, 2, 2, 2 ]>
  Generators: 12, torsion: [ 2, 2, 2, 2, 2, 2, 2, 2, 2, 2, 2, 2 ]
  Time: 25603 ms  (elapsed: 380s)
  Checkpoint saved (step 12/14).

[13/14] Computing E^{4,0}_4 (Bosonic:)...
    d2^{1,2}_2: 6 gens (target_dim=37) done [parallel, 24 workers, 168 ms]
    [checkpoint #6]
    d^{1,2}_3: 6 gens (target_dim=12) done [parallel, 24 workers, 100262 ms]
    [checkpoint #7]
  E^{4,0}_4 = <ZL-Module with torsions [ 2, 2, 2, 2, 2, 2, 2, 2, 2, 2, 2, 2 ]>
  Generators: 12, torsion: [ 2, 2, 2, 2, 2, 2, 2, 2, 2, 2, 2, 2 ]
  Time: 106164 ms  (elapsed: 488s)
  Checkpoint saved (step 13/14).

[14/14] Computing E^{4,0}_5 (Bosonic:)...
    d2^{0,3}_2 gen 1/1 (target_dim=18)...
      gen 1 done [74 ms]
    [checkpoint #8]
    d2^{0,3}_3 gen 1/1 (target_dim=30)...
      gen 1 done [1302 ms]
    [checkpoint #9]
    d^{0,3}_4 gen 1/1 (target_dim=12)...
      gen 1 done [597903 ms]
    [checkpoint #10]
  E^{4,0}_5 = <ZL-Module with torsions [ 2, 2, 2, 2, 2, 2, 2, 2, 2, 2, 2, 2 ]>
  Generators: 12, torsion: [ 2, 2, 2, 2, 2, 2, 2, 2, 2, 2, 2, 2 ]
  Time: 607614 ms  (elapsed: 1099s)
  Checkpoint saved (step 14/14).

============================================================
Phase A COMPLETE: Classification done.
============================================================

Phase B: Computing group structure...
------------------------------------------------------------
  Parallel config: JOBS=24 THRESHOLD=10 PHASE2=true
  Result(deg=4): 4 layers, pRange=[ 1, 2, 3, 4 ]
  Step1: layer 1/4 (p=1, q=3)...
    ComponentEx(1,3): 0 generators
  Step1: layer 1 done: 0 generators, trivial [0 ms]
    [checkpoint #11]
  Step1: layer 2/4 (p=2, q=2)...
    ComponentEx(2,2): 0 generators
  Step1: layer 2 done: 0 generators, trivial [0 ms]
    [checkpoint #12]
  Step1: layer 3/4 (p=3, q=1)...
    ComponentEx(3,1): 0 generators
  Step1: layer 3 done: 0 generators, trivial [0 ms]
    [checkpoint #13]
  Step1: layer 4/4 (p=4, q=0)...
    ComponentEx(4,0): 12 generators
    ComponentEx(4,0) class 1/12...
      class 1 done [915 ms]
    [checkpoint #14]
    ComponentEx(4,0) class 2/12...
      class 2 done [914 ms]
    [checkpoint #15]
    ComponentEx(4,0) class 3/12...
      class 3 done [915 ms]
    [checkpoint #16]
    ComponentEx(4,0) class 4/12...
      class 4 done [915 ms]
    [checkpoint #17]
    ComponentEx(4,0) class 5/12...
      class 5 done [915 ms]
    [checkpoint #18]
    ComponentEx(4,0) class 6/12...
      class 6 done [915 ms]
    [checkpoint #19]
    ComponentEx(4,0) class 7/12...
      class 7 done [914 ms]
    [checkpoint #20]
    ComponentEx(4,0) class 8/12...
      class 8 done [915 ms]
    [checkpoint #21]
    ComponentEx(4,0) class 9/12...
      class 9 done [915 ms]
    [checkpoint #22]
    ComponentEx(4,0) class 10/12...
      class 10 done [915 ms]
    [checkpoint #23]
    ComponentEx(4,0) class 11/12...
      class 11 done [915 ms]
    [checkpoint #24]
    ComponentEx(4,0) class 12/12...
      class 12 done [915 ms]
    [checkpoint #25]
  Step1: layer 4 done: 12 generators, torsion=[ 2, 2, 2, 2, 2, 2, 2, 2, 2, 2, 
  2, 2 ] [43336 ms]
    [checkpoint #26]
  Step1 done: totalGens=12, nGens=[ 0, 0, 0, 12 ]
  Step3: extension computation, 0 tasks across 3 layers [parallel, 24 workers]

============================================================
Group structure: <ZL-Module with torsions [ 2, 2, 2, 2, 2, 2, 2, 2, 2, 2, 2, 2\
 ]>
  Phase B time: 54030 ms  (total elapsed: 1155s)
  Checkpoint saved (group structure done).

============================================================
Phase B COMPLETE: Group structure done.
============================================================

============================================================
ALL DONE: SG #89 (ez)
============================================================
Total elapsed: 1158 s

Classification layers:
  p+ip: E^{1,3}_inf = <ZL-Module []>
  Majorana: E^{2,2}_inf = <ZL-Module []>
  Complex fermion: E^{3,1}_inf = <ZL-Module []>
  Bosonic: E^{4,
0}_inf = <ZL-Module with torsions [ 2, 2, 2, 2, 2, 2, 2, 2, 2, 2, 2, 2 ]>
Group structure: <ZL-Module with torsions [ 2, 2, 2, 2, 2, 2, 2, 2, 2, 2, 2, 2\
 ]>
=== SptSet Parallel Stats ===
Config: JOBS=24 THRESHOLD=10 PHASE2=true
P1 (MapFromBarCocycle): 7 parallel calls (598805ms), 0 sequential calls (0ms)
P2 (BuildDerivative): 6 calls (416263ms), max_m=18
P2b (SpecSeqResult ext): 0 calls (0ms), max_ngens=0

Checkpoint file: /home/user/xyren/checkpoints/sg89.ws
=== Exit: 0 ===
=== End: Sun Mar 15 22:39:02 HKT 2026 ===
