=== SptSet Space Group #81 (bigmem node) ===
Host: n01.local
Date: Mon Mar  9 03:01:48 HKT 2026
Fresh start.
#I  polymake command not found. Please set POLYMAKE_COMMAND by hand
#I  HAP warning: Set DISPLAY_PATH manually if needed.
#I  HAP warning: Set BROWSER_PATH manually if needed.
#I  HAP warning: Set ASY_PATH manually if needed.
#E  component `License' must be bound to a nonempty string containing an SPDX \
ID
#E  component `ArchiveURL' must be bound to a string started with http://, htt\
ps:// or ftp://
#E  component `ArchiveFormats' must be bound to a string
#E  component `README_URL' must be bound to a string started with http://, htt\
ps:// or ftp://
#E  component `PackageInfoURL' must be bound to a string started with http://,\
 https:// or ftp://
#E  component `AbstractHTML' must be bound to a string
#E  component `PackageWWWHome' must be bound to a string started with http://,\
 https:// or ftp://
#E  component `ArchiveURLSubset' must be bound to a list of strings denoting r\
elative paths to readable files or directories
#E  component `HTMLStart' must be bound to a string denoting a relative path t\
o a readable file
#E  component `PDFFile' must be bound to a string denoting a relative path to \
a readable file
#E  component `LongTitle' must be bound to a string
#E Validation of package sptset from /home/user/xyren/software/gap-4.13.1/pkg/\
SptSet/ failed
============================================================
SptSet Checkpoint Driver
  Space group: #81
  Mode: ez
  Checkpoint file: /home/user/xyren/checkpoints/sg81.ws
  Parallel: JOBS=24 THRESHOLD=10 PHASE2=true
  Group structure: true
============================================================
Building resolution for SG #81...
  Resolution built in 2006 ms
  Dimensions: 1 4 7 8 8 8 8 
Spectral sequence created.

FRESH START — beginning computation.

Phase A: Classification (14 pages)
------------------------------------------------------------
Syntax warning: Unbound global variable in /home/user/xyren/software/gap-4.13.\
1/pkg/SptSet/jobs/checkpoint_driver.g:137
                  j_ -> Erpq_!.relations[j_][j_]), "\n");;
                        ^^^^^
[1/14] Computing E^{1,3}_2 (p+ip:)...
  E^{1,3}_2 = <ZL-Module with torsions [ 2, 0 ]>
  Generators: 2, torsion: [ 2, 0 ]
  Time: 12 ms  (elapsed: 2s)
  Checkpoint saved (step 1/14).

[2/14] Computing E^{1,3}_3 (p+ip:)...
    d2^{1,3}_2: 2 gens (target_dim=8) done [parallel, 24 workers, 303 ms]
    [checkpoint #1]
  E^{1,3}_3 = <ZL-Module with torsions [ 2, 0 ]>
  Generators: 2, torsion: [ 2, 0 ]
  Time: 3005 ms  (elapsed: 7s)
  Checkpoint saved (step 2/14).

[3/14] Computing E^{1,3}_4 (p+ip:)...
    d2^{2,2}_2: 7 gens (target_dim=8) done [parallel, 24 workers, 2105 ms]
    [checkpoint #2]
    d2^{1,3}_3: 2 gens (target_dim=8) done [parallel, 24 workers, 5234 ms]
    [checkpoint #3]
  E^{1,3}_4 = <ZL-Module with torsions [ 2, 0 ]>
  Generators: 2, torsion: [ 2, 0 ]
  Time: 12729 ms  (elapsed: 22s)
  Checkpoint saved (step 3/14).

[4/14] Computing E^{1,3}_5 (p+ip:)...
    d2^{3,1}_2: 8 gens (target_dim=8) done [parallel, 24 workers, 35220 ms]
    [checkpoint #4]
    d2^{2,2}_3: 7 gens (target_dim=8) done [parallel, 24 workers, 308204 ms]
    [checkpoint #5]
    d2^{1,3}_4: 2 gens (target_dim=8) done [parallel, 24 workers, 3201970 ms]
    [checkpoint #6]
  E^{1,3}_5 = <ZL-Module with torsions [ 2, 0 ]>
  Generators: 2, torsion: [ 2, 0 ]
  Time: 3553473 ms  (elapsed: 3582s)
  Checkpoint saved (step 4/14).

[5/14] Computing E^{2,2}_2 (Majorana:)...
  E^{2,2}_2 = <ZL-Module with torsions [ 2, 2, 2, 2, 2 ]>
  Generators: 5, torsion: [ 2, 2, 2, 2, 2 ]
  Time: 5 ms  (elapsed: 3584s)
  Checkpoint saved (step 5/14).

[6/14] Computing E^{2,2}_3 (Majorana:)...
  E^{2,2}_3 = <ZL-Module with torsions [ 2, 2 ]>
  Generators: 2, torsion: [ 2, 2 ]
  Time: 5 ms  (elapsed: 3587s)
  Checkpoint saved (step 6/14).

[7/14] Computing E^{2,2}_4 (Majorana:)...
  E^{2,2}_4 = <ZL-Module with torsions [ 2, 2 ]>
  Generators: 2, torsion: [ 2, 2 ]
  Time: 7 ms  (elapsed: 3592s)
  Checkpoint saved (step 7/14).

[8/14] Computing E^{3,1}_2 (Complex fermion:)...
  E^{3,1}_2 = <ZL-Module with torsions [ 2, 2, 2, 2, 2, 2 ]>
  Generators: 6, torsion: [ 2, 2, 2, 2, 2, 2 ]
  Time: 7 ms  (elapsed: 3594s)
  Checkpoint saved (step 8/14).

[9/14] Computing E^{3,1}_3 (Complex fermion:)...
    d^{1,2}_2: 4 gens (target_dim=6) done [parallel, 24 workers, 105 ms]
    [checkpoint #7]
  E^{3,1}_3 = <ZL-Module with torsions [ 2, 2, 2, 2, 2 ]>
  Generators: 5, torsion: [ 2, 2, 2, 2, 2 ]
  Time: 2796 ms  (elapsed: 3600s)
  Checkpoint saved (step 9/14).

[10/14] Computing E^{3,1}_4 (Complex fermion:)...
  E^{3,1}_4 = <ZL-Module with torsions [ 2, 2, 2, 2, 2 ]>
  Generators: 5, torsion: [ 2, 2, 2, 2, 2 ]
  Time: 3 ms  (elapsed: 3603s)
  Checkpoint saved (step 10/14).

[11/14] Computing E^{4,0}_2 (Bosonic:)...
  E^{4,0}_2 = <ZL-Module with torsions [ 2, 2, 2, 4, 4 ]>
  Generators: 5, torsion: [ 2, 2, 2, 4, 4 ]
  Time: 23 ms  (elapsed: 3605s)
  Checkpoint saved (step 11/14).

[12/14] Computing E^{4,0}_3 (Bosonic:)...
    d^{2,1}_2: 7 gens (target_dim=5) done [parallel, 24 workers, 5116 ms]
    [checkpoint #8]
  E^{4,0}_3 = <ZL-Module with torsions [ 2, 4, 4 ]>
  Generators: 3, torsion: [ 2, 4, 4 ]
  Time: 7856 ms  (elapsed: 3616s)
  Checkpoint saved (step 12/14).

[13/14] Computing E^{4,0}_4 (Bosonic:)...
    d2^{1,2}_2: 4 gens (target_dim=8) done [parallel, 24 workers, 105 ms]
    [checkpoint #9]
    d^{1,2}_3: 4 gens (target_dim=3) done [parallel, 24 workers, 40931 ms]
    [checkpoint #10]
  E^{4,0}_4 = <ZL-Module with torsions [ 2, 4, 4 ]>
  Generators: 3, torsion: [ 2, 4, 4 ]
  Time: 46312 ms  (elapsed: 3665s)
  Checkpoint saved (step 13/14).

[14/14] Computing E^{4,0}_5 (Bosonic:)...
  E^{4,0}_5 = <ZL-Module with torsions [ 2, 4, 4 ]>
  Generators: 3, torsion: [ 2, 4, 4 ]
  Time: 2 ms  (elapsed: 3667s)
  Checkpoint saved (step 14/14).

============================================================
Phase A COMPLETE: Classification done.
============================================================

Phase B: Computing group structure...
------------------------------------------------------------
  Parallel config: JOBS=24 THRESHOLD=10 PHASE2=true
  Result(deg=4): 4 layers, pRange=[ 1, 2, 3, 4 ]
  Step1: layer 1/4 (p=1, q=3)...
    ComponentEx(1,3): 2 generators
    ComponentEx(1,3) class 1/2...
      class 1 done [6402797 ms]
    [checkpoint #11]
    ComponentEx(1,3) class 2/2...
      class 2 done [5658688 ms]
    [checkpoint #12]
  Step1: layer 1 done: 2 generators, torsion=[ 2, 0 ] [12066900 ms]
    [checkpoint #13]
  Step1: layer 2/4 (p=2, q=2)...
    ComponentEx(2,2): 2 generators
    ComponentEx(2,2) class 1/2...
      class 1 done [564568 ms]
    [checkpoint #14]
    ComponentEx(2,2) class 2/2...
      class 2 done [564523 ms]
    [checkpoint #15]
  Step1: layer 2 done: 2 generators, torsion=[ 2, 2 ] [1134525 ms]
    [checkpoint #16]
  Step1: layer 3/4 (p=3, q=1)...
    ComponentEx(3,1): 5 generators
    ComponentEx(3,1) class 1/5...
      class 1 done [20190 ms]
    [checkpoint #17]
    ComponentEx(3,1) class 2/5...
      class 2 done [20192 ms]
    [checkpoint #18]
    ComponentEx(3,1) class 3/5...
      class 3 done [20223 ms]
    [checkpoint #19]
    ComponentEx(3,1) class 4/5...
      class 4 done [20188 ms]
    [checkpoint #20]
    ComponentEx(3,1) class 5/5...
      class 5 done [20190 ms]
    [checkpoint #21]
  Step1: layer 3 done: 5 generators, torsion=[ 2, 2, 2, 2, 2 ] [114568 ms]
    [checkpoint #22]
  Step1: layer 4/4 (p=4, q=0)...
    ComponentEx(4,0): 3 generators
    ComponentEx(4,0) class 1/3...
      class 1 done [21 ms]
    [checkpoint #23]
    ComponentEx(4,0) class 2/3...
      class 2 done [21 ms]
    [checkpoint #24]
    ComponentEx(4,0) class 3/3...
      class 3 done [21 ms]
    [checkpoint #25]
  Step1: layer 4 done: 3 generators, torsion=[ 2, 4, 4 ] [8143 ms]
    [checkpoint #26]
  Step1 done: totalGens=12, nGens=[ 2, 2, 5, 3 ]
  Step3: extension computation, 9 tasks across 3 layers [parallel, 24 workers]
    ext layer 1 (p=1): 2 gens done [parallel, 24 workers, 7929 ms]
    [checkpoint #27]
    ext layer 2 (p=2): 2 gens done [parallel, 24 workers, 2420 ms]
    [checkpoint #28]
    d2^{2,1}_2: 7 gens (target_dim=7) done [parallel, 4 workers, 7478 ms]
    [checkpoint #29]
    d2^{1,2}_3: 4 gens (target_dim=7) done [parallel, 4 workers, 37929 ms]
    [checkpoint #30]
    ext layer 3 (p=3): 5 gens done [parallel, 24 workers, 331277 ms]
    [checkpoint #29]

============================================================
Group structure: <ZL-Module with torsions [ 2, 2, 2, 2, 8, 8, 8, 0 ]>
  Phase B time: 13684688 ms  (total elapsed: 17355s)
  Checkpoint saved (group structure done).

============================================================
Phase B COMPLETE: Group structure done.
============================================================

============================================================
ALL DONE: SG #81 (ez)
============================================================
Total elapsed: 17357 s

Classification layers:
  p+ip: E^{1,3}_inf = <ZL-Module with torsions [ 2, 0 ]>
  Majorana: E^{2,2}_inf = <ZL-Module with torsions [ 2, 2 ]>
  Complex fermion: E^{3,1}_inf = <ZL-Module with torsions [ 2, 2, 2, 2, 2 ]>
  Bosonic: E^{4,0}_inf = <ZL-Module with torsions [ 2, 4, 4 ]>
Group structure: <ZL-Module with torsions [ 2, 2, 2, 2, 8, 8, 8, 0 ]>
=== SptSet Parallel Stats ===
Config: JOBS=24 THRESHOLD=10 PHASE2=true
P1 (MapFromBarCocycle): 0 parallel calls (0ms), 25 sequential calls (
13291054ms)
P2 (BuildDerivative): 10 calls (3599293ms), max_m=8
P2b (SpecSeqResult ext): 3 calls (341625ms), max_ngens=5

Checkpoint file: /home/user/xyren/checkpoints/sg81.ws
=== Exit: 0 ===
=== End: Mon Mar  9 07:51:28 HKT 2026 ===
