=== SptSet Space Group #87 ===
Host: n09.local
Date: Tue Mar 10 05:00:17 HKT 2026
Fresh start.
#I  polymake command not found. Please set POLYMAKE_COMMAND by hand
#I  HAP warning: Set DISPLAY_PATH manually if needed.
#I  HAP warning: Set BROWSER_PATH manually if needed.
#I  HAP warning: Set ASY_PATH manually if needed.
#E  component `License' must be bound to a nonempty string containing an SPDX \
ID
#E  component `ArchiveURL' must be bound to a string started with http://, htt\
ps:// or ftp://
#E  component `ArchiveFormats' must be bound to a string
#E  component `README_URL' must be bound to a string started with http://, htt\
ps:// or ftp://
#E  component `PackageInfoURL' must be bound to a string started with http://,\
 https:// or ftp://
#E  component `AbstractHTML' must be bound to a string
#E  component `PackageWWWHome' must be bound to a string started with http://,\
 https:// or ftp://
#E  component `ArchiveURLSubset' must be bound to a list of strings denoting r\
elative paths to readable files or directories
#E  component `HTMLStart' must be bound to a string denoting a relative path t\
o a readable file
#E  component `PDFFile' must be bound to a string denoting a relative path to \
a readable file
#E  component `LongTitle' must be bound to a string
#E Validation of package sptset from /home/user/xyren/software/gap-4.13.1/pkg/\
SptSet/ failed
============================================================
SptSet Checkpoint Driver
  Space group: #87
  Mode: ez
  Checkpoint file: /home/user/xyren/checkpoints/sg87.ws
  Parallel: JOBS=24 THRESHOLD=10 PHASE2=true
  Group structure: true
============================================================
Building resolution for SG #87...
  Resolution built in 12547 ms
  Dimensions: 1 5 12 20 28 36 44 
Spectral sequence created.

FRESH START — beginning computation.

Phase A: Classification (14 pages)
------------------------------------------------------------
Syntax warning: Unbound global variable in /home/user/xyren/software/gap-4.13.\
1/pkg/SptSet/jobs/checkpoint_driver.g:137
                  j_ -> Erpq_!.relations[j_][j_]), "\n");;
                        ^^^^^
[1/14] Computing E^{1,3}_2 (p+ip:)...
  E^{1,3}_2 = <ZL-Module with torsions [ 2, 0 ]>
  Generators: 2, torsion: [ 2, 0 ]
  Time: 23 ms  (elapsed: 12s)
  Checkpoint saved (step 1/14).

[2/14] Computing E^{1,3}_3 (p+ip:)...
    d2^{1,3}_2: 2 gens (target_dim=20) done [parallel, 24 workers, 686 ms]
    [checkpoint #1]
  E^{1,3}_3 = <ZL-Module with torsions [ 0 ]>
  Generators: 1, torsion: [ 0 ]
  Time: 3433 ms  (elapsed: 18s)
  Checkpoint saved (step 2/14).

[3/14] Computing E^{1,3}_4 (p+ip:)...
    d2^{2,2}_2: 12 gens (target_dim=28) done [parallel, 24 workers, 17923 ms]
    [checkpoint #2]
    d2^{1,3}_3 gen 1/1 (target_dim=28)...
      gen 1 done [26872 ms]
    [checkpoint #3]
  E^{1,3}_4 = <ZL-Module with torsions [ 0 ]>
  Generators: 1, torsion: [ 0 ]
  Time: 50521 ms  (elapsed: 71s)
  Checkpoint saved (step 3/14).

[4/14] Computing E^{1,3}_5 (p+ip:)...
    d2^{3,1}_2: 20 gens (target_dim=44) done [parallel, 24 workers, 
3153164 ms]
    [checkpoint #4]
    d2^{2,2}_3: 12 gens (target_dim=44) done [parallel, 24 workers, 
49207466 ms]
    [checkpoint #5]
    d2^{1,3}_4 gen 1/1 (target_dim=44)...
=== SptSet Space Group #87 ===
Host: n02.local
Date: Sun Mar 15 01:09:39 HKT 2026
Resuming from checkpoint...
============================================================
RESUMED from checkpoint at step 3
  Space group: #87
  Checkpoint file: /home/user/xyren/checkpoints/sg87.ws
  Parallel: JOBS=24 THRESHOLD=10 PHASE2=true
============================================================

Phase A: Classification (14 pages)
------------------------------------------------------------
[4/14] Computing E^{1,3}_5 (p+ip:)...
    d2^{2,2}_3: 12 gens (target_dim=44) done [parallel, 24 workers, 
49208644 ms]
    [checkpoint #5]
    d2^{1,3}_4 gen 1/1 (target_dim=44)...
