#I  polymake command not found. Please set POLYMAKE_COMMAND by hand
#I  HAP warning: Set NEATO_PATH manually if needed.
#I  HAP warning: Set DOT_PATH manually if needed.
#I  HAP warning: Set DISPLAY_PATH manually if needed.
#I  HAP warning: Set ASY_PATH manually if needed.
#E  component `License' must be bound to a nonempty string containing an SPDX \
ID
#E  component `ArchiveURL' must be bound to a string started with http://, htt\
ps:// or ftp://
#E  component `ArchiveFormats' must be bound to a string
#E  component `README_URL' must be bound to a string started with http://, htt\
ps:// or ftp://
#E  component `PackageInfoURL' must be bound to a string started with http://,\
 https:// or ftp://
#E  component `AbstractHTML' must be bound to a string
#E  component `PackageWWWHome' must be bound to a string started with http://,\
 https:// or ftp://
#E  component `ArchiveURLSubset' must be bound to a list of strings denoting r\
elative paths to readable files or directories
#E  component `HTMLStart' must be bound to a string denoting a relative path t\
o a readable file
#E  component `PDFFile' must be bound to a string denoting a relative path to \
a readable file
#E  component `LongTitle' must be bound to a string
#E Validation of package sptset from /home/user/xyren/gap-debug/pkg/SptSet/ fa\
iled
================================================================
SG#22 (F222) EZ diagnostic
  SptSet loaded from: /home/user/xyren/gap-debug/pkg/SptSet/
  OK: debug version confirmed.
  Parallel: JOBS=10 THRESHOLD=10 PHASE2=true
  Diagnostics (12 points in lib/ source code):
    Bockstein, ZLMapInverse, CanonicalForm, PurifyClass,
    PartialPurify-stack, PurifyCobdry-stack, PartialPurifySSClass,
    PartialConstruct, BuildDeriv-par, BuildDeriv-seq,
    ClassToLeadVec, ModExt-vjnf
================================================================

Building resolution for SG#22...
  Resolution built in 12326 ms
  Dimensions: 1 5 12 20 28 36 44 52 60 

Building spectral sequence (EZ, spinless)...
  Spectral sequence created.

Phase A: Classification (with p+ip, zero-module early stop)
------------------------------------------------------------
Syntax warning: Unbound global variable in exp_sg22_ez_diag.g:96
                    function(j) return _Erpq!.relations[j][j]; end), "\n\n");;
                                       ^^^^^
--- Layer p+ip: (p=1, q=3, rmax=5) ---
[1] E^{1,3}_2... = <ZL-Module []>  (28 ms)
  -> ZERO, skipping higher r for (1,3)

--- Layer Majorana: (p=2, q=2, rmax=4) ---
[2] E^{2,2}_2... = <ZL-Module with torsions [ 2, 2, 2, 2, 2, 2, 2 ]>  (161 ms)
  Generators: 7, torsion: [ 2, 2, 2, 2, 2, 2, 2 ]

[3] E^{2,2}_3...    d^{0,3}_2 gen 1/1 (target_dim=7)...
      gen 1 done [97 ms]
    d^{2,2}_2: 7 gens (target_dim=28) done [parallel, 10 workers, 10079 ms]
 = <ZL-Module with torsions [ 2 ]>  (11140 ms)
  Generators: 1, torsion: [ 2 ]

[4] E^{2,2}_4...    d^{3,1}_2: 20 gens (target_dim=20) done [parallel, 
10 workers, 1895508 ms]
    d^{2,2}_3 gen 1/1 (target_dim=20)...
    d^{4,1}_2: 14 gens (target_dim=24) done [parallel, 10 workers, 29576 ms]
      gen 1 done [7968310 ms]
 = <ZL-Module with torsions [ 2 ]>  (9865633 ms)
  Generators: 1, torsion: [ 2 ]

--- Layer Complex fermion: (p=3, q=1, rmax=4) ---
[5] E^{3,1}_
2... = <ZL-Module with torsions [ 2, 2, 2, 2, 2, 2, 2, 2, 2, 2 ]>  (75 ms)
  Generators: 10, torsion: [ 2, 2, 2, 2, 2, 2, 2, 2, 2, 2 ]

[6] E^{3,1}_3...    d^{1,2}_2: 5 gens (target_dim=10) done [parallel, 
10 workers, 387 ms]
 = <ZL-Module []>  (624 ms)
  -> ZERO, skipping higher r for (3,1)

--- Layer Bosonic: (p=4, q=0, rmax=5) ---
[7] E^{4,0}_2... = <ZL-Module with torsions [ 2, 2, 2, 2, 2, 2, 2, 2 ]>  (
441 ms)
  Generators: 8, torsion: [ 2, 2, 2, 2, 2, 2, 2, 2 ]

[8] E^{4,0}_3...    d^{2,1}_2: 12 gens (target_dim=8) done [parallel, 
10 workers, 79802 ms]
 = <ZL-Module with torsions [ 2, 2, 2, 2, 2, 2, 2, 2 ]>  (79920 ms)
  Generators: 8, torsion: [ 2, 2, 2, 2, 2, 2, 2, 2 ]

[9] E^{4,0}_4...    d^{1,2}_3: 5 gens (target_dim=8) done [parallel, 
10 workers, 500248 ms]
 = <ZL-Module with torsions [ 2, 2, 2, 2, 2, 2, 2, 2 ]>  (500277 ms)
  Generators: 8, torsion: [ 2, 2, 2, 2, 2, 2, 2, 2 ]

[10] E^{4,0}_5...    d^{0,3}_4 gen 1/1 (target_dim=8)...
      gen 1 done [2135185 ms]
 = <ZL-Module with torsions [ 2, 2, 2, 2, 2, 2, 2, 2 ]>  (2135202 ms)
  Generators: 8, torsion: [ 2, 2, 2, 2, 2, 2, 2, 2 ]

============================================================
Phase A COMPLETE in 12593517 ms
============================================================

Phase B: Computing group structure...
  SptSetSpecSeqResult(SS, 4, [1,2,3,4]) — includes p+ip
------------------------------------------------------------
Syntax warning: Unbound global variable in exp_sg22_ez_diag.g:112
    M := SptSetSpecSeqResult(SS, 4, [1,2,3,4]);;
    ^
Syntax warning: Unbound global variable in exp_sg22_ez_diag.g:113
    SptSetFpZModuleCanonicalForm(M);;
                                 ^
  Result(deg=4): hybrid [p+ip separate, MC/CF/Bos sequential]
    ComponentEx(1,3): 0 generators
    p+ip: trivial [2 ms]
    ComponentEx(2,2): 1 generators
    ComponentEx(2,2) class 1/1...
      class 1 done [24196329 ms]
    p=2: 1 generators [24196331 ms]
    ComponentEx(3,1): 0 generators
    p=3: trivial [0 ms]
    extension done [1 ms]
    ComponentEx(4,0): 8 generators
    ComponentEx(4,0) class 1/8...
      class 1 done [218 ms]
    ComponentEx(4,0) class 2/8...
      class 2 done [218 ms]
    ComponentEx(4,0) class 3/8...
      class 3 done [221 ms]
    ComponentEx(4,0) class 4/8...
      class 4 done [218 ms]
    ComponentEx(4,0) class 5/8...
      class 5 done [221 ms]
    ComponentEx(4,0) class 6/8...
      class 6 done [217 ms]
    ComponentEx(4,0) class 7/8...
      class 7 done [231 ms]
    ComponentEx(4,0) class 8/8...
      class 8 done [217 ms]
    p=4: 8 generators [1780 ms]
  >> ModExt: layer [ 2, 3 ] gen 1/1 torsion=2
    extension done [15153862 ms]

============================================================
Phase B COMPLETE in 39351988 ms
Group structure: <ZL-Module with torsions [ 2, 2, 2, 2, 2, 2, 2, 2, 2 ]>
============================================================

Classification layers (E_inf from cache):
  p+ip: E^{1,3}_inf = <ZL-Module []>
  Majorana: E^{2,2}_inf = <ZL-Module with torsions [ 2 ]>
  Complex fermion: E^{3,1}_inf = <ZL-Module []>
  Bosonic: E^{4,0}_inf = <ZL-Module with torsions [ 2, 2, 2, 2, 2, 2, 2, 2 ]>

Total time: Phase A=12593517ms, Phase B=39351988ms, Total=51945505ms
=== SptSet Parallel Stats ===
Config: JOBS=10 THRESHOLD=10 PHASE2=true
P1 (MapFromBarCocycle): 17 parallel calls (49420981ms), 0 sequential calls (
0ms)
P2 (BuildDerivative): 6 calls (2515600ms), max_m=20
P2b (SpecSeqResult ext): 0 calls (0ms), max_ngens=0
