#I  polymake command not found. Please set POLYMAKE_COMMAND by hand
#I  HAP warning: Set NEATO_PATH manually if needed.
#I  HAP warning: Set DOT_PATH manually if needed.
#I  HAP warning: Set DISPLAY_PATH manually if needed.
#I  HAP warning: Set ASY_PATH manually if needed.
#E  component `License' must be bound to a nonempty string containing an SPDX \
ID
#E  component `ArchiveURL' must be bound to a string started with http://, htt\
ps:// or ftp://
#E  component `ArchiveFormats' must be bound to a string
#E  component `README_URL' must be bound to a string started with http://, htt\
ps:// or ftp://
#E  component `PackageInfoURL' must be bound to a string started with http://,\
 https:// or ftp://
#E  component `AbstractHTML' must be bound to a string
#E  component `PackageWWWHome' must be bound to a string started with http://,\
 https:// or ftp://
#E  component `ArchiveURLSubset' must be bound to a list of strings denoting r\
elative paths to readable files or directories
#E  component `HTMLStart' must be bound to a string denoting a relative path t\
o a readable file
#E  component `PDFFile' must be bound to a string denoting a relative path to \
a readable file
#E  component `LongTitle' must be bound to a string
#E Validation of package sptset from /home/user/xyren/gap-debug/pkg/SptSet/ fa\
iled
================================================================
SG#30 (Pnc2) EZ diagnostic
  SptSet loaded from: /home/user/xyren/gap-debug/pkg/SptSet/
  OK: debug version confirmed.
  Parallel: JOBS=10 THRESHOLD=10 PHASE2=true
  Diagnostics (12 points):
    Bockstein, ZLMapInverse, CanonicalForm, PurifyClass,
    PartialPurify-stack, PurifyCobdry-stack, PartialPurifySSClass,
    PartialConstruct, BuildDeriv-par, BuildDeriv-seq,
    ClassToLeadVec, ModExt-vjnf
================================================================

Building resolution for SG#30...
  Resolution built in 14815 ms
  Dimensions: 1 5 12 20 28 36 44 52 60 

Building spectral sequence (EZ, spinless)...
  Spectral sequence created.

Phase A: Classification (with p+ip, zero-module early stop)
------------------------------------------------------------
Syntax warning: Unbound global variable in exp_sg30_ez_diag.g:91
                    function(j) return _Erpq!.relations[j][j]; end), "\n\n");;
                                       ^^^^^
--- Layer p+ip: (p=1, q=3, rmax=5) ---
[1] E^{1,3}_2... = <ZL-Module with torsions [ 2 ]>  (30 ms)
  Generators: 1, torsion: [ 2 ]

[2] E^{1,3}_3... = <ZL-Module with torsions [ 2 ]>  (902 ms)
  Generators: 1, torsion: [ 2 ]

[3] E^{1,3}_4... = <ZL-Module []>  (95803 ms)
  -> ZERO, skipping higher r for (1,3)

--- Layer Majorana: (p=2, q=2, rmax=4) ---
[4] E^{2,2}_2... = <ZL-Module with torsions [ 2, 2, 2, 2 ]>  (21 ms)
  Generators: 4, torsion: [ 2, 2, 2, 2 ]

[5] E^{2,2}_3... = <ZL-Module with torsions [ 2, 2 ]>  (205 ms)
  Generators: 2, torsion: [ 2, 2 ]

[6] E^{2,2}_4... = <ZL-Module with torsions [ 2, 2 ]>  (3595032 ms)
  Generators: 2, torsion: [ 2, 2 ]

--- Layer Complex fermion: (p=3, q=1, rmax=4) ---
[7] E^{3,1}_2... = <ZL-Module with torsions [ 2, 2, 2, 2 ]>  (76 ms)
  Generators: 4, torsion: [ 2, 2, 2, 2 ]

[8] E^{3,1}_3... = <ZL-Module with torsions [ 2, 2 ]>  (547 ms)
  Generators: 2, torsion: [ 2, 2 ]

[9] E^{3,1}_4... = <ZL-Module with torsions [ 2, 2 ]>  (2 ms)
  Generators: 2, torsion: [ 2, 2 ]

--- Layer Bosonic: (p=4, q=0, rmax=5) ---
[10] E^{4,0}_2... = <ZL-Module with torsions [ 2, 2 ]>  (475 ms)
  Generators: 2, torsion: [ 2, 2 ]

[11] E^{4,0}_3... = <ZL-Module with torsions [ 2, 2 ]>  (61725 ms)
  Generators: 2, torsion: [ 2, 2 ]

[12] E^{4,0}_4... = <ZL-Module with torsions [ 2, 2 ]>  (317062 ms)
  Generators: 2, torsion: [ 2, 2 ]

[13] E^{4,0}_5... = <ZL-Module with torsions [ 2, 2 ]>  (2 ms)
  Generators: 2, torsion: [ 2, 2 ]

============================================================
Phase A COMPLETE in 4071896 ms
============================================================

Phase B: Computing group structure...
  SptSetSpecSeqResult(SS, 4, [1,2,3,4]) — includes p+ip
------------------------------------------------------------
Syntax warning: Unbound global variable in exp_sg30_ez_diag.g:107
    M := SptSetSpecSeqResult(SS, 4, [1,2,3,4]);;
    ^
Syntax warning: Unbound global variable in exp_sg30_ez_diag.g:108
    SptSetFpZModuleCanonicalForm(M);;
                                 ^
  >> ModExt: layer [ 2 ] gen 1/2 torsion=2
  >> ModExt: layer [ 2 ] gen 2/2 torsion=2
  >> ModExt: layer [ 2, 3 ] gen 1/3 torsion=2
  >> ModExt: layer [ 2, 3 ] gen 2/3 torsion=2
  >> ModExt: layer [ 2, 3 ] gen 3/3 torsion=4

============================================================
Phase B COMPLETE in 41907552 ms
Group structure: <ZL-Module with torsions [ 2, 4, 8 ]>
============================================================

Classification layers (E_inf from cache):
  p+ip: E^{1,3}_inf = <ZL-Module []>
  Majorana: E^{2,2}_inf = <ZL-Module with torsions [ 2, 2 ]>
  Complex fermion: E^{3,1}_inf = <ZL-Module with torsions [ 2, 2 ]>
  Bosonic: E^{4,0}_inf = <ZL-Module with torsions [ 2, 2 ]>

Total time: Phase A=4071896ms, Phase B=41907552ms, Total=45979448ms
=== SptSet Parallel Stats ===
Config: JOBS=10 THRESHOLD=10 PHASE2=true
P1 (MapFromBarCocycle): 36 parallel calls (41925275ms), 0 sequential calls (
0ms)
P2 (BuildDerivative): 8 calls (4043524ms), max_m=28
P2b (SpecSeqResult ext): 0 calls (0ms), max_ngens=0
