#I  polymake command not found. Please set POLYMAKE_COMMAND by hand
#I  HAP warning: Set NEATO_PATH manually if needed.
#I  HAP warning: Set DOT_PATH manually if needed.
#I  HAP warning: Set DISPLAY_PATH manually if needed.
#I  HAP warning: Set ASY_PATH manually if needed.
#E  component `License' must be bound to a nonempty string containing an SPDX \
ID
#E  component `ArchiveURL' must be bound to a string started with http://, htt\
ps:// or ftp://
#E  component `ArchiveFormats' must be bound to a string
#E  component `README_URL' must be bound to a string started with http://, htt\
ps:// or ftp://
#E  component `PackageInfoURL' must be bound to a string started with http://,\
 https:// or ftp://
#E  component `AbstractHTML' must be bound to a string
#E  component `PackageWWWHome' must be bound to a string started with http://,\
 https:// or ftp://
#E  component `ArchiveURLSubset' must be bound to a list of strings denoting r\
elative paths to readable files or directories
#E  component `HTMLStart' must be bound to a string denoting a relative path t\
o a readable file
#E  component `PDFFile' must be bound to a string denoting a relative path to \
a readable file
#E  component `LongTitle' must be bound to a string
#E Validation of package sptset from /home/user/xyren/gap-debug/pkg/SptSet/ fa\
iled
================================================================
C3v s12 diagnostic
  SptSet loaded from: /home/user/xyren/gap-debug/pkg/SptSet/
  OK: debug version confirmed.
  Parallel: JOBS=10 THRESHOLD=10 PHASE2=true
  Diagnostics (12 points in lib/ source code):
    Bockstein, ZLMapInverse, CanonicalForm, PurifyClass,
    PartialPurify-stack, PurifyCobdry-stack, PartialPurifySSClass,
    PartialConstruct, BuildDeriv-par, BuildDeriv-seq,
    ClassToLeadVec, ModExt-vjnf
================================================================

Setting up C3v s12...
  Resolution built in 1408 ms
  |G| = 6
  Dimensions: 1 2 3 4 5 6 7 8 9 

  Spin12Factor created.
  Spectral sequence (s12) created.

Phase A: Classification (with p+ip, zero-module early stop)
------------------------------------------------------------
Syntax warning: Unbound global variable in exp_c3v_s12_diag.g:91
                    function(j) return _Erpq!.relations[j][j]; end), "\n\n");;
                                       ^^^^^
--- Layer p+ip: (p=1, q=3, rmax=5) ---
[1] E^{1,3}_2... = <ZL-Module with torsions [ 2 ]>  (8 ms)
  Generators: 1, torsion: [ 2 ]

[2] E^{1,3}_3...    d^{1,3}_2 gen 1/1 (target_dim=4)...
      gen 1 done [1636 ms]
 = <ZL-Module with torsions [ 2 ]>  (1655 ms)
  Generators: 1, torsion: [ 2 ]

[3] E^{1,3}_4...    d^{2,2}_2: 3 gens (target_dim=5) done [parallel, 
10 workers, 4591 ms]
    d^{4,1}_2: 5 gens (target_dim=4) done [parallel, 10 workers, 87 ms]
    d^{1,3}_3 gen 1/1 (target_dim=5)...
    d^{3,2}_2 gen 1/1 (target_dim=6)...
      gen 1 done [12 ms]
      gen 1 done [36205 ms]
 = <ZL-Module with torsions [ 2 ]>  (40961 ms)
  Generators: 1, torsion: [ 2 ]

[4] E^{1,3}_5...    d^{3,1}_2: 4 gens (target_dim=3) done [parallel, 
10 workers, 11240 ms]
    d^{2,2}_3: 3 gens (target_dim=3) done [parallel, 10 workers, 1143326 ms]
    d^{1,3}_4 gen 1/1 (target_dim=3)...
    d^{3,2}_3 gen 1/1 (target_dim=1)...
      gen 1 done [34 ms]
!! DIAG BuildDerivative(r=4,p=1,q=3,gen=1/1): opr FRACTION, indices=
[ 3, 5, 6 ] values=[ 1/2, 3/4, 3/4 ]
      gen 1 done [4565919 ms]
 = <ZL-Module with torsions [ 2 ]>  (5720526 ms)
  Generators: 1, torsion: [ 2 ]

--- Layer Majorana: (p=2, q=2, rmax=4) ---
[5] E^{2,2}_2... = <ZL-Module with torsions [ 2 ]>  (2 ms)
  Generators: 1, torsion: [ 2 ]

[6] E^{2,2}_3... = <ZL-Module with torsions [ 2 ]>  (2 ms)
  Generators: 1, torsion: [ 2 ]

[7] E^{2,2}_4... = <ZL-Module with torsions [ 2 ]>  (6 ms)
  Generators: 1, torsion: [ 2 ]

--- Layer Complex fermion: (p=3, q=1, rmax=4) ---
[8] E^{3,1}_2... = <ZL-Module with torsions [ 2 ]>  (3 ms)
  Generators: 1, torsion: [ 2 ]

[9] E^{3,1}_3...    d^{1,2}_2: 2 gens (target_dim=1) done [parallel, 
10 workers, 1694 ms]
 = <ZL-Module with torsions [ 2 ]>  (1705 ms)
  Generators: 1, torsion: [ 2 ]

[10] E^{3,1}_4... = <ZL-Module with torsions [ 2 ]>  (1 ms)
  Generators: 1, torsion: [ 2 ]

--- Layer Bosonic: (p=4, q=0, rmax=5) ---
[11] E^{4,0}_2... = <ZL-Module with torsions [ 2 ]>  (13 ms)
  Generators: 1, torsion: [ 2 ]

[12] E^{4,0}_3...    d^{2,1}_2: 3 gens (target_dim=1) done [parallel, 
10 workers, 4768 ms]
 = <ZL-Module with torsions [ 2 ]>  (4778 ms)
  Generators: 1, torsion: [ 2 ]

[13] E^{4,0}_4...    d^{1,2}_3: 2 gens (target_dim=1) done [parallel, 
10 workers, 662466 ms]
 = <ZL-Module with torsions [ 2 ]>  (662470 ms)
  Generators: 1, torsion: [ 2 ]

[14] E^{4,0}_5... = <ZL-Module with torsions [ 2 ]>  (2 ms)
  Generators: 1, torsion: [ 2 ]

============================================================
Phase A COMPLETE in 6432148 ms
============================================================

Phase B: Computing group structure...
  SptSetSpecSeqResult(ss, 4, [1,2,3,4]) — all layers
------------------------------------------------------------
Syntax warning: Unbound global variable in exp_c3v_s12_diag.g:107
    M := SptSetSpecSeqResult(ss, 4, [1,2,3,4]);;
    ^
Syntax warning: Unbound global variable in exp_c3v_s12_diag.g:108
    SptSetFpZModuleCanonicalForm(M);;
                                 ^
  Result(deg=4): hybrid [p+ip separate, MC/CF/Bos sequential]
    ComponentEx(1,3): 1 generators
    ComponentEx(1,3) class 1/1...
!! DIAG PurifyClass(deg=5,p=5): top layer NOT integer, frac indices=
[ 3, 5, 6 ] values=[ -1/2, -3/4, -3/4 ]
!! DIAG ZLMapInverse: FRACTION at indices [ 1, 2, 3 ] values=
[ -15/4, -11/4, -3/4 ]
      class 1 done [9096479 ms]
    p+ip: 1 generators [9096481 ms]
    ComponentEx(2,2): 1 generators
    ComponentEx(2,2) class 1/1...
      class 1 done [2273229 ms]
    p=2: 1 generators [2273230 ms]
    ComponentEx(3,1): 1 generators
    ComponentEx(3,1) class 1/1...
      class 1 done [21956 ms]
    p=3: 1 generators [21958 ms]
  >> ModExt: layer [ 2 ] gen 1/1 torsion=2
    extension done [5488 ms]
    ComponentEx(4,0): 1 generators
    ComponentEx(4,0) class 1/1...
      class 1 done [6 ms]
    p=4: 1 generators [8 ms]
  >> ModExt: layer [ 2, 3 ] gen 1/1 torsion=4
    extension done [12270225 ms]
    extending p+ip by MC/CF/Bos module...
  >> ModExt: layer [ 1 ] gen 1/1 torsion=2
Error, List Assignments: <rhss> must have the same length as <poss> (lengths are 3 an\
d 1) in
  Rmat[j]{[ r1 + 1 .. r ]} := vjnf
 ; at /home/user/xyren/gap-debug/pkg/SptSet/lib/ss_module.gi:244 called from 
SptSetSpecSeqModuleExtension( Epip, M_rest 
 ) at /home/user/xyren/gap-debug/pkg/SptSet/lib/ss_module.gi:377 called from
SptSetSpecSeqResult( ss, 4, [ 1, 2, 3, 4 ] ) at exp_c3v_s12_diag.g:107 called from
<function "unknown">( <arguments> )
 called from read-eval loop at exp_c3v_s12_diag.g:109
type 'quit;' to quit to outer loop
[1m[34m[0m[31m