#I  polymake command not found. Please set POLYMAKE_COMMAND by hand
#I  HAP warning: Set NEATO_PATH manually if needed.
#I  HAP warning: Set DOT_PATH manually if needed.
#I  HAP warning: Set DISPLAY_PATH manually if needed.
#I  HAP warning: Set ASY_PATH manually if needed.
#E  component `License' must be bound to a nonempty string containing an SPDX \
ID
#E  component `ArchiveURL' must be bound to a string started with http://, htt\
ps:// or ftp://
#E  component `ArchiveFormats' must be bound to a string
#E  component `README_URL' must be bound to a string started with http://, htt\
ps:// or ftp://
#E  component `PackageInfoURL' must be bound to a string started with http://,\
 https:// or ftp://
#E  component `AbstractHTML' must be bound to a string
#E  component `PackageWWWHome' must be bound to a string started with http://,\
 https:// or ftp://
#E  component `ArchiveURLSubset' must be bound to a list of strings denoting r\
elative paths to readable files or directories
#E  component `HTMLStart' must be bound to a string denoting a relative path t\
o a readable file
#E  component `PDFFile' must be bound to a string denoting a relative path to \
a readable file
#E  component `LongTitle' must be bound to a string
#E Validation of package sptset from /home/user/xyren/software/gap-4.13.1/pkg/\
SptSet/ failed
================================================================
C3v s12 (SG#156) FULL diagnostic trace
  3 checkpoints: Bockstein, CanonicalForm, ZLMapInverse
================================================================

All 3 diagnostic checkpoints installed.

Setting up C3v s12 (SG#156)...
  Resolution dims: 1 2 3 4 5 6 7 
  |G| = 6

========== PHASE A: E-pages ==========

p+ip:
<ZL-Module with torsions [ 2 ]>
    d2^{1,3}_2 gen 1/1 (target_dim=4)...
      gen 1 done [1611 ms]
<ZL-Module with torsions [ 2 ]>
    d2^{2,2}_2: 3 gens (target_dim=5) done [parallel, 4 workers, 4791 ms]
    d2^{1,3}_3 gen 1/1 (target_dim=5)...
      gen 1 done [19158 ms]
<ZL-Module with torsions [ 2 ]>
    d2^{3,1}_2: 4 gens (target_dim=7) done [parallel, 4 workers, 14819 ms]
    d2^{2,2}_3: 3 gens (target_dim=7) done [parallel, 4 workers, 1160539 ms]
    d2^{1,3}_4 gen 1/1 (target_dim=7)...

!!! DIAG #1 [5747350 ms] CHECKPOINT 1: Bockstein => FRACTION
    deg=5, input_len=6, output_len=7
    non-int positions: [ 5, 6, 7 ]
    non-int values:    [ 3/2, 3/2, -9/2 ]
    input v (first 6): [ 0, 0, 1, 1/2, -7/4, 1/4 ]

      gen 1 done [4544579 ms]
<ZL-Module with torsions [ 2 ]>
Majorana:
<ZL-Module with torsions [ 2 ]>
<ZL-Module with torsions [ 2 ]>
<ZL-Module with torsions [ 2 ]>
Complex fermion:
<ZL-Module with torsions [ 2 ]>
    d^{1,2}_2: 2 gens (target_dim=1) done [parallel, 4 workers, 1735 ms]
<ZL-Module with torsions [ 2 ]>
<ZL-Module with torsions [ 2 ]>
Bosonic:
<ZL-Module with torsions [ 2 ]>
    d^{2,1}_2: 3 gens (target_dim=1) done [parallel, 4 workers, 5096 ms]
<ZL-Module with torsions [ 2 ]>
    d2^{1,2}_2: 2 gens (target_dim=4) done [parallel, 4 workers, 1776 ms]
    d^{1,2}_3: 2 gens (target_dim=1) done [parallel, 4 workers, 666194 ms]
<ZL-Module with torsions [ 2 ]>
<ZL-Module with torsions [ 2 ]>

  Phase A done: 6420469 ms
  Fraction warnings so far: 1

E_inf summary:
  E_inf^{1,3}: <ZL-Module with torsions [ 2 ]>
  E_inf^{2,2}: <ZL-Module with torsions [ 2 ]>
  E_inf^{3,1}: <ZL-Module with torsions [ 2 ]>
  E_inf^{4,0}: <ZL-Module with torsions [ 2 ]>

========== PHASE B: Extension ==========

  Result(deg=4): 3 layers, pRange=[ 2, 3, 4 ]
  Step1: layer 1/3 (p=2, q=2)...
    ComponentEx(2,2): 1 generators
    ComponentEx(2,2) class 1/1...
    d^{2,2}_2 gen 1/1 (target_dim=5)...
      gen 1 done [4532 ms]
    d2^{4,1}_2: 5 gens (target_dim=8) done [parallel, 4 workers, 123 ms]
    d^{1,3}_3 gen 1/1 (target_dim=5)...
      gen 1 done [18998 ms]
    d^{3,1}_2 gen 1/1 (target_dim=3)...
      gen 1 done [11015 ms]
    d^{2,2}_3 gen 1/1 (target_dim=3)...
      gen 1 done [1141251 ms]
    d^{1,3}_4 gen 1/1 (target_dim=3)...

!!! DIAG #2 [13284199 ms] CHECKPOINT 1: Bockstein => FRACTION
    deg=5, input_len=6, output_len=7
    non-int positions: [ 5, 6, 7 ]
    non-int values:    [ 3/2, 3/2, -9/2 ]
    input v (first 6): [ 0, 0, 1, 1/2, -7/4, 1/4 ]

      gen 1 done [4543917 ms]

!!! DIAG #3 [13284204 ms] CHECKPOINT 2: CanonicalForm => FRACTION in relations
    relations dims: [ 16, 3 ]
    non-int count: 3 / 48
Error, List Elements: <list> must be a list (not a rational) in
  Minimum( 10, Length( nonint ) ) at debug/exp_c3v_full_diag.g:67 called from 
SptSetFpZModuleCanonicalForm( M 
 ); at /home/user/xyren/software/gap-4.13.1/pkg/SptSet/lib/module.gi:162 called from
SptSetFpZModuleIsZeroElm( Epqinf, cp 
 ) at /home/user/xyren/software/gap-4.13.1/pkg/SptSet/lib/ss_class.gi:78 called from
SptSetPurifySpecSeqClass( cl_da 
 ) at /home/user/xyren/software/gap-4.13.1/pkg/SptSet/lib/ss_class.gi:170 called from
SptSetSpecSeqClassFromLevelCocycle( ss, compEx.deg, p, Epq!.generators[i] 
 ) at /home/user/xyren/software/gap-4.13.1/pkg/SptSet/lib/ss_module.gi:58 called from
SptSetSpecSeqComponentEx( ss, p, deg - p 
 ) at /home/user/xyren/software/gap-4.13.1/pkg/SptSet/lib/ss_module.gi:339 called from
...  at debug/exp_c3v_full_diag.g:157
type 'quit;' to quit to outer loop
[1m[34m[0m[31m