#I  polymake command not found. Please set POLYMAKE_COMMAND by hand
#I  HAP warning: Set NEATO_PATH manually if needed.
#I  HAP warning: Set DOT_PATH manually if needed.
#I  HAP warning: Set DISPLAY_PATH manually if needed.
#I  HAP warning: Set ASY_PATH manually if needed.
#E  component `License' must be bound to a nonempty string containing an SPDX \
ID
#E  component `ArchiveURL' must be bound to a string started with http://, htt\
ps:// or ftp://
#E  component `ArchiveFormats' must be bound to a string
#E  component `README_URL' must be bound to a string started with http://, htt\
ps:// or ftp://
#E  component `PackageInfoURL' must be bound to a string started with http://,\
 https:// or ftp://
#E  component `AbstractHTML' must be bound to a string
#E  component `PackageWWWHome' must be bound to a string started with http://,\
 https:// or ftp://
#E  component `ArchiveURLSubset' must be bound to a list of strings denoting r\
elative paths to readable files or directories
#E  component `HTMLStart' must be bound to a string denoting a relative path t\
o a readable file
#E  component `PDFFile' must be bound to a string denoting a relative path to \
a readable file
#E  component `LongTitle' must be bound to a string
#E Validation of package sptset from /home/user/xyren/gap-debug/pkg/SptSet/ fa\
iled
================================================================
S4 EZ diagnostic
  SptSet loaded from: /home/user/xyren/gap-debug/pkg/SptSet/
  OK: debug version confirmed.
  Parallel: JOBS=10 THRESHOLD=10 PHASE2=true
  Diagnostics (12 points in lib/ source code):
    Bockstein, ZLMapInverse, CanonicalForm, PurifyClass,
    PartialPurify-stack, PurifyCobdry-stack, PartialPurifySSClass,
    PartialConstruct, BuildDeriv-par, BuildDeriv-seq,
    ClassToLeadVec, ModExt-vjnf
================================================================

Setting up S4 EZ...
  Resolution built in 1778 ms
  |G| = 4
  Dimensions: 1 2 2 2 2 2 2 2 2 

  Spectral sequence (EZ, spinless) created.

Phase A: Classification (with p+ip, zero-module early stop)
------------------------------------------------------------
Syntax warning: Unbound global variable in exp_s4_ez_diag.g:88
                    function(j) return _Erpq!.relations[j][j]; end), "\n\n");;
                                       ^^^^^
--- Layer p+ip: (p=1, q=3, rmax=5) ---
[1] E^{1,3}_2... = <ZL-Module with torsions [ 2 ]>  (7 ms)
  Generators: 1, torsion: [ 2 ]

[2] E^{1,3}_3...    d^{1,3}_2 gen 1/1 (target_dim=2)...
      gen 1 done [11 ms]
 = <ZL-Module with torsions [ 2 ]>  (22 ms)
  Generators: 1, torsion: [ 2 ]

[3] E^{1,3}_4...    d^{2,2}_2: 2 gens (target_dim=2) done [parallel, 
10 workers, 38 ms]
    d^{4,1}_2: 2 gens (target_dim=1) done [parallel, 10 workers, 55 ms]
    d^{1,3}_3 gen 1/1 (target_dim=2)...
    d^{3,2}_2 gen 1/1 (target_dim=2)...
      gen 1 done [3 ms]
      gen 1 done [98 ms]
 = <ZL-Module with torsions [ 2 ]>  (218 ms)
  Generators: 1, torsion: [ 2 ]

[4] E^{1,3}_5...    d^{3,1}_2: 2 gens (target_dim=1) done [parallel, 
10 workers, 456 ms]
    d^{2,2}_3: 2 gens (target_dim=1) done [parallel, 10 workers, 2043 ms]
    d^{1,3}_4 gen 1/1 (target_dim=1)...
    d^{3,2}_3 gen 1/1 (target_dim=1)...
      gen 1 done [4 ms]
      gen 1 done [6808 ms]
 = <ZL-Module with torsions [ 2 ]>  (9327 ms)
  Generators: 1, torsion: [ 2 ]

--- Layer Majorana: (p=2, q=2, rmax=4) ---
[5] E^{2,2}_2... = <ZL-Module with torsions [ 2 ]>  (1 ms)
  Generators: 1, torsion: [ 2 ]

[6] E^{2,2}_3... = <ZL-Module []>  (1 ms)
  -> ZERO, skipping higher r for (2,2)

--- Layer Complex fermion: (p=3, q=1, rmax=4) ---
[7] E^{3,1}_2... = <ZL-Module with torsions [ 2 ]>  (1 ms)
  Generators: 1, torsion: [ 2 ]

[8] E^{3,1}_3...    d^{1,2}_2: 2 gens (target_dim=1) done [parallel, 
10 workers, 23 ms]
 = <ZL-Module with torsions [ 2 ]>  (30 ms)
  Generators: 1, torsion: [ 2 ]

[9] E^{3,1}_4... = <ZL-Module with torsions [ 2 ]>  (1 ms)
  Generators: 1, torsion: [ 2 ]

--- Layer Bosonic: (p=4, q=0, rmax=5) ---
[10] E^{4,0}_2... = <ZL-Module with torsions [ 2 ]>  (5 ms)
  Generators: 1, torsion: [ 2 ]

[11] E^{4,0}_3...    d^{2,1}_2: 2 gens (target_dim=1) done [parallel, 
10 workers, 66 ms]
 = <ZL-Module []>  (72 ms)
  -> ZERO, skipping higher r for (4,0)

============================================================
Phase A COMPLETE in 9695 ms
============================================================

Phase B: Computing group structure...
  SptSetSpecSeqResult(ss, 4, [1,2,3,4]) — all layers
------------------------------------------------------------
Syntax warning: Unbound global variable in exp_s4_ez_diag.g:104
    M := SptSetSpecSeqResult(ss, 4, [1,2,3,4]);;
    ^
Syntax warning: Unbound global variable in exp_s4_ez_diag.g:105
    SptSetFpZModuleCanonicalForm(M);;
                                 ^
  Result(deg=4): hybrid [p+ip separate, MC/CF/Bos sequential]
    ComponentEx(1,3): 1 generators
    ComponentEx(1,3) class 1/1...
      class 1 done [13365 ms]
    p+ip: 1 generators [13367 ms]
    ComponentEx(2,2): 0 generators
    p=2: trivial [1 ms]
    ComponentEx(3,1): 1 generators
    ComponentEx(3,1) class 1/1...
      class 1 done [797 ms]
    p=3: 1 generators [799 ms]
    extension done [0 ms]
    ComponentEx(4,0): 0 generators
    p=4: trivial [3 ms]
    extension done [1 ms]
    extending p+ip by MC/CF/Bos module...
  >> ModExt: layer [ 1 ] gen 1/1 torsion=2
    p+ip extension done [1360 ms]

============================================================
Phase B COMPLETE in 15535 ms
Group structure: <ZL-Module with torsions [ 4 ]>
============================================================

Classification layers (E_inf from cache):
  p+ip: E^{1,3}_inf = <ZL-Module with torsions [ 2 ]>
  Majorana: E^{2,2}_inf = <ZL-Module []>
  Complex fermion: E^{3,1}_inf = <ZL-Module with torsions [ 2 ]>
  Bosonic: E^{4,0}_inf = <ZL-Module []>

Total time: Phase A=9695ms, Phase B=15535ms, Total=25230ms
=== SptSet Parallel Stats ===
Config: JOBS=10 THRESHOLD=10 PHASE2=true
P1 (MapFromBarCocycle): 0 parallel calls (0ms), 26 sequential calls (22383ms)
P2 (BuildDerivative): 6 calls (2681ms), max_m=2
P2b (SpecSeqResult ext): 0 calls (0ms), max_ngens=0
