#I  polymake command not found. Please set POLYMAKE_COMMAND by hand
#I  HAP warning: Set NEATO_PATH manually if needed.
#I  HAP warning: Set DOT_PATH manually if needed.
#I  HAP warning: Set DISPLAY_PATH manually if needed.
#I  HAP warning: Set ASY_PATH manually if needed.
#E  component `License' must be bound to a nonempty string containing an SPDX \
ID
#E  component `ArchiveURL' must be bound to a string started with http://, htt\
ps:// or ftp://
#E  component `ArchiveFormats' must be bound to a string
#E  component `README_URL' must be bound to a string started with http://, htt\
ps:// or ftp://
#E  component `PackageInfoURL' must be bound to a string started with http://,\
 https:// or ftp://
#E  component `AbstractHTML' must be bound to a string
#E  component `PackageWWWHome' must be bound to a string started with http://,\
 https:// or ftp://
#E  component `ArchiveURLSubset' must be bound to a list of strings denoting r\
elative paths to readable files or directories
#E  component `HTMLStart' must be bound to a string denoting a relative path t\
o a readable file
#E  component `PDFFile' must be bound to a string denoting a relative path to \
a readable file
#E  component `LongTitle' must be bound to a string
#E Validation of package sptset from /home/user/xyren/gap-debug/pkg/SptSet/ fa\
iled
================================================================
SG#30 (Pnc2) EZ diagnostic
  SptSet loaded from: /home/user/xyren/gap-debug/pkg/SptSet/
  OK: debug version confirmed.
  Parallel: JOBS=10 THRESHOLD=10 PHASE2=true
  Diagnostics (12 points):
    Bockstein, ZLMapInverse, CanonicalForm, PurifyClass,
    PartialPurify-stack, PurifyCobdry-stack, PartialPurifySSClass,
    PartialConstruct, BuildDeriv-par, BuildDeriv-seq,
    ClassToLeadVec, ModExt-vjnf
================================================================

Building resolution for SG#30...
  Resolution built in 15223 ms
  Dimensions: 1 5 12 20 28 36 44 52 60 

Building spectral sequence (EZ, spinless)...
  Spectral sequence created.

  (p+ip included; rmax not capped — matching FermionSPTLayersVerbose)
Phase A: Classification (14 pages)
------------------------------------------------------------
Syntax warning: Unbound global variable in exp_sg30_ez_diag.g:96
                j -> _Erpq!.relations[j][j]), "\n");;
                     ^^^^^
[1/14] E^{1,3}_2 (p+ip:)...
  E^{1,3}_2 = <ZL-Module with torsions [ 2 ]>
  Generators: 1, torsion: [ 2 ]
  Time: 30 ms  (elapsed: 0s)

[2/14] E^{1,3}_3 (p+ip:)...
  E^{1,3}_3 = <ZL-Module with torsions [ 2 ]>
  Generators: 1, torsion: [ 2 ]
  Time: 851 ms  (elapsed: 0s)

[3/14] E^{1,3}_4 (p+ip:)...
  E^{1,3}_4 = <ZL-Module []>
  Time: 89422 ms  (elapsed: 90s)

[4/14] E^{1,3}_5 (p+ip:)...
