#I  polymake command not found. Please set POLYMAKE_COMMAND by hand
#I  HAP warning: Set NEATO_PATH manually if needed.
#I  HAP warning: Set DOT_PATH manually if needed.
#I  HAP warning: Set DISPLAY_PATH manually if needed.
#I  HAP warning: Set ASY_PATH manually if needed.
#E  component `License' must be bound to a nonempty string containing an SPDX \
ID
#E  component `ArchiveURL' must be bound to a string started with http://, htt\
ps:// or ftp://
#E  component `ArchiveFormats' must be bound to a string
#E  component `README_URL' must be bound to a string started with http://, htt\
ps:// or ftp://
#E  component `PackageInfoURL' must be bound to a string started with http://,\
 https:// or ftp://
#E  component `AbstractHTML' must be bound to a string
#E  component `PackageWWWHome' must be bound to a string started with http://,\
 https:// or ftp://
#E  component `ArchiveURLSubset' must be bound to a list of strings denoting r\
elative paths to readable files or directories
#E  component `HTMLStart' must be bound to a string denoting a relative path t\
o a readable file
#E  component `PDFFile' must be bound to a string denoting a relative path to \
a readable file
#E  component `LongTitle' must be bound to a string
#E Validation of package sptset from /home/user/xyren/gap-debug/pkg/SptSet/ fa\
iled
================================================================
Z_4^{f,T} (G_b=Z_2^T) s12 diagnostic
  SptSet loaded from: /home/user/xyren/gap-debug/pkg/SptSet/
  OK: debug version confirmed.
  Parallel: JOBS=10 THRESHOLD=10 PHASE2=true
  Diagnostics (12 points in lib/ source code):
    Bockstein, ZLMapInverse, CanonicalForm, PurifyClass,
    PartialPurify-stack, PurifyCobdry-stack, PartialPurifySSClass,
    PartialConstruct, BuildDeriv-par, BuildDeriv-seq,
    ClassToLeadVec, ModExt-vjnf
================================================================

Setting up Z_4^{f,T} (G_b = Z_2^T, s12 mode)...
  G_b = Z_2, |G| = 2, generators: [ (1,2) ]
  Resolution built in 6 ms
  Dimensions: 1 1 1 1 1 1 1 1 1 
  f: T -> [[-1]] (anti-unitary)
  w: w(T,T)=1 w(T,e)=0 (non-trivial)
  Spectral sequence (s12) created.

Phase A: Classification (with p+ip, zero-module early stop)
------------------------------------------------------------
Syntax warning: Unbound global variable in exp_z4ft_s12_diag.g:110
                    function(j) return _Erpq!.relations[j][j]; end), "\n\n");;
                                       ^^^^^
--- Layer p+ip: (p=1, q=3, rmax=5) ---
[1] E^{1,3}_2... = <ZL-Module with torsions [ 2 ]>  (3 ms)
  Generators: 1, torsion: [ 2 ]

[2] E^{1,3}_3...    d^{1,3}_2 gen 1/1 (target_dim=1)...
      gen 1 done [1 ms]
 = <ZL-Module with torsions [ 2 ]>  (7 ms)
  Generators: 1, torsion: [ 2 ]

[3] E^{1,3}_4...    d^{2,2}_2 gen 1/1 (target_dim=1)...
      gen 1 done [0 ms]
    d^{4,1}_2 gen 1/1 (target_dim=1)...
      gen 1 done [0 ms]
    d^{1,3}_3 gen 1/1 (target_dim=1)...
    d^{3,2}_2 gen 1/1 (target_dim=1)...
      gen 1 done [0 ms]
      gen 1 done [9 ms]
 = <ZL-Module with torsions [ 2 ]>  (27 ms)
  Generators: 1, torsion: [ 2 ]

[4] E^{1,3}_5... = <ZL-Module with torsions [ 2 ]>  (10 ms)
  Generators: 1, torsion: [ 2 ]

--- Layer Majorana: (p=2, q=2, rmax=4) ---
[5] E^{2,2}_2... = <ZL-Module with torsions [ 2 ]>  (0 ms)
  Generators: 1, torsion: [ 2 ]

[6] E^{2,2}_3... = <ZL-Module with torsions [ 2 ]>  (0 ms)
  Generators: 1, torsion: [ 2 ]

[7] E^{2,2}_4... = <ZL-Module with torsions [ 2 ]>  (1 ms)
  Generators: 1, torsion: [ 2 ]

--- Layer Complex fermion: (p=3, q=1, rmax=4) ---
[8] E^{3,1}_2... = <ZL-Module with torsions [ 2 ]>  (0 ms)
  Generators: 1, torsion: [ 2 ]

[9] E^{3,1}_3...    d^{1,2}_2 gen 1/1 (target_dim=1)...
      gen 1 done [0 ms]
 = <ZL-Module with torsions [ 2 ]>  (3 ms)
  Generators: 1, torsion: [ 2 ]

[10] E^{3,1}_4... = <ZL-Module with torsions [ 2 ]>  (1 ms)
  Generators: 1, torsion: [ 2 ]

--- Layer Bosonic: (p=4, q=0, rmax=5) ---
[11] E^{4,0}_2... = <ZL-Module with torsions [ 2 ]>  (2 ms)
  Generators: 1, torsion: [ 2 ]

[12] E^{4,0}_3...    d^{2,1}_2 gen 1/1 (target_dim=1)...
      gen 1 done [1 ms]
 = <ZL-Module with torsions [ 2 ]>  (5 ms)
  Generators: 1, torsion: [ 2 ]

[13] E^{4,0}_4...    d^{1,2}_3 gen 1/1 (target_dim=1)...
      gen 1 done [35 ms]
 = <ZL-Module with torsions [ 2 ]>  (38 ms)
  Generators: 1, torsion: [ 2 ]

[14] E^{4,0}_5... = <ZL-Module with torsions [ 2 ]>  (1 ms)
  Generators: 1, torsion: [ 2 ]

============================================================
Phase A COMPLETE in 114 ms
============================================================

Phase B1: Without p+ip [2,3,4]...
  Expected: Z_8
------------------------------------------------------------
Syntax warning: Unbound global variable in exp_z4ft_s12_diag.g:126
    M1 := SptSetSpecSeqResult(ss, 4, [2,3,4]);;
    ^^
Syntax warning: Unbound global variable in exp_z4ft_s12_diag.g:127
    SptSetFpZModuleCanonicalForm(M1);;
                                 ^^
  Result(deg=4): sequential, pRange=[ 2, 3, 4 ]
    ComponentEx(2,2): 1 generators
    ComponentEx(2,2) class 1/1...
      class 1 done [26 ms]
    p=2: 1 generators [27 ms]
    ComponentEx(3,1): 1 generators
    ComponentEx(3,1) class 1/1...
      class 1 done [14 ms]
    p=3: 1 generators [16 ms]
  >> ModExt: layer [ 2 ] gen 1/1 torsion=2
    extension done [18 ms]
    ComponentEx(4,0): 1 generators
    ComponentEx(4,0) class 1/1...
      class 1 done [0 ms]
    p=4: 1 generators [2 ms]
  >> ModExt: layer [ 2, 3 ] gen 1/1 torsion=4
    extension done [3771 ms]

============================================================
Phase B1 COMPLETE in 3837 ms
Group structure (without p+ip): <ZL-Module with torsions [ 8 ]>
============================================================

Phase B2: With p+ip [1,2,3,4]...
  Expected: Z_16
------------------------------------------------------------
Syntax warning: Unbound global variable in exp_z4ft_s12_diag.g:150
    M2 := SptSetSpecSeqResult(ss, 4, [1,2,3,4]);;
    ^^
Syntax warning: Unbound global variable in exp_z4ft_s12_diag.g:151
    SptSetFpZModuleCanonicalForm(M2);;
                                 ^^
  Result(deg=4): hybrid [p+ip separate, MC/CF/Bos sequential]
    ComponentEx(1,3): 1 generators
    ComponentEx(1,3) class 1/1...
    d^{3,2}_3 gen 1/1 (target_dim=1)...
      gen 1 done [0 ms]
      class 1 done [26 ms]
    p+ip: 1 generators [27 ms]
    ComponentEx(2,2): 1 generators
    ComponentEx(2,2) class 1/1...
      class 1 done [20 ms]
    p=2: 1 generators [21 ms]
    ComponentEx(3,1): 1 generators
    ComponentEx(3,1) class 1/1...
      class 1 done [14 ms]
    p=3: 1 generators [16 ms]
  >> ModExt: layer [ 2 ] gen 1/1 torsion=2
    extension done [17 ms]
    ComponentEx(4,0): 1 generators
    ComponentEx(4,0) class 1/1...
      class 1 done [0 ms]
    p=4: 1 generators [2 ms]
  >> ModExt: layer [ 2, 3 ] gen 1/1 torsion=4
    extension done [3758 ms]
    extending p+ip by MC/CF/Bos module...
  >> ModExt: layer [ 1 ] gen 1/1 torsion=2
    p+ip extension done [10 ms]

============================================================
Phase B2 COMPLETE in 3856 ms
Group structure (with p+ip): <ZL-Module with torsions [ 16 ]>
============================================================

Classification layers (E_inf from cache):
  p+ip: E^{1,3}_inf = <ZL-Module with torsions [ 2 ]>
  Majorana: E^{2,2}_inf = <ZL-Module with torsions [ 2 ]>
  Complex fermion: E^{3,1}_inf = <ZL-Module with torsions [ 2 ]>
  Bosonic: E^{4,0}_inf = <ZL-Module with torsions [ 2 ]>

Total time: Phase A=114ms, Phase B1=3837ms, Phase B2=3856ms, Total=7807ms
=== SptSet Parallel Stats ===
Config: JOBS=10 THRESHOLD=10 PHASE2=true
P1 (MapFromBarCocycle): 0 parallel calls (0ms), 50 sequential calls (7654ms)
P2 (BuildDerivative): 0 calls (0ms), max_m=0
P2b (SpecSeqResult ext): 0 calls (0ms), max_ngens=0
