#I  polymake command not found. Please set POLYMAKE_COMMAND by hand
#I  HAP warning: Set NEATO_PATH manually if needed.
#I  HAP warning: Set DOT_PATH manually if needed.
#I  HAP warning: Set DISPLAY_PATH manually if needed.
#I  HAP warning: Set ASY_PATH manually if needed.
#E  component `License' must be bound to a nonempty string containing an SPDX \
ID
#E  component `ArchiveURL' must be bound to a string started with http://, htt\
ps:// or ftp://
#E  component `ArchiveFormats' must be bound to a string
#E  component `README_URL' must be bound to a string started with http://, htt\
ps:// or ftp://
#E  component `PackageInfoURL' must be bound to a string started with http://,\
 https:// or ftp://
#E  component `AbstractHTML' must be bound to a string
#E  component `PackageWWWHome' must be bound to a string started with http://,\
 https:// or ftp://
#E  component `ArchiveURLSubset' must be bound to a list of strings denoting r\
elative paths to readable files or directories
#E  component `HTMLStart' must be bound to a string denoting a relative path t\
o a readable file
#E  component `PDFFile' must be bound to a string denoting a relative path to \
a readable file
#E  component `LongTitle' must be bound to a string
#E Validation of package sptset from /home/user/xyren/gap-debug/pkg/SptSet/ fa\
iled
================================================================
SG#30 (Pnc2) EZ FULL diagnostic trace
  SptSet loaded from: /home/user/xyren/gap-debug/pkg/SptSet/
  3 checkpoints: Bockstein, CanonicalForm, ZLMapInverse
  Parallel: JOBS=10, PHASE2=true
  Spectral seq: FermionEZSPTSpecSeq (EZ, no w2)
  Resolution: Resolution3DSpaceGroup (match production)
  Phase A: FermionSPTLayersVerbose (q=0..3, no rmax cap)
  Phase B: SptSetSpecSeqResult pRange=[1,2,3,4] (incl. p+ip)
================================================================

All 3 diagnostic checkpoints installed.

Setting up SG#30 (Pnc2) EZ...
  Resolution built: 8294 ms
  Resolution dims: 1 5 12 20 28 36 44 
  Spectral sequence built (EZ, no w2).

========== PHASE A: E-pages ==========

p+ip:
<ZL-Module with torsions [ 2 ]>
    d2^{1,3}_2 gen 1/1 (target_dim=20)...
      gen 1 done [340 ms]
<ZL-Module with torsions [ 2 ]>
    d2^{2,2}_2: 12 gens (target_dim=28) done [parallel, 10 workers, 15217 ms]
    d2^{1,3}_3 gen 1/1 (target_dim=28)...
      gen 1 done [9169 ms]
<ZL-Module []>
    d2^{3,1}_2: 20 gens (target_dim=44) done [parallel, 10 workers, 
1352864 ms]
