#I  polymake command not found. Please set POLYMAKE_COMMAND by hand
#I  HAP warning: Set NEATO_PATH manually if needed.
#I  HAP warning: Set DOT_PATH manually if needed.
#I  HAP warning: Set DISPLAY_PATH manually if needed.
#I  HAP warning: Set ASY_PATH manually if needed.
#E  component `License' must be bound to a nonempty string containing an SPDX \
ID
#E  component `ArchiveURL' must be bound to a string started with http://, htt\
ps:// or ftp://
#E  component `ArchiveFormats' must be bound to a string
#E  component `README_URL' must be bound to a string started with http://, htt\
ps:// or ftp://
#E  component `PackageInfoURL' must be bound to a string started with http://,\
 https:// or ftp://
#E  component `AbstractHTML' must be bound to a string
#E  component `PackageWWWHome' must be bound to a string started with http://,\
 https:// or ftp://
#E  component `ArchiveURLSubset' must be bound to a list of strings denoting r\
elative paths to readable files or directories
#E  component `HTMLStart' must be bound to a string denoting a relative path t\
o a readable file
#E  component `PDFFile' must be bound to a string denoting a relative path to \
a readable file
#E  component `LongTitle' must be bound to a string
#E Validation of package sptset from /home/user/xyren/gap-debug/pkg/SptSet/ fa\
iled
================================================================
SG#36 (Cmc2_1) EZ diagnostic
  SptSet loaded from: /home/user/xyren/gap-debug/pkg/SptSet/
  OK: debug version confirmed.
  Parallel: JOBS=10 THRESHOLD=10 PHASE2=true
  Diagnostics (12 points in lib/ source code):
    Bockstein, ZLMapInverse, CanonicalForm, PurifyClass,
    PartialPurify-stack, PurifyCobdry-stack, PartialPurifySSClass,
    PartialConstruct, BuildDeriv-par, BuildDeriv-seq,
    ClassToLeadVec, ModExt-vjnf
================================================================

Building resolution for SG#36...
  Resolution built in 10131 ms
  Dimensions: 1 5 12 20 28 36 44 52 60 

Building spectral sequence (EZ, spinless)...
  Spectral sequence created.

Phase A: Classification (with p+ip, zero-module early stop)
------------------------------------------------------------
Syntax warning: Unbound global variable in exp_sg36_ez_diag.g:92
                    function(j) return _Erpq!.relations[j][j]; end), "\n\n");;
                                       ^^^^^
--- Layer p+ip: (p=1, q=3, rmax=5) ---
[1] E^{1,3}_2... = <ZL-Module with torsions [ 2 ]>  (42 ms)
  Generators: 1, torsion: [ 2 ]

[2] E^{1,3}_3...    d^{1,3}_2 gen 1/1 (target_dim=20)...
      gen 1 done [205 ms]
 = <ZL-Module []>  (627 ms)
  -> ZERO, skipping higher r for (1,3)

--- Layer Majorana: (p=2, q=2, rmax=4) ---
[3] E^{2,2}_2... = <ZL-Module with torsions [ 2, 2, 2, 2 ]>  (134 ms)
  Generators: 4, torsion: [ 2, 2, 2, 2 ]

[4] E^{2,2}_3...    d^{2,2}_2: 4 gens (target_dim=28) done [parallel, 
10 workers, 3179 ms]
 = <ZL-Module with torsions [ 2 ]>  (4107 ms)
  Generators: 1, torsion: [ 2 ]

[5] E^{2,2}_4...    d^{3,1}_2: 20 gens (target_dim=20) done [parallel, 
10 workers, 472427 ms]
    d^{2,2}_3 gen 1/1 (target_dim=20)...
    d^{4,1}_2: 4 gens (target_dim=24) done [parallel, 10 workers, 1983 ms]
      gen 1 done [804200 ms]
 = <ZL-Module with torsions [ 2 ]>  (1277814 ms)
  Generators: 1, torsion: [ 2 ]

--- Layer Complex fermion: (p=3, q=1, rmax=4) ---
[6] E^{3,1}_2... = <ZL-Module with torsions [ 2, 2, 2, 2 ]>  (73 ms)
  Generators: 4, torsion: [ 2, 2, 2, 2 ]

[7] E^{3,1}_3...    d^{1,2}_2: 5 gens (target_dim=4) done [parallel, 
10 workers, 313 ms]
 = <ZL-Module with torsions [ 2 ]>  (548 ms)
  Generators: 1, torsion: [ 2 ]

[8] E^{3,1}_4... = <ZL-Module with torsions [ 2 ]>  (2 ms)
  Generators: 1, torsion: [ 2 ]

--- Layer Bosonic: (p=4, q=0, rmax=5) ---
[9] E^{4,0}_2... = <ZL-Module with torsions [ 2, 2 ]>  (419 ms)
  Generators: 2, torsion: [ 2, 2 ]

[10] E^{4,0}_3...    d^{2,1}_2: 12 gens (target_dim=2) done [parallel, 
10 workers, 34272 ms]
 = <ZL-Module []>  (34387 ms)
  -> ZERO, skipping higher r for (4,0)

============================================================
Phase A COMPLETE in 1318164 ms
============================================================

Phase B: Computing group structure...
  SptSetSpecSeqResult(SS, 4, [1,2,3,4]) — includes p+ip
------------------------------------------------------------
Syntax warning: Unbound global variable in exp_sg36_ez_diag.g:108
    M := SptSetSpecSeqResult(SS, 4, [1,2,3,4]);;
    ^
Syntax warning: Unbound global variable in exp_sg36_ez_diag.g:109
    SptSetFpZModuleCanonicalForm(M);;
                                 ^
  Result(deg=4): hybrid [p+ip separate, MC/CF/Bos sequential]
    ComponentEx(1,3): 0 generators
    p+ip: trivial [3 ms]
    ComponentEx(2,2): 1 generators
    ComponentEx(2,2) class 1/1...
      class 1 done [2484573 ms]
    p=2: 1 generators [2484575 ms]
    ComponentEx(3,1): 1 generators
    ComponentEx(3,1) class 1/1...
      class 1 done [202975 ms]
    p=3: 1 generators [202977 ms]
  >> ModExt: layer [ 2 ] gen 1/1 torsion=2
    extension done [6739641 ms]
    ComponentEx(4,0): 0 generators
    p=4: trivial [0 ms]
    extension done [2 ms]

============================================================
Phase B COMPLETE in 9427201 ms
Group structure: <ZL-Module with torsions [ 2, 2 ]>
============================================================

Classification layers (E_inf from cache):
  p+ip: E^{1,3}_inf = <ZL-Module []>
  Majorana: E^{2,2}_inf = <ZL-Module with torsions [ 2 ]>
  Complex fermion: E^{3,1}_inf = <ZL-Module with torsions [ 2 ]>
  Bosonic: E^{4,0}_inf = <ZL-Module []>

Total time: Phase A=1318164ms, Phase B=9427201ms, Total=10745365ms
=== SptSet Parallel Stats ===
Config: JOBS=10 THRESHOLD=10 PHASE2=true
P1 (MapFromBarCocycle): 16 parallel calls (10226698ms), 0 sequential calls (
0ms)
P2 (BuildDerivative): 5 calls (512174ms), max_m=20
P2b (SpecSeqResult ext): 0 calls (0ms), max_ngens=0
