#I  polymake command not found. Please set POLYMAKE_COMMAND by hand
#I  HAP warning: Set NEATO_PATH manually if needed.
#I  HAP warning: Set DOT_PATH manually if needed.
#I  HAP warning: Set DISPLAY_PATH manually if needed.
#I  HAP warning: Set ASY_PATH manually if needed.
#E  component `License' must be bound to a nonempty string containing an SPDX \
ID
#E  component `ArchiveURL' must be bound to a string started with http://, htt\
ps:// or ftp://
#E  component `ArchiveFormats' must be bound to a string
#E  component `README_URL' must be bound to a string started with http://, htt\
ps:// or ftp://
#E  component `PackageInfoURL' must be bound to a string started with http://,\
 https:// or ftp://
#E  component `AbstractHTML' must be bound to a string
#E  component `PackageWWWHome' must be bound to a string started with http://,\
 https:// or ftp://
#E  component `ArchiveURLSubset' must be bound to a list of strings denoting r\
elative paths to readable files or directories
#E  component `HTMLStart' must be bound to a string denoting a relative path t\
o a readable file
#E  component `PDFFile' must be bound to a string denoting a relative path to \
a readable file
#E  component `LongTitle' must be bound to a string
#E Validation of package sptset from /home/user/xyren/gap-debug/pkg/SptSet/ fa\
iled
================================================================
SG#42 (Fmm2) EZ diagnostic
  SptSet loaded from: /home/user/xyren/gap-debug/pkg/SptSet/
  OK: debug version confirmed.
  Parallel: JOBS=10 THRESHOLD=10 PHASE2=true
  Diagnostics (12 points in lib/ source code):
    Bockstein, ZLMapInverse, CanonicalForm, PurifyClass,
    PartialPurify-stack, PurifyCobdry-stack, PartialPurifySSClass,
    PartialConstruct, BuildDeriv-par, BuildDeriv-seq,
    ClassToLeadVec, ModExt-vjnf
================================================================

Building resolution for SG#42...
  Resolution built in 15973 ms
  Dimensions: 1 5 12 20 28 36 44 52 60 

Building spectral sequence (EZ, spinless)...
  Spectral sequence created.

Phase A: Classification (with p+ip, zero-module early stop)
------------------------------------------------------------
Syntax warning: Unbound global variable in exp_sg42_ez_diag.g:95
                    function(j) return _Erpq!.relations[j][j]; end), "\n\n");;
                                       ^^^^^
--- Layer p+ip: (p=1, q=3, rmax=5) ---
[1] E^{1,3}_2... = <ZL-Module with torsions [ 2 ]>  (30 ms)
  Generators: 1, torsion: [ 2 ]

[2] E^{1,3}_3...    d^{1,3}_2 gen 1/1 (target_dim=20)...
      gen 1 done [398 ms]
 = <ZL-Module []>  (830 ms)
  -> ZERO, skipping higher r for (1,3)

--- Layer Majorana: (p=2, q=2, rmax=4) ---
[3] E^{2,2}_2... = <ZL-Module with torsions [ 2, 2, 2, 2, 2, 2, 2 ]>  (129 ms)
  Generators: 7, torsion: [ 2, 2, 2, 2, 2, 2, 2 ]

[4] E^{2,2}_3...    d^{2,2}_2: 7 gens (target_dim=28) done [parallel, 
10 workers, 12671 ms]
 = <ZL-Module with torsions [ 2 ]>  (13611 ms)
  Generators: 1, torsion: [ 2 ]

[5] E^{2,2}_4...    d^{3,1}_2: 20 gens (target_dim=20) done [parallel, 
10 workers, 2775682 ms]
    d^{2,2}_3 gen 1/1 (target_dim=20)...
    d^{4,1}_2: 11 gens (target_dim=24) done [parallel, 10 workers, 23247 ms]
      gen 1 done [10709185 ms]
 = <ZL-Module with torsions [ 2 ]>  (13486124 ms)
  Generators: 1, torsion: [ 2 ]

--- Layer Complex fermion: (p=3, q=1, rmax=4) ---
[6] E^{3,1}_2... = <ZL-Module with torsions [ 2, 2, 2, 2, 2, 2, 2, 2, 2 ]>  (
76 ms)
  Generators: 9, torsion: [ 2, 2, 2, 2, 2, 2, 2, 2, 2 ]

[7] E^{3,1}_3...    d^{1,2}_2: 5 gens (target_dim=9) done [parallel, 
10 workers, 483 ms]
 = <ZL-Module []>  (711 ms)
  -> ZERO, skipping higher r for (3,1)

--- Layer Bosonic: (p=4, q=0, rmax=5) ---
[8] E^{4,0}_2... = <ZL-Module with torsions [ 2, 2, 2, 2, 2, 2 ]>  (474 ms)
  Generators: 6, torsion: [ 2, 2, 2, 2, 2, 2 ]

[9] E^{4,0}_3...    d^{2,1}_2: 12 gens (target_dim=6) done [parallel, 
10 workers, 101367 ms]
 = <ZL-Module with torsions [ 2, 2 ]>  (101487 ms)
  Generators: 2, torsion: [ 2, 2 ]

[10] E^{4,0}_4...    d^{1,2}_3: 5 gens (target_dim=2) done [parallel, 
10 workers, 623647 ms]
 = <ZL-Module with torsions [ 2, 2 ]>  (623667 ms)
  Generators: 2, torsion: [ 2, 2 ]

[11] E^{4,0}_5... = <ZL-Module with torsions [ 2, 2 ]>  (3 ms)
  Generators: 2, torsion: [ 2, 2 ]

============================================================
Phase A COMPLETE in 14227155 ms
============================================================

Phase B: Computing group structure...
  SptSetSpecSeqResult(SS, 4, [1,2,3,4]) — includes p+ip
------------------------------------------------------------
Syntax warning: Unbound global variable in exp_sg42_ez_diag.g:111
    M := SptSetSpecSeqResult(SS, 4, [1,2,3,4]);;
    ^
Syntax warning: Unbound global variable in exp_sg42_ez_diag.g:112
    SptSetFpZModuleCanonicalForm(M);;
                                 ^
  Result(deg=4): hybrid [p+ip separate, MC/CF/Bos sequential]
    ComponentEx(1,3): 0 generators
    p+ip: trivial [2 ms]
    ComponentEx(2,2): 1 generators
    ComponentEx(2,2) class 1/1...
      class 1 done [32544792 ms]
    p=2: 1 generators [32544794 ms]
    ComponentEx(3,1): 0 generators
    p=3: trivial [0 ms]
    extension done [1 ms]
    ComponentEx(4,0): 2 generators
    ComponentEx(4,0) class 1/2...
      class 1 done [232 ms]
    ComponentEx(4,0) class 2/2...
      class 2 done [232 ms]
    p=4: 2 generators [467 ms]
  >> ModExt: layer [ 2, 3 ] gen 1/1 torsion=2
    extension done [33676320 ms]

============================================================
Phase B COMPLETE in 66221590 ms
Group structure: <ZL-Module with torsions [ 2, 2, 2 ]>
============================================================

Classification layers (E_inf from cache):
  p+ip: E^{1,3}_inf = <ZL-Module []>
  Majorana: E^{2,2}_inf = <ZL-Module with torsions [ 2 ]>
  Complex fermion: E^{3,1}_inf = <ZL-Module []>
  Bosonic: E^{4,0}_inf = <ZL-Module with torsions [ 2, 2 ]>

Total time: Phase A=14227155ms, Phase B=66221590ms, Total=80448745ms
=== SptSet Parallel Stats ===
Config: JOBS=10 THRESHOLD=10 PHASE2=true
P1 (MapFromBarCocycle): 15 parallel calls (76904320ms), 0 sequential calls (
0ms)
P2 (BuildDerivative): 6 calls (3537096ms), max_m=20
P2b (SpecSeqResult ext): 0 calls (0ms), max_ngens=0
