Warning: no access to tty (Bad file descriptor).
Thus no job control in this shell.
=== SG#106 EZ Diagnostic Job ===
Host: n11.local
Date: Sun May 17 15:28:21 HKT 2026

#I  polymake command not found. Please set POLYMAKE_COMMAND by hand
#I  HAP warning: Set DISPLAY_PATH manually if needed.
#I  HAP warning: Set BROWSER_PATH manually if needed.
#I  HAP warning: Set ASY_PATH manually if needed.
#E  component `License' must be bound to a nonempty string containing an SPDX \
ID
#E  component `ArchiveURL' must be bound to a string started with http://, htt\
ps:// or ftp://
#E  component `ArchiveFormats' must be bound to a string
#E  component `README_URL' must be bound to a string started with http://, htt\
ps:// or ftp://
#E  component `PackageInfoURL' must be bound to a string started with http://,\
 https:// or ftp://
#E  component `AbstractHTML' must be bound to a string
#E  component `PackageWWWHome' must be bound to a string started with http://,\
 https:// or ftp://
#E  component `ArchiveURLSubset' must be bound to a list of strings denoting r\
elative paths to readable files or directories
#E  component `HTMLStart' must be bound to a string denoting a relative path t\
o a readable file
#E  component `PDFFile' must be bound to a string denoting a relative path to \
a readable file
#E  component `LongTitle' must be bound to a string
#E Validation of package sptset from /home/user/xyren/gap-debug/pkg/SptSet/ fa\
iled
================================================================
SG#106 (P4₂bc) EZ diagnostic
  SptSet loaded from: /home/user/xyren/gap-debug/pkg/SptSet/
  OK: debug version confirmed.
  Parallel: JOBS=26 THRESHOLD=10 PHASE2=true
  Diagnostics (12 points in lib/ source code):
    Bockstein, ZLMapInverse, CanonicalForm, PurifyClass,
    PartialPurify-stack, PurifyCobdry-stack, PartialPurifySSClass,
    PartialConstruct, BuildDeriv-par, BuildDeriv-seq,
    ClassToLeadVec, ModExt-vjnf
================================================================

Building resolution for SG#106...
  Resolution built in 462631 ms
  Dimensions: 1 6 18 37 60 84 108 132 156 

Building spectral sequence (EZ, spinless)...
  Spectral sequence created.

Phase A: Classification (with p+ip, zero-module early stop)
------------------------------------------------------------
--- Layer p+ip: (p=1, q=3, rmax=5) ---
[1] E^{1,3}_2... = <ZL-Module with torsions [ 2 ]>  (46 ms)
  Generators: 1, torsion: [ 2 ]

[2] E^{1,3}_3...    d^{1,3}_2 gen 1/1 (target_dim=37)...
      gen 1 done [1199 ms]
 = <ZL-Module with torsions [ 2 ]>  (3489 ms)
  Generators: 1, torsion: [ 2 ]

[3] E^{1,3}_4...    d^{2,2}_2: 18 gens (target_dim=60) done [parallel, 
26 workers, 214209 ms]
    d^{4,1}_2: 60 gens (target_dim=60) done [parallel, 26 workers, 4559323 ms]
    d^{1,3}_3 gen 1/1 (target_dim=60)...
    d^{3,2}_2: 4 gens (target_dim=84) done [parallel, 26 workers, 16947 ms]
      gen 1 done [1027422 ms]
 = <ZL-Module with torsions [ 2 ]>  (5833147 ms)
  Generators: 1, torsion: [ 2 ]

[4] E^{1,3}_5...    d^{3,1}_2: 37 gens (target_dim=48) done [parallel, 
26 workers, 369087223 ms]
Terminated
