Warning: no access to tty (Bad file descriptor).
Thus no job control in this shell.
=== SG#100 EZ Diagnostic [CHECKPOINT] ===
Host: n07.local
Date: Wed Jun 10 21:12:13 HKT 2026
Fresh start...
#I  polymake command not found. Please set POLYMAKE_COMMAND by hand
#I  HAP warning: Set DISPLAY_PATH manually if needed.
#I  HAP warning: Set BROWSER_PATH manually if needed.
#I  HAP warning: Set ASY_PATH manually if needed.
#E  component `License' must be bound to a nonempty string containing an SPDX \
ID
#E  component `ArchiveURL' must be bound to a string started with http://, htt\
ps:// or ftp://
#E  component `ArchiveFormats' must be bound to a string
#E  component `README_URL' must be bound to a string started with http://, htt\
ps:// or ftp://
#E  component `PackageInfoURL' must be bound to a string started with http://,\
 https:// or ftp://
#E  component `AbstractHTML' must be bound to a string
#E  component `PackageWWWHome' must be bound to a string started with http://,\
 https:// or ftp://
#E  component `ArchiveURLSubset' must be bound to a list of strings denoting r\
elative paths to readable files or directories
#E  component `HTMLStart' must be bound to a string denoting a relative path t\
o a readable file
#E  component `PDFFile' must be bound to a string denoting a relative path to \
a readable file
#E  component `LongTitle' must be bound to a string
#E Validation of package sptset from /home/user/xyren/gap-debug/pkg/SptSet/ fa\
iled
================================================================
SG#100 (P4bm) EZ diagnostic [CHECKPOINT ENABLED]
  SptSet loaded from: /home/user/xyren/gap-debug/pkg/SptSet/
  OK: debug version confirmed.
  Parallel: JOBS=26 THRESHOLD=10 PHASE2=true
================================================================

Building resolution for SG#100...
  Resolution built in 161422 ms
  Dimensions: 1 6 18 37 60 84 108 132 156 

Building spectral sequence (EZ, spinless)...
  Spectral sequence created.

Phase A: Classification
------------------------------------------------------------
[1] E^{1,3}_2... = <ZL-Module with torsions [ 2 ]>  (41 ms)
  Generators: 1, torsion: [ 2 ]

  [ckpt save #1]... done.
[2] E^{1,3}_3...    d^{1,3}_2 gen 1/1 (target_dim=37)...
      gen 1 done [746 ms]
 = <ZL-Module []>  (2979 ms)
  -> ZERO, skipping higher r

  [ckpt save #2]... done.
[3] E^{2,2}_2... = <ZL-Module with torsions [ 2, 2, 2, 2, 2 ]>  (364 ms)
  Generators: 5, torsion: [ 2, 2, 2, 2, 2 ]

  [ckpt save #3]... done.
[4] E^{2,2}_3...    d^{2,2}_2: 5 gens (target_dim=60) done [parallel, 
26 workers, 61413 ms]
 = <ZL-Module with torsions [ 2 ]>  (69451 ms)
  Generators: 1, torsion: [ 2 ]

  [ckpt save #4]... done.
[5] E^{2,2}_4...    d^{3,1}_2: 37 gens (target_dim=48) done [parallel, 
26 workers, 116924859 ms]
    d^{2,2}_3 gen 1/1 (target_dim=48)...
    d^{4,1}_2: 9 gens (target_dim=60) done [parallel, 26 workers, 152541 ms]
      gen 1 done [237661701 ms]
 = <ZL-Module with torsions [ 2 ]>  (354599855 ms)
  Generators: 1, torsion: [ 2 ]

  [ckpt save #5]... done.
[6] E^{3,1}_2... = <ZL-Module with torsions [ 2, 2, 2, 2, 2, 2, 2 ]>  (247 ms)
  Generators: 7, torsion: [ 2, 2, 2, 2, 2, 2, 2 ]

  [ckpt save #6]... done.
[7] E^{3,1}_3...    d^{1,2}_2: 6 gens (target_dim=7) done [parallel, 
26 workers, 701 ms]
 = <ZL-Module with torsions [ 2 ]>  (2089 ms)
  Generators: 1, torsion: [ 2 ]

  [ckpt save #7]... done.
[8] E^{3,1}_4... = <ZL-Module with torsions [ 2 ]>  (1 ms)
  Generators: 1, torsion: [ 2 ]

  [ckpt save #8]... done.
[9] E^{4,0}_2... = <ZL-Module with torsions [ 2, 2, 2, 2, 4 ]>  (3675 ms)
  Generators: 5, torsion: [ 2, 2, 2, 2, 4 ]

  [ckpt save #9]... done.
[10] E^{4,0}_3...    d^{2,1}_2: 18 gens (target_dim=5) done [parallel, 
26 workers, 391869 ms]
 = <ZL-Module with torsions [ 2, 2, 4 ]>  (392209 ms)
  Generators: 3, torsion: [ 2, 2, 4 ]

  [ckpt save #10]... done.
[11] E^{4,0}_4...    d^{1,2}_3: 6 gens (target_dim=3) done [parallel, 
26 workers, 4929055 ms]
 = <ZL-Module with torsions [ 2, 2, 4 ]>  (4929073 ms)
  Generators: 3, torsion: [ 2, 2, 4 ]

  [ckpt save #11]... done.
[12] E^{4,0}_5... = <ZL-Module with torsions [ 2, 2, 4 ]>  (2 ms)
  Generators: 3, torsion: [ 2, 2, 4 ]

  [ckpt save #12]... done.
============================================================
Phase A COMPLETE in 360039694 ms
============================================================

Phase B: Computing group structure...
  SptSetSpecSeqResult(SS, 4, [1,2,3,4])
------------------------------------------------------------
  Result(deg=4): hybrid [p+ip separate, MC/CF/Bos sequential]
    ComponentEx(1,3): 0 generators
    p+ip: trivial [3 ms]
    ComponentEx(2,2): 1 generators
    ComponentEx(2,2) class 1/1...
      class 1 done [718581795 ms]
    p=2: 1 generators [718581797 ms]
    ComponentEx(3,1): 1 generators
    ComponentEx(3,1) class 1/1...
      class 1 done [15792596 ms]
    p=3: 1 generators [15792597 ms]
  >> ModExt: layer [ 2 ] gen 1/1 torsion=2
    extension done [83029490 ms]
    ComponentEx(4,0): 3 generators
    ComponentEx(4,0) class 1/3...
      class 1 done [1355 ms]
    ComponentEx(4,0) class 2/3...
      class 2 done [1355 ms]
    ComponentEx(4,0) class 3/3...
      class 3 done [1354 ms]
    p=4: 3 generators [4068 ms]
  >> ModExt: layer [ 2, 3 ] gen 1/2 torsion=2
  >> ModExt: layer [ 2, 3 ] gen 2/2 torsion=2
    extension done [178131343 ms]

============================================================
Phase B COMPLETE in 995539302 ms
Group structure: <ZL-Module with torsions [ 2, 2, 2, 8 ]>
============================================================

[ckpt save — ALL DONE]
Classification layers (E_inf from cache):
  p+ip: E^{1,3}_inf = <ZL-Module []>
  Majorana: E^{2,2}_inf = <ZL-Module with torsions [ 2 ]>
  Complex fermion: E^{3,1}_inf = <ZL-Module with torsions [ 2 ]>
  Bosonic: E^{4,0}_inf = <ZL-Module with torsions [ 2, 2, 4 ]>

Total time: Phase A=360039694ms, Phase B=995539302ms, Total=1355578996ms
=== SptSet Parallel Stats ===
Config: JOBS=26 THRESHOLD=10 PHASE2=true
P1 (MapFromBarCocycle): 22 parallel calls (1233014027ms), 0 sequential calls (
0ms)
P2 (BuildDerivative): 6 calls (122460438ms), max_m=37
P2b (SpecSeqResult ext): 0 calls (0ms), max_ngens=0
=== Exit: 0 ===
=== End: Fri Jun 26 13:48:18 HKT 2026 ===
